Archive member included to satisfy reference by file (symbol)

/usr/lib/gcc/arm-none-eabi/7.3.1/thumb/v7-m/libgcc.a(_aeabi_uldivmod.o)
                              app/src/lcd.o (__aeabi_uldivmod)
/usr/lib/gcc/arm-none-eabi/7.3.1/thumb/v7-m/libgcc.a(_udivmoddi4.o)
                              /usr/lib/gcc/arm-none-eabi/7.3.1/thumb/v7-m/libgcc.a(_aeabi_uldivmod.o) (__udivmoddi4)
/usr/lib/gcc/arm-none-eabi/7.3.1/thumb/v7-m/libgcc.a(_dvmd_tls.o)
                              /usr/lib/gcc/arm-none-eabi/7.3.1/thumb/v7-m/libgcc.a(_aeabi_uldivmod.o) (__aeabi_ldiv0)
/usr/lib/gcc/arm-none-eabi/7.3.1/../../../arm-none-eabi/lib/thumb/v7-m/libc.a(lib_a-atexit.o)
                              /usr/lib/gcc/arm-none-eabi/7.3.1/../../../arm-none-eabi/lib/thumb/v7-m/crt0.o (atexit)
/usr/lib/gcc/arm-none-eabi/7.3.1/../../../arm-none-eabi/lib/thumb/v7-m/libc.a(lib_a-exit.o)
                              /usr/lib/gcc/arm-none-eabi/7.3.1/../../../arm-none-eabi/lib/thumb/v7-m/crt0.o (exit)
/usr/lib/gcc/arm-none-eabi/7.3.1/../../../arm-none-eabi/lib/thumb/v7-m/libc.a(lib_a-fini.o)
                              /usr/lib/gcc/arm-none-eabi/7.3.1/../../../arm-none-eabi/lib/thumb/v7-m/crt0.o (__libc_fini_array)
/usr/lib/gcc/arm-none-eabi/7.3.1/../../../arm-none-eabi/lib/thumb/v7-m/libc.a(lib_a-impure.o)
                              /usr/lib/gcc/arm-none-eabi/7.3.1/../../../arm-none-eabi/lib/thumb/v7-m/libc.a(lib_a-exit.o) (_global_impure_ptr)
/usr/lib/gcc/arm-none-eabi/7.3.1/../../../arm-none-eabi/lib/thumb/v7-m/libc.a(lib_a-init.o)
                              /usr/lib/gcc/arm-none-eabi/7.3.1/../../../arm-none-eabi/lib/thumb/v7-m/crt0.o (__libc_init_array)
/usr/lib/gcc/arm-none-eabi/7.3.1/../../../arm-none-eabi/lib/thumb/v7-m/libc.a(lib_a-iprintf.o)
                              asf/sam/drivers/adc/adc.o (iprintf)
/usr/lib/gcc/arm-none-eabi/7.3.1/../../../arm-none-eabi/lib/thumb/v7-m/libc.a(lib_a-memset.o)
                              /usr/lib/gcc/arm-none-eabi/7.3.1/../../../arm-none-eabi/lib/thumb/v7-m/crt0.o (memset)
/usr/lib/gcc/arm-none-eabi/7.3.1/../../../arm-none-eabi/lib/thumb/v7-m/libc.a(lib_a-puts.o)
                              asf/sam/drivers/adc/adc.o (puts)
/usr/lib/gcc/arm-none-eabi/7.3.1/../../../arm-none-eabi/lib/thumb/v7-m/libc.a(lib_a-sprintf.o)
                              app/src/lcd.o (sprintf)
/usr/lib/gcc/arm-none-eabi/7.3.1/../../../arm-none-eabi/lib/thumb/v7-m/libc.a(lib_a-strlen-stub.o)
                              /usr/lib/gcc/arm-none-eabi/7.3.1/../../../arm-none-eabi/lib/thumb/v7-m/libc.a(lib_a-puts.o) (strlen)
/usr/lib/gcc/arm-none-eabi/7.3.1/../../../arm-none-eabi/lib/thumb/v7-m/libc.a(lib_a-svfprintf.o)
                              /usr/lib/gcc/arm-none-eabi/7.3.1/../../../arm-none-eabi/lib/thumb/v7-m/libc.a(lib_a-sprintf.o) (_svfprintf_r)
/usr/lib/gcc/arm-none-eabi/7.3.1/../../../arm-none-eabi/lib/thumb/v7-m/libc.a(lib_a-vfiprintf.o)
                              /usr/lib/gcc/arm-none-eabi/7.3.1/../../../arm-none-eabi/lib/thumb/v7-m/libc.a(lib_a-iprintf.o) (_vfiprintf_r)
/usr/lib/gcc/arm-none-eabi/7.3.1/../../../arm-none-eabi/lib/thumb/v7-m/libc.a(lib_a-wsetup.o)
                              /usr/lib/gcc/arm-none-eabi/7.3.1/../../../arm-none-eabi/lib/thumb/v7-m/libc.a(lib_a-vfiprintf.o) (__swsetup_r)
/usr/lib/gcc/arm-none-eabi/7.3.1/../../../arm-none-eabi/lib/thumb/v7-m/libc.a(lib_a-__atexit.o)
                              /usr/lib/gcc/arm-none-eabi/7.3.1/../../../arm-none-eabi/lib/thumb/v7-m/libc.a(lib_a-atexit.o) (__register_exitproc)
/usr/lib/gcc/arm-none-eabi/7.3.1/../../../arm-none-eabi/lib/thumb/v7-m/libc.a(lib_a-__call_atexit.o)
                              /usr/lib/gcc/arm-none-eabi/7.3.1/../../../arm-none-eabi/lib/thumb/v7-m/libc.a(lib_a-exit.o) (__call_exitprocs)
/usr/lib/gcc/arm-none-eabi/7.3.1/../../../arm-none-eabi/lib/thumb/v7-m/libc.a(lib_a-dtoa.o)
                              /usr/lib/gcc/arm-none-eabi/7.3.1/../../../arm-none-eabi/lib/thumb/v7-m/libc.a(lib_a-svfprintf.o) (_dtoa_r)
/usr/lib/gcc/arm-none-eabi/7.3.1/../../../arm-none-eabi/lib/thumb/v7-m/libc.a(lib_a-fflush.o)
                              /usr/lib/gcc/arm-none-eabi/7.3.1/../../../arm-none-eabi/lib/thumb/v7-m/libc.a(lib_a-vfiprintf.o) (_fflush_r)
/usr/lib/gcc/arm-none-eabi/7.3.1/../../../arm-none-eabi/lib/thumb/v7-m/libc.a(lib_a-findfp.o)
                              /usr/lib/gcc/arm-none-eabi/7.3.1/../../../arm-none-eabi/lib/thumb/v7-m/libc.a(lib_a-puts.o) (__sinit)
/usr/lib/gcc/arm-none-eabi/7.3.1/../../../arm-none-eabi/lib/thumb/v7-m/libc.a(lib_a-fputwc.o)
                              /usr/lib/gcc/arm-none-eabi/7.3.1/../../../arm-none-eabi/lib/thumb/v7-m/libc.a(lib_a-vfiprintf.o) (_fputwc_r)
/usr/lib/gcc/arm-none-eabi/7.3.1/../../../arm-none-eabi/lib/thumb/v7-m/libc.a(lib_a-freer.o)
                              /usr/lib/gcc/arm-none-eabi/7.3.1/../../../arm-none-eabi/lib/thumb/v7-m/libc.a(lib_a-wsetup.o) (_free_r)
[...]
Memory Configuration

Name             Origin             Length             Attributes
rom              0x0000000000080000 0x0000000000080000 xr
sram0            0x0000000020000000 0x0000000000010000 xrw
sram1            0x0000000020080000 0x0000000000008000 xrw
ram              0x0000000020070000 0x0000000000018000 xrw
*default*        0x0000000000000000 0xffffffffffffffff

Linker script and memory map

LOAD /usr/lib/gcc/arm-none-eabi/7.3.1/thumb/v7-m/crti.o
LOAD /usr/lib/gcc/arm-none-eabi/7.3.1/thumb/v7-m/crtbegin.o
LOAD /usr/lib/gcc/arm-none-eabi/7.3.1/../../../arm-none-eabi/lib/thumb/v7-m/crt0.o
                0x0000000000002000                __stack_size__ = DEFINED (__stack_size__)?__stack_size__:0x2000
                0x0000000020087ffc                __ram_end__ = ((ORIGIN (ram) + LENGTH (ram)) - 0x4)

.text           0x0000000000080000     0x7354
                0x0000000000080000                . = ALIGN (0x4)
                0x0000000000080000                _sfixed = .
 *(.vectors .vectors.*)
 .vectors       0x0000000000080000       0xf4 asf/sam/utils/cmsis/sam3x/source/templates/gcc/startup_sam3x.o
                0x0000000000080000                exception_table
 *(.text .text.* .gnu.linkonce.t.*)
 .text          0x00000000000800f4       0x88 /usr/lib/gcc/arm-none-eabi/7.3.1/thumb/v7-m/crtbegin.o
 .text.osc_get_rate
                0x000000000008017c       0x74 app/src/lcd.o
 .text.sysclk_get_main_hz
                0x00000000000801f0       0x18 app/src/lcd.o
 .text.sysclk_get_cpu_hz
                0x0000000000080208       0x10 app/src/lcd.o
 .text.sysclk_enable_peripheral_clock
                0x0000000000080218       0x16 app/src/lcd.o
 .text.ioport_init
                0x000000000008022e       0x20 app/src/lcd.o
 .text.ioport_set_pin_dir
                0x000000000008024e       0x86 app/src/lcd.o
 .text.ioport_set_pin_level
                0x00000000000802d4       0x6a app/src/lcd.o
 .text.ioport_get_pin_level
                0x000000000008033e       0x4e app/src/lcd.o
 *fill*         0x000000000008038c        0x4 
 .text.busy     0x0000000000080390      0x164 app/src/lcd.o
                0x0000000000080390                busy
 *fill*         0x00000000000804f4        0x4 
 .text.lcd_write_high
                0x00000000000804f8       0xf4 app/src/lcd.o
                0x00000000000804f8                lcd_write_high
 *fill*         0x00000000000805ec        0x4 
 .text.lcd_write_low
                0x00000000000805f0       0xfc app/src/lcd.o
                0x00000000000805f0                lcd_write_low
 .text.lcd_write_half_comm
                0x00000000000806ec       0x22 app/src/lcd.o
                0x00000000000806ec                lcd_write_half_comm
 .text.lcd_write_comm
                0x000000000008070e       0x22 app/src/lcd.o
                0x000000000008070e                lcd_write_comm
 .text.lcd_write_data
                0x0000000000080730       0x2a app/src/lcd.o
                0x0000000000080730                lcd_write_data
 *fill*         0x000000000008075a        0x6 
 .text.lcd_init
                0x0000000000080760      0x26c app/src/lcd.o
                0x0000000000080760                lcd_init
 .text.lcd_driver
                0x00000000000809cc       0x60 app/src/lcd.o
                0x00000000000809cc                lcd_driver
 .text.sysclk_enable_peripheral_clock
                0x0000000000080a2c       0x16 app/src/bord.o
 .text.ioport_init
                0x0000000000080a42       0x20 app/src/bord.o
 .text.ioport_enable_pin
                0x0000000000080a62       0x48 app/src/bord.o
 .text.ioport_set_pin_mode
                0x0000000000080aaa       0xd8 app/src/bord.o
 .text.ioport_set_pin_dir
                0x0000000000080b82       0x86 app/src/bord.o
 .text.ioport_set_pin_level
                0x0000000000080c08       0x6a app/src/bord.o
 .text.ioport_get_pin_level
                0x0000000000080c72       0x4e app/src/bord.o
 .text.bord_init
                0x0000000000080cc0       0xfc app/src/bord.o
                0x0000000000080cc0                bord_init
 .text.get_button_press
                0x0000000000080dbc       0xe8 app/src/bord.o
                0x0000000000080dbc                get_button_press
 .text.timer_init
                0x0000000000080ea4       0x54 app/src/bord.o
                0x0000000000080ea4                timer_init
 .text.NVIC_EnableIRQ
                0x0000000000080ef8       0x30 app/src/main.o
 .text.sysclk_enable_peripheral_clock
                0x0000000000080f28       0x16 app/src/main.o
 *fill*         0x0000000000080f3e        0x2 
 .text.main     0x0000000000080f40      0x124 app/src/main.o
                0x0000000000080f40                main
 .text.TC0_Handler
                0x0000000000081064       0x48 app/src/main.o
                0x0000000000081064                TC0_Handler
 .text.SystemCoreClockUpdate
                0x00000000000810ac      0x180 asf/sam/utils/cmsis/sam3x/source/templates/system_sam3x.o
                0x00000000000810ac                SystemCoreClockUpdate
 .text.Dummy_Handler
                0x000000000008122c        0x6 asf/sam/utils/cmsis/sam3x/source/templates/exceptions.o
                0x000000000008122c                DACC_Handler
                0x000000000008122c                DebugMon_Handler
                0x000000000008122c                DMAC_Handler
                0x000000000008122c                TRNG_Handler
                0x000000000008122c                HardFault_Handler
                0x000000000008122c                TC2_Handler
                0x000000000008122c                SysTick_Handler
                0x000000000008122c                USART3_Handler
                0x000000000008122c                TWI1_Handler
                0x000000000008122c                PendSV_Handler
                0x000000000008122c                NMI_Handler
                0x000000000008122c                TC7_Handler
                0x000000000008122c                ADC_Handler
                0x000000000008122c                SMC_Handler
                0x000000000008122c                USART0_Handler
                0x000000000008122c                RTT_Handler
                0x000000000008122c                EFC1_Handler
                0x000000000008122c                PIOB_Handler
                0x000000000008122c                RTC_Handler
                0x000000000008122c                UsageFault_Handler
                0x000000000008122c                TC6_Handler
                0x000000000008122c                WDT_Handler
                0x000000000008122c                CAN0_Handler
                0x000000000008122c                TC4_Handler
                0x000000000008122c                TC1_Handler
                0x000000000008122c                HSMCI_Handler
                0x000000000008122c                TC3_Handler
                0x000000000008122c                Dummy_Handler
                0x000000000008122c                TWI0_Handler
                0x000000000008122c                USART1_Handler
                0x000000000008122c                PIOA_Handler
                0x000000000008122c                SSC_Handler
                0x000000000008122c                EFC0_Handler
                0x000000000008122c                PMC_Handler
                0x000000000008122c                PWM_Handler
                0x000000000008122c                CAN1_Handler
                0x000000000008122c                MemManage_Handler
                0x000000000008122c                SUPC_Handler
                0x000000000008122c                SVC_Handler
                0x000000000008122c                TC8_Handler
                0x000000000008122c                USART2_Handler
                0x000000000008122c                PIOD_Handler
                0x000000000008122c                EMAC_Handler
                0x000000000008122c                UART_Handler
                0x000000000008122c                PIOC_Handler
                0x000000000008122c                BusFault_Handler
                0x000000000008122c                RSTC_Handler
                0x000000000008122c                TC5_Handler
                0x000000000008122c                UOTGHS_Handler
                0x000000000008122c                SPI0_Handler
 *fill*         0x0000000000081232        0x2 
 .text.Reset_Handler
                0x0000000000081234       0xa0 asf/sam/utils/cmsis/sam3x/source/templates/gcc/startup_sam3x.o
                0x0000000000081234                Reset_Handler
 .text.osc_enable
                0x00000000000812d4       0x7c asf/common/services/clock/sam3x/sysclk.o
 .text.osc_is_ready
                0x0000000000081350       0x68 asf/common/services/clock/sam3x/sysclk.o
 .text.osc_get_rate
                0x00000000000813b8       0x74 asf/common/services/clock/sam3x/sysclk.o
 .text.osc_wait_ready
                0x000000000008142c       0x28 asf/common/services/clock/sam3x/sysclk.o
 .text.pll_config_init
                0x0000000000081454       0x68 asf/common/services/clock/sam3x/sysclk.o
 .text.pll_enable
                0x00000000000814bc       0x3c asf/common/services/clock/sam3x/sysclk.o
 .text.pll_is_locked
                0x00000000000814f8       0x24 asf/common/services/clock/sam3x/sysclk.o
 .text.pll_enable_source
                0x000000000008151c       0x2e asf/common/services/clock/sam3x/sysclk.o
 .text.pll_wait_for_lock
                0x000000000008154a       0x20 asf/common/services/clock/sam3x/sysclk.o
 .text.sysclk_get_main_hz
                0x000000000008156a       0x18 asf/common/services/clock/sam3x/sysclk.o
 .text.sysclk_get_cpu_hz
                0x0000000000081582       0x10 asf/common/services/clock/sam3x/sysclk.o
 *fill*         0x0000000000081592        0x2 
 .text.sysclk_init
                0x0000000000081594       0x50 asf/common/services/clock/sam3x/sysclk.o
                0x0000000000081594                sysclk_init
 .text._sbrk    0x00000000000815e4       0x58 asf/sam/utils/syscalls/gcc/syscalls.o
                0x00000000000815e4                _sbrk
 .text.pmc_switch_mck_to_pllack
                0x000000000008163c       0x80 asf/sam/drivers/pmc/pmc.o
                0x000000000008163c                pmc_switch_mck_to_pllack
 .text.pmc_switch_sclk_to_32kxtal
                0x00000000000816bc       0x38 asf/sam/drivers/pmc/pmc.o
                0x00000000000816bc                pmc_switch_sclk_to_32kxtal
 .text.pmc_osc_is_ready_32kxtal
                0x00000000000816f4       0x34 asf/sam/drivers/pmc/pmc.o
                0x00000000000816f4                pmc_osc_is_ready_32kxtal
 .text.pmc_switch_mainck_to_fastrc
                0x0000000000081728       0x70 asf/sam/drivers/pmc/pmc.o
                0x0000000000081728                pmc_switch_mainck_to_fastrc
 .text.pmc_switch_mainck_to_xtal
                0x0000000000081798       0x78 asf/sam/drivers/pmc/pmc.o
                0x0000000000081798                pmc_switch_mainck_to_xtal
 .text.pmc_osc_is_ready_mainck
                0x0000000000081810       0x18 asf/sam/drivers/pmc/pmc.o
                0x0000000000081810                pmc_osc_is_ready_mainck
 .text.pmc_disable_pllack
                0x0000000000081828       0x18 asf/sam/drivers/pmc/pmc.o
                0x0000000000081828                pmc_disable_pllack
 .text.pmc_is_locked_pllack
                0x0000000000081840       0x18 asf/sam/drivers/pmc/pmc.o
                0x0000000000081840                pmc_is_locked_pllack
 .text.pmc_is_locked_upll
                0x0000000000081858       0x18 asf/sam/drivers/pmc/pmc.o
                0x0000000000081858                pmc_is_locked_upll
 .text.pmc_enable_periph_clk
                0x0000000000081870       0x7c asf/sam/drivers/pmc/pmc.o
                0x0000000000081870                pmc_enable_periph_clk
 .text.pio_set_peripheral
                0x00000000000818ec       0x7e asf/sam/drivers/pio/pio.o
                0x00000000000818ec                pio_set_peripheral
 .text.tc_init  0x000000000008196a       0x38 asf/sam/drivers/tc/tc.o
                0x000000000008196a                tc_init
 .text.tc_start
                0x00000000000819a2       0x20 asf/sam/drivers/tc/tc.o
                0x00000000000819a2                tc_start
 .text.tc_write_ra
                0x00000000000819c2       0x24 asf/sam/drivers/tc/tc.o
                0x00000000000819c2                tc_write_ra
 .text.tc_write_rb
                0x00000000000819e6       0x24 asf/sam/drivers/tc/tc.o
                0x00000000000819e6                tc_write_rb
 .text.tc_write_rc
                0x0000000000081a0a       0x24 asf/sam/drivers/tc/tc.o
                0x0000000000081a0a                tc_write_rc
 .text.tc_enable_interrupt
                0x0000000000081a2e       0x26 asf/sam/drivers/tc/tc.o
                0x0000000000081a2e                tc_enable_interrupt
 .text.tc_get_status
                0x0000000000081a54       0x22 asf/sam/drivers/tc/tc.o
                0x0000000000081a54                tc_get_status
 *fill*         0x0000000000081a76        0x2 
 .text          0x0000000000081a78       0x30 /usr/lib/gcc/arm-none-eabi/7.3.1/thumb/v7-m/libgcc.a(_aeabi_uldivmod.o)
                0x0000000000081a78                __aeabi_uldivmod
 .text          0x0000000000081aa8      0x2d0 /usr/lib/gcc/arm-none-eabi/7.3.1/thumb/v7-m/libgcc.a(_udivmoddi4.o)
                0x0000000000081aa8                __udivmoddi4
 .text          0x0000000000081d78        0x4 /usr/lib/gcc/arm-none-eabi/7.3.1/thumb/v7-m/libgcc.a(_dvmd_tls.o)
                0x0000000000081d78                __aeabi_ldiv0
                0x0000000000081d78                __aeabi_idiv0
 .text          0x0000000000081d7c        0xc /usr/lib/gcc/arm-none-eabi/7.3.1/../../../arm-none-eabi/lib/thumb/v7-m/libc.a(lib_a-atexit.o)
                0x0000000000081d7c                atexit
 .text          0x0000000000081d88       0x34 /usr/lib/gcc/arm-none-eabi/7.3.1/../../../arm-none-eabi/lib/thumb/v7-m/libc.a(lib_a-fini.o)
                0x0000000000081d88                __libc_fini_array
 .text          0x0000000000081dbc       0x48 /usr/lib/gcc/arm-none-eabi/7.3.1/../../../arm-none-eabi/lib/thumb/v7-m/libc.a(lib_a-init.o)
                0x0000000000081dbc                __libc_init_array
 .text          0x0000000000081e04       0x94 /usr/lib/gcc/arm-none-eabi/7.3.1/../../../arm-none-eabi/lib/thumb/v7-m/libc.a(lib_a-memset.o)
                0x0000000000081e04                memset
 .text          0x0000000000081e98       0x80 /usr/lib/gcc/arm-none-eabi/7.3.1/../../../arm-none-eabi/lib/thumb/v7-m/libc.a(lib_a-sprintf.o)
                0x0000000000081e98                _sprintf_r
                0x0000000000081ed4                sprintf
 .text          0x0000000000081f18       0x5c /usr/lib/gcc/arm-none-eabi/7.3.1/../../../arm-none-eabi/lib/thumb/v7-m/libc.a(lib_a-strlen-stub.o)
                0x0000000000081f18                strlen
 .text          0x0000000000081f74     0x14e8 /usr/lib/gcc/arm-none-eabi/7.3.1/../../../arm-none-eabi/lib/thumb/v7-m/libc.a(lib_a-svfprintf.o)
                0x0000000000081f74                _svfprintf_r
 .text          0x000000000008345c       0x64 /usr/lib/gcc/arm-none-eabi/7.3.1/../../../arm-none-eabi/lib/thumb/v7-m/libc.a(lib_a-__atexit.o)
                0x000000000008345c                __register_exitproc
 .text.startup  0x00000000000834c0       0x14 /usr/lib/gcc/arm-none-eabi/7.3.1/../../../arm-none-eabi/lib/thumb/v7-m/libc.a(lib_a-__call_atexit.o)
 *fill*         0x00000000000834d4        0x4 
 .text          0x00000000000834d8      0xf50 /usr/lib/gcc/arm-none-eabi/7.3.1/../../../arm-none-eabi/lib/thumb/v7-m/libc.a(lib_a-dtoa.o)
                0x00000000000835fc                _dtoa_r
 .text          0x0000000000084428      0x288 /usr/lib/gcc/arm-none-eabi/7.3.1/../../../arm-none-eabi/lib/thumb/v7-m/libc.a(lib_a-freer.o)
                0x0000000000084428                _malloc_trim_r
                0x00000000000844c8                _free_r
 .text          0x00000000000846b0       0x14 /usr/lib/gcc/arm-none-eabi/7.3.1/../../../arm-none-eabi/lib/thumb/v7-m/libc.a(lib_a-localeconv.o)
                0x00000000000846b0                __localeconv_l
                0x00000000000846b4                _localeconv_r
                0x00000000000846bc                localeconv
 .text          0x00000000000846c4      0x548 /usr/lib/gcc/arm-none-eabi/7.3.1/../../../arm-none-eabi/lib/thumb/v7-m/libc.a(lib_a-mallocr.o)
                0x00000000000846c4                _malloc_r
 .text          0x0000000000084c0c       0x40 /usr/lib/gcc/arm-none-eabi/7.3.1/../../../arm-none-eabi/lib/thumb/v7-m/libc.a(lib_a-mbtowc_r.o)
                0x0000000000084c0c                _mbtowc_r
                0x0000000000084c20                __ascii_mbtowc
 .text          0x0000000000084c4c       0x8c /usr/lib/gcc/arm-none-eabi/7.3.1/../../../arm-none-eabi/lib/thumb/v7-m/libc.a(lib_a-memchr-stub.o)
                0x0000000000084c4c                memchr
 .text          0x0000000000084cd8       0xec /usr/lib/gcc/arm-none-eabi/7.3.1/../../../arm-none-eabi/lib/thumb/v7-m/libc.a(lib_a-memcpy.o)
                0x0000000000084cd8                memcpy
 .text          0x0000000000084dc4       0xc4 /usr/lib/gcc/arm-none-eabi/7.3.1/../../../arm-none-eabi/lib/thumb/v7-m/libc.a(lib_a-memmove.o)
                0x0000000000084dc4                memmove
 .text          0x0000000000084e88        0x8 /usr/lib/gcc/arm-none-eabi/7.3.1/../../../arm-none-eabi/lib/thumb/v7-m/libc.a(lib_a-mlock.o)
                0x0000000000084e88                __malloc_lock
                0x0000000000084e8c                __malloc_unlock
 .text          0x0000000000084e90      0x8e8 /usr/lib/gcc/arm-none-eabi/7.3.1/../../../arm-none-eabi/lib/thumb/v7-m/libc.a(lib_a-mprec.o)
                0x0000000000084e90                _Balloc
                0x0000000000084edc                _Bfree
                0x0000000000084ef0                __multadd
                0x0000000000084f74                __s2b
                0x000000000008500c                __hi0bits
                0x000000000008504c                __lo0bits
                0x00000000000850ac                __i2b
                0x00000000000850c0                __multiply
                0x000000000008520c                __pow5mult
                0x00000000000852ac                __lshift
                0x0000000000085360                __mcmp
                0x0000000000085398                __mdiff
                0x0000000000085498                __ulp
                0x00000000000854dc                __b2d
                0x000000000008559c                __d2b
                0x000000000008564c                __ratio
                0x00000000000856a4                _mprec_log10
                0x00000000000856dc                __copybits
                0x0000000000085724                __any_on
 .text          0x0000000000085778      0x374 /usr/lib/gcc/arm-none-eabi/7.3.1/../../../arm-none-eabi/lib/thumb/v7-m/libc.a(lib_a-reallocr.o)
                0x0000000000085778                _realloc_r
 .text          0x0000000000085aec       0x24 /usr/lib/gcc/arm-none-eabi/7.3.1/../../../arm-none-eabi/lib/thumb/v7-m/libc.a(lib_a-sbrkr.o)
                0x0000000000085aec                _sbrk_r
 .text          0x0000000000085b10      0xb60 /usr/lib/gcc/arm-none-eabi/7.3.1/../../../arm-none-eabi/lib/thumb/v7-m/libc.a(lib_a-svfiprintf.o)
                0x0000000000085b10                __ssprint_r
                0x0000000000085c04                _svfiprintf_r
 .text          0x0000000000086670       0x2c /usr/lib/gcc/arm-none-eabi/7.3.1/../../../arm-none-eabi/lib/thumb/v7-m/libc.a(lib_a-wctomb_r.o)
                0x0000000000086670                _wctomb_r
                0x0000000000086684                __ascii_wctomb
 .text          0x000000000008669c       0x6c /usr/lib/gcc/arm-none-eabi/7.3.1/../../../arm-none-eabi/lib/thumb/v7-m/libc.a(lib_a-callocr.o)
                0x000000000008669c                _calloc_r
 .text          0x0000000000086708      0x378 /usr/lib/gcc/arm-none-eabi/7.3.1/thumb/v7-m/libgcc.a(_arm_addsubdf3.o)
                0x0000000000086708                __aeabi_drsub
                0x0000000000086710                __aeabi_dsub
                0x0000000000086710                __subdf3
                0x0000000000086714                __adddf3
                0x0000000000086714                __aeabi_dadd
                0x000000000008698c                __aeabi_ui2d
                0x000000000008698c                __floatunsidf
                0x00000000000869ac                __floatsidf
                0x00000000000869ac                __aeabi_i2d
                0x00000000000869d0                __extendsfdf2
                0x00000000000869d0                __aeabi_f2d
                0x0000000000086a14                __aeabi_ul2d
                0x0000000000086a14                __floatundidf
                0x0000000000086a24                __floatdidf
                0x0000000000086a24                __aeabi_l2d
 .text          0x0000000000086a80      0x424 /usr/lib/gcc/arm-none-eabi/7.3.1/thumb/v7-m/libgcc.a(_arm_muldivdf3.o)
                0x0000000000086a80                __aeabi_dmul
                0x0000000000086a80                __muldf3
                0x0000000000086cd4                __aeabi_ddiv
                0x0000000000086cd4                __divdf3
 .text          0x0000000000086ea4      0x110 /usr/lib/gcc/arm-none-eabi/7.3.1/thumb/v7-m/libgcc.a(_arm_cmpdf2.o)
                0x0000000000086ea4                __gtdf2
                0x0000000000086ea4                __gedf2
                0x0000000000086eac                __ltdf2
                0x0000000000086eac                __ledf2
                0x0000000000086eb4                __cmpdf2
                0x0000000000086eb4                __eqdf2
                0x0000000000086eb4                __nedf2
                0x0000000000086f30                __aeabi_cdrcmple
                0x0000000000086f40                __aeabi_cdcmple
                0x0000000000086f40                __aeabi_cdcmpeq
                0x0000000000086f50                __aeabi_dcmpeq
                0x0000000000086f64                __aeabi_dcmplt
                0x0000000000086f78                __aeabi_dcmple
                0x0000000000086f8c                __aeabi_dcmpge
                0x0000000000086fa0                __aeabi_dcmpgt
 .text          0x0000000000086fb4       0x2c /usr/lib/gcc/arm-none-eabi/7.3.1/thumb/v7-m/libgcc.a(_arm_unorddf2.o)
                0x0000000000086fb4                __aeabi_dcmpun
                0x0000000000086fb4                __unorddf2
 .text          0x0000000000086fe0       0x50 /usr/lib/gcc/arm-none-eabi/7.3.1/thumb/v7-m/libgcc.a(_arm_fixdfsi.o)
                0x0000000000086fe0                __fixdfsi
                0x0000000000086fe0                __aeabi_d2iz
 *(.glue_7t)
 .glue_7t       0x0000000000087030        0x0 linker stubs
 *(.glue_7)
 .glue_7        0x0000000000087030        0x0 linker stubs
 *(.rodata .rodata* .gnu.linkonce.r.*)
 .rodata        0x0000000000087030       0x14 app/src/main.o
 .rodata        0x0000000000087044        0x4 /usr/lib/gcc/arm-none-eabi/7.3.1/../../../arm-none-eabi/lib/thumb/v7-m/libc.a(lib_a-impure.o)
                0x0000000000087044                _global_impure_ptr
 .rodata        0x0000000000087048       0x20 /usr/lib/gcc/arm-none-eabi/7.3.1/../../../arm-none-eabi/lib/thumb/v7-m/libc.a(lib_a-svfprintf.o)
 .rodata.str1.4
                0x0000000000087068       0x42 /usr/lib/gcc/arm-none-eabi/7.3.1/../../../arm-none-eabi/lib/thumb/v7-m/libc.a(lib_a-svfprintf.o)
 *fill*         0x00000000000870aa        0x2 
 .rodata.str1.4
                0x00000000000870ac       0x10 /usr/lib/gcc/arm-none-eabi/7.3.1/../../../arm-none-eabi/lib/thumb/v7-m/libc.a(lib_a-dtoa.o)
                                         0x12 (size before relaxing)
 .rodata.str1.4
                0x00000000000870bc       0x10 /usr/lib/gcc/arm-none-eabi/7.3.1/../../../arm-none-eabi/lib/thumb/v7-m/libc.a(lib_a-locale.o)
                                         0x12 (size before relaxing)
 *fill*         0x00000000000870cc        0x4 
 .rodata        0x00000000000870d0      0x128 /usr/lib/gcc/arm-none-eabi/7.3.1/../../../arm-none-eabi/lib/thumb/v7-m/libc.a(lib_a-mprec.o)
                0x00000000000870e0                __mprec_tens
                0x00000000000871a8                __mprec_tinytens
                0x00000000000871d0                __mprec_bigtens
 .rodata        0x00000000000871f8       0x20 /usr/lib/gcc/arm-none-eabi/7.3.1/../../../arm-none-eabi/lib/thumb/v7-m/libc.a(lib_a-svfiprintf.o)
 .rodata.str1.4
                0x0000000000087218       0x2f /usr/lib/gcc/arm-none-eabi/7.3.1/../../../arm-none-eabi/lib/thumb/v7-m/libc.a(lib_a-svfiprintf.o)
 .rodata        0x0000000000087218      0x101 /usr/lib/gcc/arm-none-eabi/7.3.1/../../../arm-none-eabi/lib/thumb/v7-m/libc.a(lib_a-ctype_.o)
                0x0000000000087218                _ctype_
 *(.ARM.extab* .gnu.linkonce.armextab.*)
                0x000000000008731c                . = ALIGN (0x4)
 *fill*         0x0000000000087319        0x3 
 *(.init)
 .init          0x000000000008731c        0x4 /usr/lib/gcc/arm-none-eabi/7.3.1/thumb/v7-m/crti.o
                0x000000000008731c                _init
 .init          0x0000000000087320        0x8 /usr/lib/gcc/arm-none-eabi/7.3.1/thumb/v7-m/crtn.o
                0x0000000000087328                . = ALIGN (0x4)
                0x0000000000087328                __preinit_array_start = .
 *(.preinit_array)
                0x0000000000087328                __preinit_array_end = .
                0x0000000000087328                . = ALIGN (0x4)
                0x0000000000087328                __init_array_start = .
 *(SORT_BY_NAME(.init_array.*))
 .init_array.00000
                0x0000000000087328        0x4 /usr/lib/gcc/arm-none-eabi/7.3.1/../../../arm-none-eabi/lib/thumb/v7-m/libc.a(lib_a-__call_atexit.o)
 *(.init_array)
 .init_array    0x000000000008732c        0x4 /usr/lib/gcc/arm-none-eabi/7.3.1/thumb/v7-m/crtbegin.o
                0x0000000000087330                __init_array_end = .
                0x0000000000087330                . = ALIGN (0x4)
 *crtbegin.o(.ctors)
 *(EXCLUDE_FILE(*crtend.o) .ctors)
 *(SORT_BY_NAME(.ctors.*))
 *crtend.o(.ctors)
                0x0000000000087330                . = ALIGN (0x4)
 *(.fini)
 .fini          0x0000000000087330        0x4 /usr/lib/gcc/arm-none-eabi/7.3.1/thumb/v7-m/crti.o
                0x0000000000087330                _fini
 .fini          0x0000000000087334        0x8 /usr/lib/gcc/arm-none-eabi/7.3.1/thumb/v7-m/crtn.o
 *fill*         0x000000000008733c        0x4 
 .fini.__stub   0x0000000000087340       0x10 linker stubs
                0x0000000000087350                . = ALIGN (0x4)
                0x0000000000087350                __fini_array_start = .
 *(.fini_array)
 .fini_array    0x0000000000087350        0x4 /usr/lib/gcc/arm-none-eabi/7.3.1/thumb/v7-m/crtbegin.o
 *(SORT_BY_NAME(.fini_array.*))
                0x0000000000087354                __fini_array_end = .
 *crtbegin.o(.dtors)
 *(EXCLUDE_FILE(*crtend.o) .dtors)
 *(SORT_BY_NAME(.dtors.*))
 *crtend.o(.dtors)
                0x0000000000087354                . = ALIGN (0x4)
                0x0000000000087354                _efixed = .
                [!provide]                        PROVIDE (__exidx_start = .)

.vfp11_veneer   0x0000000000087354        0x0
 .vfp11_veneer  0x0000000000087354        0x0 linker stubs

.v4_bx          0x0000000000087354        0x0
 .v4_bx         0x0000000000087354        0x0 linker stubs

.iplt           0x0000000000087354        0x0
 .iplt          0x0000000000087354        0x0 /usr/lib/gcc/arm-none-eabi/7.3.1/thumb/v7-m/crtbegin.o

.ARM.exidx      0x0000000000087354        0x8
 *(.ARM.exidx* .gnu.linkonce.armexidx.*)
 .ARM.exidx     0x0000000000087354        0x8 /usr/lib/gcc/arm-none-eabi/7.3.1/thumb/v7-m/libgcc.a(_udivmoddi4.o)
                [!provide]                        PROVIDE (__exidx_end = .)

.eh_frame       0x000000000008735c        0x0
 .eh_frame      0x000000000008735c        0x0 /usr/lib/gcc/arm-none-eabi/7.3.1/thumb/v7-m/crtbegin.o

.rel.dyn        0x000000000008735c        0x0
 .rel.iplt      0x000000000008735c        0x0 /usr/lib/gcc/arm-none-eabi/7.3.1/thumb/v7-m/crtbegin.o

.tm_clone_table
                0x000000000008735c        0x0
 .tm_clone_table
                0x000000000008735c        0x0 /usr/lib/gcc/arm-none-eabi/7.3.1/thumb/v7-m/crtbegin.o
 .tm_clone_table
                0x000000000008735c        0x0 /usr/lib/gcc/arm-none-eabi/7.3.1/thumb/v7-m/crtend.o

.igot.plt       0x000000000008735c        0x0
 .igot.plt      0x000000000008735c        0x0 /usr/lib/gcc/arm-none-eabi/7.3.1/thumb/v7-m/crtbegin.o
                0x000000000008735c                . = ALIGN (0x4)
                0x000000000008735c                _etext = .

.relocate       0x0000000020070000      0xb74 load address 0x000000000008735c
                0x0000000020070000                . = ALIGN (0x4)
                0x0000000020070000                _srelocate = .
 *(.ramfunc .ramfunc.*)
 .ramfunc       0x0000000020070000      0x18c asf/sam/utils/cmsis/sam3x/source/templates/system_sam3x.o
                0x0000000020070000                SystemInit
                0x00000000200700d0                system_init_flash
 .ramfunc       0x000000002007018c        0xa asf/common/services/delay/sam/cycle_counter.o
                0x000000002007018c                portable_delay_cycles
 *(.data .data.*)
 *fill*         0x0000000020070196        0x2 
 .data.lcd_buff
                0x0000000020070198       0x21 app/src/lcd.o
                0x0000000020070198                lcd_buff
 *fill*         0x00000000200701b9        0x3 
 .data.lcd_string
                0x00000000200701bc        0x4 app/src/lcd.o
                0x00000000200701bc                lcd_string
 .data.SystemCoreClock
                0x00000000200701c0        0x4 asf/sam/utils/cmsis/sam3x/source/templates/system_sam3x.o
                0x00000000200701c0                SystemCoreClock
 *fill*         0x00000000200701c4        0x4 
 .data          0x00000000200701c8      0x430 /usr/lib/gcc/arm-none-eabi/7.3.1/../../../arm-none-eabi/lib/thumb/v7-m/libc.a(lib_a-impure.o)
                0x00000000200701c8                _impure_ptr
 .data          0x00000000200705f8      0x16c /usr/lib/gcc/arm-none-eabi/7.3.1/../../../arm-none-eabi/lib/thumb/v7-m/libc.a(lib_a-locale.o)
                0x00000000200705f8                __global_locale
 .data          0x0000000020070764      0x410 /usr/lib/gcc/arm-none-eabi/7.3.1/../../../arm-none-eabi/lib/thumb/v7-m/libc.a(lib_a-mallocr.o)
                0x0000000020070764                __malloc_av_
                0x0000000020070b6c                __malloc_sbrk_base
                0x0000000020070b70                __malloc_trim_threshold
                0x0000000020070b74                . = ALIGN (0x4)
                0x0000000020070b74                _erelocate = .

.bss            0x0000000020070b74       0x64 load address 0x0000000000087ed0
                0x0000000020070b74                . = ALIGN (0x4)
                0x0000000020070b74                _sbss = .
                0x0000000020070b74                _szero = .
 *(.bss .bss.*)
 .bss           0x0000000020070b74       0x1c /usr/lib/gcc/arm-none-eabi/7.3.1/thumb/v7-m/crtbegin.o
 .bss.old_state.8017
                0x0000000020070b90        0x4 app/src/bord.o
 .bss.on_time   0x0000000020070b94        0x4 app/src/main.o
                0x0000000020070b94                on_time
 .bss.n         0x0000000020070b98        0x4 app/src/main.o
                0x0000000020070b98                n
 .bss.heap.5300
                0x0000000020070b9c        0x4 asf/sam/utils/syscalls/gcc/syscalls.o
 .bss           0x0000000020070ba0       0x34 /usr/lib/gcc/arm-none-eabi/7.3.1/../../../arm-none-eabi/lib/thumb/v7-m/libc.a(lib_a-mallocr.o)
                0x0000000020070ba0                __malloc_top_pad
                0x0000000020070ba4                __malloc_current_mallinfo
                0x0000000020070bcc                __malloc_max_sbrked_mem
                0x0000000020070bd0                __malloc_max_total_mem
 *(COMMON)
 COMMON         0x0000000020070bd4        0x4 /usr/lib/gcc/arm-none-eabi/7.3.1/../../../arm-none-eabi/lib/thumb/v7-m/libc.a(lib_a-reent.o)
                0x0000000020070bd4                errno
                0x0000000020070bd8                . = ALIGN (0x4)
                0x0000000020070bd8                _ebss = .
                0x0000000020070bd8                _ezero = .

.stack          0x0000000020070bd8     0x2000 load address 0x0000000000087f34
                0x0000000020070bd8                . = ALIGN (0x8)
                0x0000000020070bd8                _sstack = .
                0x0000000020072bd8                . = (. + __stack_size__)
 *fill*         0x0000000020070bd8     0x2000 
                0x0000000020072bd8                . = ALIGN (0x8)
                0x0000000020072bd8                _estack = .
                0x0000000020072bd8                . = ALIGN (0x4)
                0x0000000020072bd8                _end = .
LOAD app/src/lcd.o
LOAD app/src/bord.o
LOAD app/src/main.o
LOAD asf/sam/utils/cmsis/sam3x/source/templates/system_sam3x.o
LOAD asf/sam/utils/cmsis/sam3x/source/templates/exceptions.o
LOAD asf/sam/utils/cmsis/sam3x/source/templates/gcc/startup_sam3x.o
LOAD asf/common/services/clock/sam3x/sysclk.o
LOAD asf/sam/utils/syscalls/gcc/syscalls.o
LOAD asf/sam/drivers/pmc/pmc.o
LOAD asf/sam/drivers/pio/pio.o
LOAD asf/common/services/delay/sam/cycle_counter.o
LOAD asf/sam/drivers/adc/adc.o
LOAD asf/sam/drivers/tc/tc.o
LOAD /usr/lib/gcc/arm-none-eabi/7.3.1/../../../arm-none-eabi/lib/thumb/v7-m/libstdc++.a
LOAD /usr/lib/gcc/arm-none-eabi/7.3.1/../../../arm-none-eabi/lib/thumb/v7-m/libm.a
START GROUP
LOAD /usr/lib/gcc/arm-none-eabi/7.3.1/thumb/v7-m/libgcc.a
LOAD /usr/lib/gcc/arm-none-eabi/7.3.1/../../../arm-none-eabi/lib/thumb/v7-m/libc.a
END GROUP
LOAD /usr/lib/gcc/arm-none-eabi/7.3.1/thumb/v7-m/crtend.o
LOAD /usr/lib/gcc/arm-none-eabi/7.3.1/thumb/v7-m/crtn.o
OUTPUT(timer_per.elf elf32-littlearm)

.ARM.attributes
                0x0000000000000000       0x29
 .ARM.attributes
                0x0000000000000000       0x1d /usr/lib/gcc/arm-none-eabi/7.3.1/thumb/v7-m/crti.o
 .ARM.attributes
                0x000000000000001d       0x2d /usr/lib/gcc/arm-none-eabi/7.3.1/thumb/v7-m/crtbegin.o
 .ARM.attributes
                0x000000000000004a       0x33 app/src/lcd.o
 .ARM.attributes
                0x000000000000007d       0x33 app/src/bord.o
 .ARM.attributes
                0x00000000000000b0       0x33 app/src/main.o
 .ARM.attributes
                0x00000000000000e3       0x33 asf/sam/utils/cmsis/sam3x/source/templates/system_sam3x.o
 .ARM.attributes
                0x0000000000000116       0x33 asf/sam/utils/cmsis/sam3x/source/templates/exceptions.o
 .ARM.attributes
                0x0000000000000149       0x33 asf/sam/utils/cmsis/sam3x/source/templates/gcc/startup_sam3x.o
 .ARM.attributes
                0x000000000000017c       0x33 asf/common/services/clock/sam3x/sysclk.o
 .ARM.attributes
                0x00000000000001af       0x33 asf/sam/utils/syscalls/gcc/syscalls.o
 .ARM.attributes
                0x00000000000001e2       0x33 asf/sam/drivers/pmc/pmc.o
 .ARM.attributes
                0x0000000000000215       0x33 asf/sam/drivers/pio/pio.o
 .ARM.attributes
                0x0000000000000248       0x33 asf/common/services/delay/sam/cycle_counter.o
 .ARM.attributes
                0x000000000000027b       0x33 asf/sam/drivers/tc/tc.o
 .ARM.attributes
                0x00000000000002ae       0x1d /usr/lib/gcc/arm-none-eabi/7.3.1/thumb/v7-m/libgcc.a(_aeabi_uldivmod.o)
 .ARM.attributes
                0x00000000000002cb       0x2d /usr/lib/gcc/arm-none-eabi/7.3.1/thumb/v7-m/libgcc.a(_udivmoddi4.o)
 .ARM.attributes
                0x00000000000002f8       0x1d /usr/lib/gcc/arm-none-eabi/7.3.1/thumb/v7-m/libgcc.a(_dvmd_tls.o)
 .ARM.attributes
                0x0000000000000315       0x2d /usr/lib/gcc/arm-none-eabi/7.3.1/../../../arm-none-eabi/lib/thumb/v7-m/libc.a(lib_a-atexit.o)
 .ARM.attributes
                0x0000000000000342       0x2d /usr/lib/gcc/arm-none-eabi/7.3.1/../../../arm-none-eabi/lib/thumb/v7-m/libc.a(lib_a-fini.o)
 .ARM.attributes
                0x000000000000036f       0x2d /usr/lib/gcc/arm-none-eabi/7.3.1/../../../arm-none-eabi/lib/thumb/v7-m/libc.a(lib_a-impure.o)
 .ARM.attributes
                0x000000000000039c       0x2d /usr/lib/gcc/arm-none-eabi/7.3.1/../../../arm-none-eabi/lib/thumb/v7-m/libc.a(lib_a-init.o)
 .ARM.attributes
                0x00000000000003c9       0x2d /usr/lib/gcc/arm-none-eabi/7.3.1/../../../arm-none-eabi/lib/thumb/v7-m/libc.a(lib_a-memset.o)
 .ARM.attributes
                0x00000000000003f6       0x2d /usr/lib/gcc/arm-none-eabi/7.3.1/../../../arm-none-eabi/lib/thumb/v7-m/libc.a(lib_a-sprintf.o)
 .ARM.attributes
                0x0000000000000423       0x2d /usr/lib/gcc/arm-none-eabi/7.3.1/../../../arm-none-eabi/lib/thumb/v7-m/libc.a(lib_a-strlen-stub.o)
 .ARM.attributes
                0x0000000000000450       0x2d /usr/lib/gcc/arm-none-eabi/7.3.1/../../../arm-none-eabi/lib/thumb/v7-m/libc.a(lib_a-svfprintf.o)
 .ARM.attributes
                0x000000000000047d       0x2d /usr/lib/gcc/arm-none-eabi/7.3.1/../../../arm-none-eabi/lib/thumb/v7-m/libc.a(lib_a-__atexit.o)
 .ARM.attributes
                0x00000000000004aa       0x2d /usr/lib/gcc/arm-none-eabi/7.3.1/../../../arm-none-eabi/lib/thumb/v7-m/libc.a(lib_a-__call_atexit.o)
 .ARM.attributes
                0x00000000000004d7       0x2d /usr/lib/gcc/arm-none-eabi/7.3.1/../../../arm-none-eabi/lib/thumb/v7-m/libc.a(lib_a-dtoa.o)
 .ARM.attributes
                0x0000000000000504       0x2d /usr/lib/gcc/arm-none-eabi/7.3.1/../../../arm-none-eabi/lib/thumb/v7-m/libc.a(lib_a-freer.o)
 .ARM.attributes
                0x0000000000000531       0x2d /usr/lib/gcc/arm-none-eabi/7.3.1/../../../arm-none-eabi/lib/thumb/v7-m/libc.a(lib_a-locale.o)
 .ARM.attributes
                0x000000000000055e       0x2d /usr/lib/gcc/arm-none-eabi/7.3.1/../../../arm-none-eabi/lib/thumb/v7-m/libc.a(lib_a-localeconv.o)
 .ARM.attributes
                0x000000000000058b       0x2d /usr/lib/gcc/arm-none-eabi/7.3.1/../../../arm-none-eabi/lib/thumb/v7-m/libc.a(lib_a-mallocr.o)
 .ARM.attributes
                0x00000000000005b8       0x2d /usr/lib/gcc/arm-none-eabi/7.3.1/../../../arm-none-eabi/lib/thumb/v7-m/libc.a(lib_a-mbtowc_r.o)
 .ARM.attributes
                0x00000000000005e5       0x2d /usr/lib/gcc/arm-none-eabi/7.3.1/../../../arm-none-eabi/lib/thumb/v7-m/libc.a(lib_a-memchr-stub.o)
 .ARM.attributes
                0x0000000000000612       0x1b /usr/lib/gcc/arm-none-eabi/7.3.1/../../../arm-none-eabi/lib/thumb/v7-m/libc.a(lib_a-memcpy.o)
 .ARM.attributes
                0x000000000000062d       0x2d /usr/lib/gcc/arm-none-eabi/7.3.1/../../../arm-none-eabi/lib/thumb/v7-m/libc.a(lib_a-memmove.o)
 .ARM.attributes
                0x000000000000065a       0x2d /usr/lib/gcc/arm-none-eabi/7.3.1/../../../arm-none-eabi/lib/thumb/v7-m/libc.a(lib_a-mlock.o)
 .ARM.attributes
                0x0000000000000687       0x2d /usr/lib/gcc/arm-none-eabi/7.3.1/../../../arm-none-eabi/lib/thumb/v7-m/libc.a(lib_a-mprec.o)
 .ARM.attributes
                0x00000000000006b4       0x2d /usr/lib/gcc/arm-none-eabi/7.3.1/../../../arm-none-eabi/lib/thumb/v7-m/libc.a(lib_a-reallocr.o)
 .ARM.attributes
                0x00000000000006e1       0x2d /usr/lib/gcc/arm-none-eabi/7.3.1/../../../arm-none-eabi/lib/thumb/v7-m/libc.a(lib_a-sbrkr.o)
 .ARM.attributes
                0x000000000000070e       0x2d /usr/lib/gcc/arm-none-eabi/7.3.1/../../../arm-none-eabi/lib/thumb/v7-m/libc.a(lib_a-svfiprintf.o)
 .ARM.attributes
                0x000000000000073b       0x2d /usr/lib/gcc/arm-none-eabi/7.3.1/../../../arm-none-eabi/lib/thumb/v7-m/libc.a(lib_a-wctomb_r.o)
 .ARM.attributes
                0x0000000000000768       0x2d /usr/lib/gcc/arm-none-eabi/7.3.1/../../../arm-none-eabi/lib/thumb/v7-m/libc.a(lib_a-callocr.o)
 .ARM.attributes
                0x0000000000000795       0x2d /usr/lib/gcc/arm-none-eabi/7.3.1/../../../arm-none-eabi/lib/thumb/v7-m/libc.a(lib_a-ctype_.o)
 .ARM.attributes
                0x00000000000007c2       0x2d /usr/lib/gcc/arm-none-eabi/7.3.1/../../../arm-none-eabi/lib/thumb/v7-m/libc.a(lib_a-reent.o)
 .ARM.attributes
                0x00000000000007ef       0x1d /usr/lib/gcc/arm-none-eabi/7.3.1/thumb/v7-m/libgcc.a(_arm_addsubdf3.o)
 .ARM.attributes
                0x000000000000080c       0x1d /usr/lib/gcc/arm-none-eabi/7.3.1/thumb/v7-m/libgcc.a(_arm_muldivdf3.o)
 .ARM.attributes
                0x0000000000000829       0x1d /usr/lib/gcc/arm-none-eabi/7.3.1/thumb/v7-m/libgcc.a(_arm_cmpdf2.o)
 .ARM.attributes
                0x0000000000000846       0x1d /usr/lib/gcc/arm-none-eabi/7.3.1/thumb/v7-m/libgcc.a(_arm_unorddf2.o)
 .ARM.attributes
                0x0000000000000863       0x1d /usr/lib/gcc/arm-none-eabi/7.3.1/thumb/v7-m/libgcc.a(_arm_fixdfsi.o)
 .ARM.attributes
                0x0000000000000880       0x2d /usr/lib/gcc/arm-none-eabi/7.3.1/thumb/v7-m/crtend.o
 .ARM.attributes
                0x00000000000008ad       0x1d /usr/lib/gcc/arm-none-eabi/7.3.1/thumb/v7-m/crtn.o

.comment        0x0000000000000000       0xae
 .comment       0x0000000000000000       0x57 /usr/lib/gcc/arm-none-eabi/7.3.1/thumb/v7-m/crtbegin.o
                                         0x58 (size before relaxing)
 .comment       0x0000000000000057       0x58 app/src/lcd.o
 .comment       0x0000000000000057       0x58 app/src/bord.o
 .comment       0x0000000000000057       0x58 app/src/main.o
 .comment       0x0000000000000057       0x58 asf/sam/utils/cmsis/sam3x/source/templates/system_sam3x.o
 .comment       0x0000000000000057       0x58 asf/sam/utils/cmsis/sam3x/source/templates/exceptions.o
 .comment       0x0000000000000057       0x58 asf/sam/utils/cmsis/sam3x/source/templates/gcc/startup_sam3x.o
 .comment       0x0000000000000057       0x58 asf/common/services/clock/sam3x/sysclk.o
 .comment       0x0000000000000057       0x58 asf/sam/utils/syscalls/gcc/syscalls.o
 .comment       0x0000000000000057       0x58 asf/sam/drivers/pmc/pmc.o
 .comment       0x0000000000000057       0x58 asf/sam/drivers/pio/pio.o
 .comment       0x0000000000000057       0x58 asf/common/services/delay/sam/cycle_counter.o
 .comment       0x0000000000000057       0x58 asf/sam/drivers/tc/tc.o
 .comment       0x0000000000000057       0x58 /usr/lib/gcc/arm-none-eabi/7.3.1/thumb/v7-m/libgcc.a(_udivmoddi4.o)
 .comment       0x0000000000000057       0x57 /usr/lib/gcc/arm-none-eabi/7.3.1/../../../arm-none-eabi/lib/thumb/v7-m/libc.a(lib_a-atexit.o)
                                         0x58 (size before relaxing)
 .comment       0x00000000000000ae       0x58 /usr/lib/gcc/arm-none-eabi/7.3.1/../../../arm-none-eabi/lib/thumb/v7-m/libc.a(lib_a-fini.o)
 .comment       0x00000000000000ae       0x58 /usr/lib/gcc/arm-none-eabi/7.3.1/../../../arm-none-eabi/lib/thumb/v7-m/libc.a(lib_a-impure.o)
 .comment       0x00000000000000ae       0x58 /usr/lib/gcc/arm-none-eabi/7.3.1/../../../arm-none-eabi/lib/thumb/v7-m/libc.a(lib_a-init.o)
 .comment       0x00000000000000ae       0x58 /usr/lib/gcc/arm-none-eabi/7.3.1/../../../arm-none-eabi/lib/thumb/v7-m/libc.a(lib_a-memset.o)
 .comment       0x00000000000000ae       0x58 /usr/lib/gcc/arm-none-eabi/7.3.1/../../../arm-none-eabi/lib/thumb/v7-m/libc.a(lib_a-sprintf.o)
 .comment       0x00000000000000ae       0x58 /usr/lib/gcc/arm-none-eabi/7.3.1/../../../arm-none-eabi/lib/thumb/v7-m/libc.a(lib_a-strlen-stub.o)
 .comment       0x00000000000000ae       0x58 /usr/lib/gcc/arm-none-eabi/7.3.1/../../../arm-none-eabi/lib/thumb/v7-m/libc.a(lib_a-svfprintf.o)
 .comment       0x00000000000000ae       0x58 /usr/lib/gcc/arm-none-eabi/7.3.1/../../../arm-none-eabi/lib/thumb/v7-m/libc.a(lib_a-__atexit.o)
 .comment       0x00000000000000ae       0x58 /usr/lib/gcc/arm-none-eabi/7.3.1/../../../arm-none-eabi/lib/thumb/v7-m/libc.a(lib_a-__call_atexit.o)
 .comment       0x00000000000000ae       0x58 /usr/lib/gcc/arm-none-eabi/7.3.1/../../../arm-none-eabi/lib/thumb/v7-m/libc.a(lib_a-dtoa.o)
 .comment       0x00000000000000ae       0x58 /usr/lib/gcc/arm-none-eabi/7.3.1/../../../arm-none-eabi/lib/thumb/v7-m/libc.a(lib_a-freer.o)
 .comment       0x00000000000000ae       0x58 /usr/lib/gcc/arm-none-eabi/7.3.1/../../../arm-none-eabi/lib/thumb/v7-m/libc.a(lib_a-locale.o)
 .comment       0x00000000000000ae       0x58 /usr/lib/gcc/arm-none-eabi/7.3.1/../../../arm-none-eabi/lib/thumb/v7-m/libc.a(lib_a-localeconv.o)
 .comment       0x00000000000000ae       0x58 /usr/lib/gcc/arm-none-eabi/7.3.1/../../../arm-none-eabi/lib/thumb/v7-m/libc.a(lib_a-mallocr.o)
 .comment       0x00000000000000ae       0x58 /usr/lib/gcc/arm-none-eabi/7.3.1/../../../arm-none-eabi/lib/thumb/v7-m/libc.a(lib_a-mbtowc_r.o)
 .comment       0x00000000000000ae       0x58 /usr/lib/gcc/arm-none-eabi/7.3.1/../../../arm-none-eabi/lib/thumb/v7-m/libc.a(lib_a-memchr-stub.o)
 .comment       0x00000000000000ae       0x58 /usr/lib/gcc/arm-none-eabi/7.3.1/../../../arm-none-eabi/lib/thumb/v7-m/libc.a(lib_a-memmove.o)
 .comment       0x00000000000000ae       0x58 /usr/lib/gcc/arm-none-eabi/7.3.1/../../../arm-none-eabi/lib/thumb/v7-m/libc.a(lib_a-mlock.o)
 .comment       0x00000000000000ae       0x58 /usr/lib/gcc/arm-none-eabi/7.3.1/../../../arm-none-eabi/lib/thumb/v7-m/libc.a(lib_a-mprec.o)
 .comment       0x00000000000000ae       0x58 /usr/lib/gcc/arm-none-eabi/7.3.1/../../../arm-none-eabi/lib/thumb/v7-m/libc.a(lib_a-reallocr.o)
 .comment       0x00000000000000ae       0x58 /usr/lib/gcc/arm-none-eabi/7.3.1/../../../arm-none-eabi/lib/thumb/v7-m/libc.a(lib_a-sbrkr.o)
 .comment       0x00000000000000ae       0x58 /usr/lib/gcc/arm-none-eabi/7.3.1/../../../arm-none-eabi/lib/thumb/v7-m/libc.a(lib_a-svfiprintf.o)
 .comment       0x00000000000000ae       0x58 /usr/lib/gcc/arm-none-eabi/7.3.1/../../../arm-none-eabi/lib/thumb/v7-m/libc.a(lib_a-wctomb_r.o)
 .comment       0x00000000000000ae       0x58 /usr/lib/gcc/arm-none-eabi/7.3.1/../../../arm-none-eabi/lib/thumb/v7-m/libc.a(lib_a-callocr.o)
 .comment       0x00000000000000ae       0x58 /usr/lib/gcc/arm-none-eabi/7.3.1/../../../arm-none-eabi/lib/thumb/v7-m/libc.a(lib_a-ctype_.o)
 .comment       0x00000000000000ae       0x58 /usr/lib/gcc/arm-none-eabi/7.3.1/../../../arm-none-eabi/lib/thumb/v7-m/libc.a(lib_a-reent.o)
 .comment       0x00000000000000ae       0x58 /usr/lib/gcc/arm-none-eabi/7.3.1/thumb/v7-m/crtend.o

.debug_info     0x0000000000000000    0x23350
 .debug_info    0x0000000000000000     0x1310 app/src/lcd.o
 .debug_info    0x0000000000001310     0x1a53 app/src/bord.o
 .debug_info    0x0000000000002d63     0x11ae app/src/main.o
 .debug_info    0x0000000000003f11      0xc60 asf/sam/utils/cmsis/sam3x/source/templates/system_sam3x.o
 .debug_info    0x0000000000004b71      0x937 asf/sam/utils/cmsis/sam3x/source/templates/exceptions.o
 .debug_info    0x00000000000054a8      0xbac asf/sam/utils/cmsis/sam3x/source/templates/gcc/startup_sam3x.o
 .debug_info    0x0000000000006054      0xe45 asf/common/services/clock/sam3x/sysclk.o
 .debug_info    0x0000000000006e99      0xc75 asf/sam/utils/syscalls/gcc/syscalls.o
 .debug_info    0x0000000000007b0e     0x16e0 asf/sam/drivers/pmc/pmc.o
 .debug_info    0x00000000000091ee     0x1577 asf/sam/drivers/pio/pio.o
 .debug_info    0x000000000000a765      0x943 asf/common/services/delay/sam/cycle_counter.o
 .debug_info    0x000000000000b0a8     0x10ce asf/sam/drivers/tc/tc.o
 .debug_info    0x000000000000c176       0x26 /usr/lib/gcc/arm-none-eabi/7.3.1/thumb/v7-m/libgcc.a(_aeabi_uldivmod.o)
 .debug_info    0x000000000000c19c      0xd0b /usr/lib/gcc/arm-none-eabi/7.3.1/thumb/v7-m/libgcc.a(_udivmoddi4.o)
 .debug_info    0x000000000000cea7       0x26 /usr/lib/gcc/arm-none-eabi/7.3.1/thumb/v7-m/libgcc.a(_dvmd_tls.o)
 .debug_info    0x000000000000cecd      0x90c /usr/lib/gcc/arm-none-eabi/7.3.1/../../../arm-none-eabi/lib/thumb/v7-m/libc.a(lib_a-atexit.o)
 .debug_info    0x000000000000d7d9       0xf3 /usr/lib/gcc/arm-none-eabi/7.3.1/../../../arm-none-eabi/lib/thumb/v7-m/libc.a(lib_a-fini.o)
 .debug_info    0x000000000000d8cc      0x8a9 /usr/lib/gcc/arm-none-eabi/7.3.1/../../../arm-none-eabi/lib/thumb/v7-m/libc.a(lib_a-impure.o)
 .debug_info    0x000000000000e175      0x109 /usr/lib/gcc/arm-none-eabi/7.3.1/../../../arm-none-eabi/lib/thumb/v7-m/libc.a(lib_a-init.o)
 .debug_info    0x000000000000e27e      0xe22 /usr/lib/gcc/arm-none-eabi/7.3.1/../../../arm-none-eabi/lib/thumb/v7-m/libc.a(lib_a-memset.o)
 .debug_info    0x000000000000f0a0      0xbd7 /usr/lib/gcc/arm-none-eabi/7.3.1/../../../arm-none-eabi/lib/thumb/v7-m/libc.a(lib_a-sprintf.o)
 .debug_info    0x000000000000fc77      0x8ba /usr/lib/gcc/arm-none-eabi/7.3.1/../../../arm-none-eabi/lib/thumb/v7-m/libc.a(lib_a-strlen-stub.o)
 .debug_info    0x0000000000010531     0x1d1b /usr/lib/gcc/arm-none-eabi/7.3.1/../../../arm-none-eabi/lib/thumb/v7-m/libc.a(lib_a-svfprintf.o)
 .debug_info    0x000000000001224c      0x937 /usr/lib/gcc/arm-none-eabi/7.3.1/../../../arm-none-eabi/lib/thumb/v7-m/libc.a(lib_a-__atexit.o)
 .debug_info    0x0000000000012b83      0x993 /usr/lib/gcc/arm-none-eabi/7.3.1/../../../arm-none-eabi/lib/thumb/v7-m/libc.a(lib_a-__call_atexit.o)
 .debug_info    0x0000000000013516     0x1810 /usr/lib/gcc/arm-none-eabi/7.3.1/../../../arm-none-eabi/lib/thumb/v7-m/libc.a(lib_a-dtoa.o)
 .debug_info    0x0000000000014d26      0xcc2 /usr/lib/gcc/arm-none-eabi/7.3.1/../../../arm-none-eabi/lib/thumb/v7-m/libc.a(lib_a-freer.o)
 .debug_info    0x00000000000159e8      0xfb1 /usr/lib/gcc/arm-none-eabi/7.3.1/../../../arm-none-eabi/lib/thumb/v7-m/libc.a(lib_a-locale.o)
 .debug_info    0x0000000000016999      0xe59 /usr/lib/gcc/arm-none-eabi/7.3.1/../../../arm-none-eabi/lib/thumb/v7-m/libc.a(lib_a-localeconv.o)
 .debug_info    0x00000000000177f2      0xdfd /usr/lib/gcc/arm-none-eabi/7.3.1/../../../arm-none-eabi/lib/thumb/v7-m/libc.a(lib_a-mallocr.o)
 .debug_info    0x00000000000185ef      0xf29 /usr/lib/gcc/arm-none-eabi/7.3.1/../../../arm-none-eabi/lib/thumb/v7-m/libc.a(lib_a-mbtowc_r.o)
 .debug_info    0x0000000000019518      0x939 /usr/lib/gcc/arm-none-eabi/7.3.1/../../../arm-none-eabi/lib/thumb/v7-m/libc.a(lib_a-memchr-stub.o)
 .debug_info    0x0000000000019e51       0x26 /usr/lib/gcc/arm-none-eabi/7.3.1/../../../arm-none-eabi/lib/thumb/v7-m/libc.a(lib_a-memcpy.o)
 .debug_info    0x0000000000019e77      0xe31 /usr/lib/gcc/arm-none-eabi/7.3.1/../../../arm-none-eabi/lib/thumb/v7-m/libc.a(lib_a-memmove.o)
 .debug_info    0x000000000001aca8      0x8dc /usr/lib/gcc/arm-none-eabi/7.3.1/../../../arm-none-eabi/lib/thumb/v7-m/libc.a(lib_a-mlock.o)
 .debug_info    0x000000000001b584     0x1c4f /usr/lib/gcc/arm-none-eabi/7.3.1/../../../arm-none-eabi/lib/thumb/v7-m/libc.a(lib_a-mprec.o)
 .debug_info    0x000000000001d1d3      0xdd7 /usr/lib/gcc/arm-none-eabi/7.3.1/../../../arm-none-eabi/lib/thumb/v7-m/libc.a(lib_a-reallocr.o)
 .debug_info    0x000000000001dfaa      0x95f /usr/lib/gcc/arm-none-eabi/7.3.1/../../../arm-none-eabi/lib/thumb/v7-m/libc.a(lib_a-sbrkr.o)
 .debug_info    0x000000000001e909     0x1754 /usr/lib/gcc/arm-none-eabi/7.3.1/../../../arm-none-eabi/lib/thumb/v7-m/libc.a(lib_a-svfiprintf.o)
 .debug_info    0x000000000002005d      0xef5 /usr/lib/gcc/arm-none-eabi/7.3.1/../../../arm-none-eabi/lib/thumb/v7-m/libc.a(lib_a-wctomb_r.o)
 .debug_info    0x0000000000020f52      0xb5d /usr/lib/gcc/arm-none-eabi/7.3.1/../../../arm-none-eabi/lib/thumb/v7-m/libc.a(lib_a-callocr.o)
 .debug_info    0x0000000000021aaf      0xdb6 /usr/lib/gcc/arm-none-eabi/7.3.1/../../../arm-none-eabi/lib/thumb/v7-m/libc.a(lib_a-ctype_.o)
 .debug_info    0x0000000000022865      0xa2d /usr/lib/gcc/arm-none-eabi/7.3.1/../../../arm-none-eabi/lib/thumb/v7-m/libc.a(lib_a-reent.o)
 .debug_info    0x0000000000023292       0x26 /usr/lib/gcc/arm-none-eabi/7.3.1/thumb/v7-m/libgcc.a(_arm_addsubdf3.o)
 .debug_info    0x00000000000232b8       0x26 /usr/lib/gcc/arm-none-eabi/7.3.1/thumb/v7-m/libgcc.a(_arm_muldivdf3.o)
 .debug_info    0x00000000000232de       0x26 /usr/lib/gcc/arm-none-eabi/7.3.1/thumb/v7-m/libgcc.a(_arm_cmpdf2.o)
 .debug_info    0x0000000000023304       0x26 /usr/lib/gcc/arm-none-eabi/7.3.1/thumb/v7-m/libgcc.a(_arm_unorddf2.o)
 .debug_info    0x000000000002332a       0x26 /usr/lib/gcc/arm-none-eabi/7.3.1/thumb/v7-m/libgcc.a(_arm_fixdfsi.o)

.debug_abbrev   0x0000000000000000     0x5dc9
 .debug_abbrev  0x0000000000000000      0x439 app/src/lcd.o
 .debug_abbrev  0x0000000000000439      0x437 app/src/bord.o
 .debug_abbrev  0x0000000000000870      0x2b3 app/src/main.o
 .debug_abbrev  0x0000000000000b23      0x210 asf/sam/utils/cmsis/sam3x/source/templates/system_sam3x.o
 .debug_abbrev  0x0000000000000d33      0x1c0 asf/sam/utils/cmsis/sam3x/source/templates/exceptions.o
 .debug_abbrev  0x0000000000000ef3      0x1e2 asf/sam/utils/cmsis/sam3x/source/templates/gcc/startup_sam3x.o
 .debug_abbrev  0x00000000000010d5      0x2fb asf/common/services/clock/sam3x/sysclk.o
 .debug_abbrev  0x00000000000013d0      0x246 asf/sam/utils/syscalls/gcc/syscalls.o
 .debug_abbrev  0x0000000000001616      0x2e3 asf/sam/drivers/pmc/pmc.o
 .debug_abbrev  0x00000000000018f9      0x2c1 asf/sam/drivers/pio/pio.o
 .debug_abbrev  0x0000000000001bba      0x1cf asf/common/services/delay/sam/cycle_counter.o
 .debug_abbrev  0x0000000000001d89      0x266 asf/sam/drivers/tc/tc.o
 .debug_abbrev  0x0000000000001fef       0x14 /usr/lib/gcc/arm-none-eabi/7.3.1/thumb/v7-m/libgcc.a(_aeabi_uldivmod.o)
 .debug_abbrev  0x0000000000002003      0x199 /usr/lib/gcc/arm-none-eabi/7.3.1/thumb/v7-m/libgcc.a(_udivmoddi4.o)
 .debug_abbrev  0x000000000000219c       0x14 /usr/lib/gcc/arm-none-eabi/7.3.1/thumb/v7-m/libgcc.a(_dvmd_tls.o)
 .debug_abbrev  0x00000000000021b0      0x201 /usr/lib/gcc/arm-none-eabi/7.3.1/../../../arm-none-eabi/lib/thumb/v7-m/libc.a(lib_a-atexit.o)
 .debug_abbrev  0x00000000000023b1       0xbd /usr/lib/gcc/arm-none-eabi/7.3.1/../../../arm-none-eabi/lib/thumb/v7-m/libc.a(lib_a-fini.o)
 .debug_abbrev  0x000000000000246e      0x192 /usr/lib/gcc/arm-none-eabi/7.3.1/../../../arm-none-eabi/lib/thumb/v7-m/libc.a(lib_a-impure.o)
 .debug_abbrev  0x0000000000002600       0xba /usr/lib/gcc/arm-none-eabi/7.3.1/../../../arm-none-eabi/lib/thumb/v7-m/libc.a(lib_a-init.o)
 .debug_abbrev  0x00000000000026ba      0x1de /usr/lib/gcc/arm-none-eabi/7.3.1/../../../arm-none-eabi/lib/thumb/v7-m/libc.a(lib_a-memset.o)
 .debug_abbrev  0x0000000000002898      0x258 /usr/lib/gcc/arm-none-eabi/7.3.1/../../../arm-none-eabi/lib/thumb/v7-m/libc.a(lib_a-sprintf.o)
 .debug_abbrev  0x0000000000002af0      0x1a7 /usr/lib/gcc/arm-none-eabi/7.3.1/../../../arm-none-eabi/lib/thumb/v7-m/libc.a(lib_a-strlen-stub.o)
 .debug_abbrev  0x0000000000002c97      0x399 /usr/lib/gcc/arm-none-eabi/7.3.1/../../../arm-none-eabi/lib/thumb/v7-m/libc.a(lib_a-svfprintf.o)
 .debug_abbrev  0x0000000000003030      0x212 /usr/lib/gcc/arm-none-eabi/7.3.1/../../../arm-none-eabi/lib/thumb/v7-m/libc.a(lib_a-__atexit.o)
 .debug_abbrev  0x0000000000003242      0x286 /usr/lib/gcc/arm-none-eabi/7.3.1/../../../arm-none-eabi/lib/thumb/v7-m/libc.a(lib_a-__call_atexit.o)
 .debug_abbrev  0x00000000000034c8      0x2d4 /usr/lib/gcc/arm-none-eabi/7.3.1/../../../arm-none-eabi/lib/thumb/v7-m/libc.a(lib_a-dtoa.o)
 .debug_abbrev  0x000000000000379c      0x291 /usr/lib/gcc/arm-none-eabi/7.3.1/../../../arm-none-eabi/lib/thumb/v7-m/libc.a(lib_a-freer.o)
 .debug_abbrev  0x0000000000003a2d      0x29b /usr/lib/gcc/arm-none-eabi/7.3.1/../../../arm-none-eabi/lib/thumb/v7-m/libc.a(lib_a-locale.o)
 .debug_abbrev  0x0000000000003cc8      0x23e /usr/lib/gcc/arm-none-eabi/7.3.1/../../../arm-none-eabi/lib/thumb/v7-m/libc.a(lib_a-localeconv.o)
 .debug_abbrev  0x0000000000003f06      0x2cd /usr/lib/gcc/arm-none-eabi/7.3.1/../../../arm-none-eabi/lib/thumb/v7-m/libc.a(lib_a-mallocr.o)
 .debug_abbrev  0x00000000000041d3      0x222 /usr/lib/gcc/arm-none-eabi/7.3.1/../../../arm-none-eabi/lib/thumb/v7-m/libc.a(lib_a-mbtowc_r.o)
 .debug_abbrev  0x00000000000043f5      0x1db /usr/lib/gcc/arm-none-eabi/7.3.1/../../../arm-none-eabi/lib/thumb/v7-m/libc.a(lib_a-memchr-stub.o)
 .debug_abbrev  0x00000000000045d0       0x14 /usr/lib/gcc/arm-none-eabi/7.3.1/../../../arm-none-eabi/lib/thumb/v7-m/libc.a(lib_a-memcpy.o)
 .debug_abbrev  0x00000000000045e4      0x1e3 /usr/lib/gcc/arm-none-eabi/7.3.1/../../../arm-none-eabi/lib/thumb/v7-m/libc.a(lib_a-memmove.o)
 .debug_abbrev  0x00000000000047c7      0x1d7 /usr/lib/gcc/arm-none-eabi/7.3.1/../../../arm-none-eabi/lib/thumb/v7-m/libc.a(lib_a-mlock.o)
 .debug_abbrev  0x000000000000499e      0x3e1 /usr/lib/gcc/arm-none-eabi/7.3.1/../../../arm-none-eabi/lib/thumb/v7-m/libc.a(lib_a-mprec.o)
 .debug_abbrev  0x0000000000004d7f      0x262 /usr/lib/gcc/arm-none-eabi/7.3.1/../../../arm-none-eabi/lib/thumb/v7-m/libc.a(lib_a-reallocr.o)
 .debug_abbrev  0x0000000000004fe1      0x215 /usr/lib/gcc/arm-none-eabi/7.3.1/../../../arm-none-eabi/lib/thumb/v7-m/libc.a(lib_a-sbrkr.o)
 .debug_abbrev  0x00000000000051f6      0x2fe /usr/lib/gcc/arm-none-eabi/7.3.1/../../../arm-none-eabi/lib/thumb/v7-m/libc.a(lib_a-svfiprintf.o)
 .debug_abbrev  0x00000000000054f4      0x21b /usr/lib/gcc/arm-none-eabi/7.3.1/../../../arm-none-eabi/lib/thumb/v7-m/libc.a(lib_a-wctomb_r.o)
 .debug_abbrev  0x000000000000570f      0x235 /usr/lib/gcc/arm-none-eabi/7.3.1/../../../arm-none-eabi/lib/thumb/v7-m/libc.a(lib_a-callocr.o)
 .debug_abbrev  0x0000000000005944      0x190 /usr/lib/gcc/arm-none-eabi/7.3.1/../../../arm-none-eabi/lib/thumb/v7-m/libc.a(lib_a-ctype_.o)
 .debug_abbrev  0x0000000000005ad4      0x291 /usr/lib/gcc/arm-none-eabi/7.3.1/../../../arm-none-eabi/lib/thumb/v7-m/libc.a(lib_a-reent.o)
 .debug_abbrev  0x0000000000005d65       0x14 /usr/lib/gcc/arm-none-eabi/7.3.1/thumb/v7-m/libgcc.a(_arm_addsubdf3.o)
 .debug_abbrev  0x0000000000005d79       0x14 /usr/lib/gcc/arm-none-eabi/7.3.1/thumb/v7-m/libgcc.a(_arm_muldivdf3.o)
 .debug_abbrev  0x0000000000005d8d       0x14 /usr/lib/gcc/arm-none-eabi/7.3.1/thumb/v7-m/libgcc.a(_arm_cmpdf2.o)
 .debug_abbrev  0x0000000000005da1       0x14 /usr/lib/gcc/arm-none-eabi/7.3.1/thumb/v7-m/libgcc.a(_arm_unorddf2.o)
 .debug_abbrev  0x0000000000005db5       0x14 /usr/lib/gcc/arm-none-eabi/7.3.1/thumb/v7-m/libgcc.a(_arm_fixdfsi.o)

.debug_aranges  0x0000000000000000      0xb88
 .debug_aranges
                0x0000000000000000       0xa8 app/src/lcd.o
 .debug_aranges
                0x00000000000000a8       0x90 app/src/bord.o
 .debug_aranges
                0x0000000000000138       0x38 app/src/main.o
 .debug_aranges
                0x0000000000000170       0x30 asf/sam/utils/cmsis/sam3x/source/templates/system_sam3x.o
 .debug_aranges
                0x00000000000001a0       0x20 asf/sam/utils/cmsis/sam3x/source/templates/exceptions.o
 .debug_aranges
                0x00000000000001c0       0x20 asf/sam/utils/cmsis/sam3x/source/templates/gcc/startup_sam3x.o
 .debug_aranges
                0x00000000000001e0       0x98 asf/common/services/clock/sam3x/sysclk.o
 .debug_aranges
                0x0000000000000278       0x60 asf/sam/utils/syscalls/gcc/syscalls.o
 .debug_aranges
                0x00000000000002d8      0x200 asf/sam/drivers/pmc/pmc.o
 .debug_aranges
                0x00000000000004d8      0x148 asf/sam/drivers/pio/pio.o
 .debug_aranges
                0x0000000000000620       0x20 asf/common/services/delay/sam/cycle_counter.o
 .debug_aranges
                0x0000000000000640       0xd0 asf/sam/drivers/tc/tc.o
 .debug_aranges
                0x0000000000000710       0x20 /usr/lib/gcc/arm-none-eabi/7.3.1/thumb/v7-m/libgcc.a(_aeabi_uldivmod.o)
 .debug_aranges
                0x0000000000000730       0x20 /usr/lib/gcc/arm-none-eabi/7.3.1/thumb/v7-m/libgcc.a(_udivmoddi4.o)
 .debug_aranges
                0x0000000000000750       0x20 /usr/lib/gcc/arm-none-eabi/7.3.1/thumb/v7-m/libgcc.a(_dvmd_tls.o)
 .debug_aranges
                0x0000000000000770       0x20 /usr/lib/gcc/arm-none-eabi/7.3.1/../../../arm-none-eabi/lib/thumb/v7-m/libc.a(lib_a-atexit.o)
 .debug_aranges
                0x0000000000000790       0x20 /usr/lib/gcc/arm-none-eabi/7.3.1/../../../arm-none-eabi/lib/thumb/v7-m/libc.a(lib_a-fini.o)
 .debug_aranges
                0x00000000000007b0       0x18 /usr/lib/gcc/arm-none-eabi/7.3.1/../../../arm-none-eabi/lib/thumb/v7-m/libc.a(lib_a-impure.o)
 .debug_aranges
                0x00000000000007c8       0x20 /usr/lib/gcc/arm-none-eabi/7.3.1/../../../arm-none-eabi/lib/thumb/v7-m/libc.a(lib_a-init.o)
 .debug_aranges
                0x00000000000007e8       0x20 /usr/lib/gcc/arm-none-eabi/7.3.1/../../../arm-none-eabi/lib/thumb/v7-m/libc.a(lib_a-memset.o)
 .debug_aranges
                0x0000000000000808       0x20 /usr/lib/gcc/arm-none-eabi/7.3.1/../../../arm-none-eabi/lib/thumb/v7-m/libc.a(lib_a-sprintf.o)
 .debug_aranges
                0x0000000000000828       0x20 /usr/lib/gcc/arm-none-eabi/7.3.1/../../../arm-none-eabi/lib/thumb/v7-m/libc.a(lib_a-strlen-stub.o)
 .debug_aranges
                0x0000000000000848       0x20 /usr/lib/gcc/arm-none-eabi/7.3.1/../../../arm-none-eabi/lib/thumb/v7-m/libc.a(lib_a-svfprintf.o)
 .debug_aranges
                0x0000000000000868       0x20 /usr/lib/gcc/arm-none-eabi/7.3.1/../../../arm-none-eabi/lib/thumb/v7-m/libc.a(lib_a-__atexit.o)
 .debug_aranges
                0x0000000000000888       0x28 /usr/lib/gcc/arm-none-eabi/7.3.1/../../../arm-none-eabi/lib/thumb/v7-m/libc.a(lib_a-__call_atexit.o)
 .debug_aranges
                0x00000000000008b0       0x20 /usr/lib/gcc/arm-none-eabi/7.3.1/../../../arm-none-eabi/lib/thumb/v7-m/libc.a(lib_a-dtoa.o)
 .debug_aranges
                0x00000000000008d0       0x20 /usr/lib/gcc/arm-none-eabi/7.3.1/../../../arm-none-eabi/lib/thumb/v7-m/libc.a(lib_a-freer.o)
 .debug_aranges
                0x00000000000008f0       0x20 /usr/lib/gcc/arm-none-eabi/7.3.1/../../../arm-none-eabi/lib/thumb/v7-m/libc.a(lib_a-locale.o)
 .debug_aranges
                0x0000000000000910       0x20 /usr/lib/gcc/arm-none-eabi/7.3.1/../../../arm-none-eabi/lib/thumb/v7-m/libc.a(lib_a-localeconv.o)
 .debug_aranges
                0x0000000000000930       0x20 /usr/lib/gcc/arm-none-eabi/7.3.1/../../../arm-none-eabi/lib/thumb/v7-m/libc.a(lib_a-mallocr.o)
 .debug_aranges
                0x0000000000000950       0x20 /usr/lib/gcc/arm-none-eabi/7.3.1/../../../arm-none-eabi/lib/thumb/v7-m/libc.a(lib_a-mbtowc_r.o)
 .debug_aranges
                0x0000000000000970       0x20 /usr/lib/gcc/arm-none-eabi/7.3.1/../../../arm-none-eabi/lib/thumb/v7-m/libc.a(lib_a-memchr-stub.o)
 .debug_aranges
                0x0000000000000990       0x20 /usr/lib/gcc/arm-none-eabi/7.3.1/../../../arm-none-eabi/lib/thumb/v7-m/libc.a(lib_a-memcpy.o)
 .debug_aranges
                0x00000000000009b0       0x20 /usr/lib/gcc/arm-none-eabi/7.3.1/../../../arm-none-eabi/lib/thumb/v7-m/libc.a(lib_a-memmove.o)
 .debug_aranges
                0x00000000000009d0       0x20 /usr/lib/gcc/arm-none-eabi/7.3.1/../../../arm-none-eabi/lib/thumb/v7-m/libc.a(lib_a-mlock.o)
 .debug_aranges
                0x00000000000009f0       0x20 /usr/lib/gcc/arm-none-eabi/7.3.1/../../../arm-none-eabi/lib/thumb/v7-m/libc.a(lib_a-mprec.o)
 .debug_aranges
                0x0000000000000a10       0x20 /usr/lib/gcc/arm-none-eabi/7.3.1/../../../arm-none-eabi/lib/thumb/v7-m/libc.a(lib_a-reallocr.o)
 .debug_aranges
                0x0000000000000a30       0x20 /usr/lib/gcc/arm-none-eabi/7.3.1/../../../arm-none-eabi/lib/thumb/v7-m/libc.a(lib_a-sbrkr.o)
 .debug_aranges
                0x0000000000000a50       0x20 /usr/lib/gcc/arm-none-eabi/7.3.1/../../../arm-none-eabi/lib/thumb/v7-m/libc.a(lib_a-svfiprintf.o)
 .debug_aranges
                0x0000000000000a70       0x20 /usr/lib/gcc/arm-none-eabi/7.3.1/../../../arm-none-eabi/lib/thumb/v7-m/libc.a(lib_a-wctomb_r.o)
 .debug_aranges
                0x0000000000000a90       0x20 /usr/lib/gcc/arm-none-eabi/7.3.1/../../../arm-none-eabi/lib/thumb/v7-m/libc.a(lib_a-callocr.o)
 .debug_aranges
                0x0000000000000ab0       0x18 /usr/lib/gcc/arm-none-eabi/7.3.1/../../../arm-none-eabi/lib/thumb/v7-m/libc.a(lib_a-ctype_.o)
 .debug_aranges
                0x0000000000000ac8       0x20 /usr/lib/gcc/arm-none-eabi/7.3.1/../../../arm-none-eabi/lib/thumb/v7-m/libc.a(lib_a-reent.o)
 .debug_aranges
                0x0000000000000ae8       0x20 /usr/lib/gcc/arm-none-eabi/7.3.1/thumb/v7-m/libgcc.a(_arm_addsubdf3.o)
 .debug_aranges
                0x0000000000000b08       0x20 /usr/lib/gcc/arm-none-eabi/7.3.1/thumb/v7-m/libgcc.a(_arm_muldivdf3.o)
 .debug_aranges
                0x0000000000000b28       0x20 /usr/lib/gcc/arm-none-eabi/7.3.1/thumb/v7-m/libgcc.a(_arm_cmpdf2.o)
 .debug_aranges
                0x0000000000000b48       0x20 /usr/lib/gcc/arm-none-eabi/7.3.1/thumb/v7-m/libgcc.a(_arm_unorddf2.o)
 .debug_aranges
                0x0000000000000b68       0x20 /usr/lib/gcc/arm-none-eabi/7.3.1/thumb/v7-m/libgcc.a(_arm_fixdfsi.o)

.debug_ranges   0x0000000000000000      0xc40
 .debug_ranges  0x0000000000000000       0xb0 app/src/lcd.o
 .debug_ranges  0x00000000000000b0       0xc8 app/src/bord.o
 .debug_ranges  0x0000000000000178       0x28 app/src/main.o
 .debug_ranges  0x00000000000001a0       0x20 asf/sam/utils/cmsis/sam3x/source/templates/system_sam3x.o
 .debug_ranges  0x00000000000001c0       0x10 asf/sam/utils/cmsis/sam3x/source/templates/exceptions.o
 .debug_ranges  0x00000000000001d0       0x10 asf/sam/utils/cmsis/sam3x/source/templates/gcc/startup_sam3x.o
 .debug_ranges  0x00000000000001e0       0x88 asf/common/services/clock/sam3x/sysclk.o
 .debug_ranges  0x0000000000000268       0x50 asf/sam/utils/syscalls/gcc/syscalls.o
 .debug_ranges  0x00000000000002b8      0x1f0 asf/sam/drivers/pmc/pmc.o
 .debug_ranges  0x00000000000004a8      0x138 asf/sam/drivers/pio/pio.o
 .debug_ranges  0x00000000000005e0       0x10 asf/common/services/delay/sam/cycle_counter.o
 .debug_ranges  0x00000000000005f0       0xc0 asf/sam/drivers/tc/tc.o
 .debug_ranges  0x00000000000006b0       0xf8 /usr/lib/gcc/arm-none-eabi/7.3.1/thumb/v7-m/libgcc.a(_udivmoddi4.o)
 .debug_ranges  0x00000000000007a8       0x10 /usr/lib/gcc/arm-none-eabi/7.3.1/../../../arm-none-eabi/lib/thumb/v7-m/libc.a(lib_a-strlen-stub.o)
 .debug_ranges  0x00000000000007b8      0x180 /usr/lib/gcc/arm-none-eabi/7.3.1/../../../arm-none-eabi/lib/thumb/v7-m/libc.a(lib_a-svfprintf.o)
 .debug_ranges  0x0000000000000938       0x40 /usr/lib/gcc/arm-none-eabi/7.3.1/../../../arm-none-eabi/lib/thumb/v7-m/libc.a(lib_a-__call_atexit.o)
 .debug_ranges  0x0000000000000978       0x20 /usr/lib/gcc/arm-none-eabi/7.3.1/../../../arm-none-eabi/lib/thumb/v7-m/libc.a(lib_a-locale.o)
 .debug_ranges  0x0000000000000998       0x40 /usr/lib/gcc/arm-none-eabi/7.3.1/../../../arm-none-eabi/lib/thumb/v7-m/libc.a(lib_a-mallocr.o)
 .debug_ranges  0x00000000000009d8       0x88 /usr/lib/gcc/arm-none-eabi/7.3.1/../../../arm-none-eabi/lib/thumb/v7-m/libc.a(lib_a-mprec.o)
 .debug_ranges  0x0000000000000a60      0x130 /usr/lib/gcc/arm-none-eabi/7.3.1/../../../arm-none-eabi/lib/thumb/v7-m/libc.a(lib_a-reallocr.o)
 .debug_ranges  0x0000000000000b90       0x58 /usr/lib/gcc/arm-none-eabi/7.3.1/../../../arm-none-eabi/lib/thumb/v7-m/libc.a(lib_a-svfiprintf.o)
 .debug_ranges  0x0000000000000be8       0x58 /usr/lib/gcc/arm-none-eabi/7.3.1/../../../arm-none-eabi/lib/thumb/v7-m/libc.a(lib_a-callocr.o)

.debug_macro    0x0000000000000000    0x170f5
 .debug_macro   0x0000000000000000      0x61f app/src/lcd.o
 .debug_macro   0x000000000000061f      0xa6c app/src/lcd.o
 .debug_macro   0x000000000000108b      0x652 app/src/lcd.o
 .debug_macro   0x00000000000016dd       0x34 app/src/lcd.o
 .debug_macro   0x0000000000001711      0x16d app/src/lcd.o
 .debug_macro   0x000000000000187e       0x76 app/src/lcd.o
 .debug_macro   0x00000000000018f4       0x16 app/src/lcd.o
 .debug_macro   0x000000000000190a      0x6e4 app/src/lcd.o
 .debug_macro   0x0000000000001fee       0x22 app/src/lcd.o
 .debug_macro   0x0000000000002010       0x8e app/src/lcd.o
 .debug_macro   0x000000000000209e       0x51 app/src/lcd.o
 .debug_macro   0x00000000000020ef       0xef app/src/lcd.o
 .debug_macro   0x00000000000021de       0x6a app/src/lcd.o
 .debug_macro   0x0000000000002248      0x1df app/src/lcd.o
 .debug_macro   0x0000000000002427       0x20 app/src/lcd.o
 .debug_macro   0x0000000000002447       0x3a app/src/lcd.o
 .debug_macro   0x0000000000002481       0x2d app/src/lcd.o
 .debug_macro   0x00000000000024ae      0xbb1 app/src/lcd.o
 .debug_macro   0x000000000000305f      0xab6 app/src/lcd.o
 .debug_macro   0x0000000000003b15      0x569 app/src/lcd.o
 .debug_macro   0x000000000000407e      0x2b5 app/src/lcd.o
 .debug_macro   0x0000000000004333      0x31a app/src/lcd.o
 .debug_macro   0x000000000000464d      0x74f app/src/lcd.o
 .debug_macro   0x0000000000004d9c       0x82 app/src/lcd.o
 .debug_macro   0x0000000000004e1e      0x57b app/src/lcd.o
 .debug_macro   0x0000000000005399       0x1c app/src/lcd.o
 .debug_macro   0x00000000000053b5      0x6b7 app/src/lcd.o
 .debug_macro   0x0000000000005a6c      0x52d app/src/lcd.o
 .debug_macro   0x0000000000005f99       0xbe app/src/lcd.o
 .debug_macro   0x0000000000006057     0x2342 app/src/lcd.o
 .debug_macro   0x0000000000008399      0x85d app/src/lcd.o
 .debug_macro   0x0000000000008bf6      0xdc9 app/src/lcd.o
 .debug_macro   0x00000000000099bf       0x7c app/src/lcd.o
 .debug_macro   0x0000000000009a3b      0x263 app/src/lcd.o
 .debug_macro   0x0000000000009c9e       0x58 app/src/lcd.o
 .debug_macro   0x0000000000009cf6      0x9a7 app/src/lcd.o
 .debug_macro   0x000000000000a69d      0x248 app/src/lcd.o
 .debug_macro   0x000000000000a8e5      0x4df app/src/lcd.o
 .debug_macro   0x000000000000adc4      0x6b3 app/src/lcd.o
 .debug_macro   0x000000000000b477      0x59f app/src/lcd.o
 .debug_macro   0x000000000000ba16       0x46 app/src/lcd.o
 .debug_macro   0x000000000000ba5c      0x34d app/src/lcd.o
 .debug_macro   0x000000000000bda9      0x28c app/src/lcd.o
 .debug_macro   0x000000000000c035     0x14d7 app/src/lcd.o
 .debug_macro   0x000000000000d50c      0x7ba app/src/lcd.o
 .debug_macro   0x000000000000dcc6       0x76 app/src/lcd.o
 .debug_macro   0x000000000000dd3c       0x82 app/src/lcd.o
 .debug_macro   0x000000000000ddbe       0x76 app/src/lcd.o
 .debug_macro   0x000000000000de34       0x4c app/src/lcd.o
 .debug_macro   0x000000000000de80      0x105 app/src/lcd.o
 .debug_macro   0x000000000000df85      0x105 app/src/lcd.o
 .debug_macro   0x000000000000e08a      0x105 app/src/lcd.o
 .debug_macro   0x000000000000e18f       0x88 app/src/lcd.o
 .debug_macro   0x000000000000e217       0x88 app/src/lcd.o
 .debug_macro   0x000000000000e29f      0x3b4 app/src/lcd.o
 .debug_macro   0x000000000000e653       0xb8 app/src/lcd.o
 .debug_macro   0x000000000000e70b       0xb8 app/src/lcd.o
 .debug_macro   0x000000000000e7c3       0xb8 app/src/lcd.o
 .debug_macro   0x000000000000e87b       0xb8 app/src/lcd.o
 .debug_macro   0x000000000000e933      0x2b8 app/src/lcd.o
 .debug_macro   0x000000000000ebeb      0x125 app/src/lcd.o
 .debug_macro   0x000000000000ed10      0x225 app/src/lcd.o
 .debug_macro   0x000000000000ef35      0x225 app/src/lcd.o
 .debug_macro   0x000000000000f15a       0x2e app/src/lcd.o
 .debug_macro   0x000000000000f188       0xac app/src/lcd.o
 .debug_macro   0x000000000000f234      0x14d app/src/lcd.o
 .debug_macro   0x000000000000f381       0x7c app/src/lcd.o
 .debug_macro   0x000000000000f3fd      0x205 app/src/lcd.o
 .debug_macro   0x000000000000f602       0x64 app/src/lcd.o
 .debug_macro   0x000000000000f666       0xa6 app/src/lcd.o
 .debug_macro   0x000000000000f70c       0x7c app/src/lcd.o
 .debug_macro   0x000000000000f788       0x16 app/src/lcd.o
 .debug_macro   0x000000000000f79e       0x22 app/src/lcd.o
 .debug_macro   0x000000000000f7c0       0x22 app/src/lcd.o
 .debug_macro   0x000000000000f7e2      0x115 app/src/lcd.o
 .debug_macro   0x000000000000f8f7      0x115 app/src/lcd.o
 .debug_macro   0x000000000000fa0c      0x115 app/src/lcd.o
 .debug_macro   0x000000000000fb21      0x115 app/src/lcd.o
 .debug_macro   0x000000000000fc36       0x1c app/src/lcd.o
 .debug_macro   0x000000000000fc52       0x2e app/src/lcd.o
 .debug_macro   0x000000000000fc80       0x22 app/src/lcd.o
 .debug_macro   0x000000000000fca2       0x1c app/src/lcd.o
 .debug_macro   0x000000000000fcbe       0x58 app/src/lcd.o
 .debug_macro   0x000000000000fd16       0x10 app/src/lcd.o
 .debug_macro   0x000000000000fd26      0x273 app/src/lcd.o
 .debug_macro   0x000000000000ff99      0xd43 app/src/lcd.o
 .debug_macro   0x0000000000010cdc      0x131 app/src/lcd.o
 .debug_macro   0x0000000000010e0d       0x52 app/src/lcd.o
 .debug_macro   0x0000000000010e5f       0x18 app/src/lcd.o
 .debug_macro   0x0000000000010e77       0x35 app/src/lcd.o
 .debug_macro   0x0000000000010eac       0x34 app/src/lcd.o
 .debug_macro   0x0000000000010ee0       0x16 app/src/lcd.o
 .debug_macro   0x0000000000010ef6       0x35 app/src/lcd.o
 .debug_macro   0x0000000000010f2b      0x35c app/src/lcd.o
 .debug_macro   0x0000000000011287       0x10 app/src/lcd.o
 .debug_macro   0x0000000000011297       0x52 app/src/lcd.o
 .debug_macro   0x00000000000112e9       0x1f app/src/lcd.o
 .debug_macro   0x0000000000011308       0x43 app/src/lcd.o
 .debug_macro   0x000000000001134b       0x20 app/src/lcd.o
 .debug_macro   0x000000000001136b      0x18e app/src/lcd.o
 .debug_macro   0x00000000000114f9       0x10 app/src/lcd.o
 .debug_macro   0x0000000000011509       0x1c app/src/lcd.o
 .debug_macro   0x0000000000011525       0x52 app/src/lcd.o
 .debug_macro   0x0000000000011577       0x40 app/src/lcd.o
 .debug_macro   0x00000000000115b7       0x10 app/src/lcd.o
 .debug_macro   0x00000000000115c7       0x40 app/src/lcd.o
 .debug_macro   0x0000000000011607       0xd7 app/src/lcd.o
 .debug_macro   0x00000000000116de       0x1c app/src/lcd.o
 .debug_macro   0x00000000000116fa       0x3d app/src/lcd.o
 .debug_macro   0x0000000000011737       0x16 app/src/lcd.o
 .debug_macro   0x000000000001174d      0x16f app/src/lcd.o
 .debug_macro   0x00000000000118bc       0x22 app/src/lcd.o
 .debug_macro   0x00000000000118de       0x16 app/src/lcd.o
 .debug_macro   0x00000000000118f4       0x16 app/src/lcd.o
 .debug_macro   0x000000000001190a       0x29 app/src/lcd.o
 .debug_macro   0x0000000000011933       0x75 app/src/lcd.o
 .debug_macro   0x00000000000119a8       0x45 app/src/lcd.o
 .debug_macro   0x00000000000119ed      0x3ca app/src/lcd.o
 .debug_macro   0x0000000000011db7      0x2b9 app/src/lcd.o
 .debug_macro   0x0000000000012070      0x790 app/src/lcd.o
 .debug_macro   0x0000000000012800       0x5e app/src/lcd.o
 .debug_macro   0x000000000001285e       0x64 app/src/lcd.o
 .debug_macro   0x00000000000128c2       0x5f app/src/lcd.o
 .debug_macro   0x0000000000012921       0x90 app/src/lcd.o
 .debug_macro   0x00000000000129b1       0x28 app/src/lcd.o
 .debug_macro   0x00000000000129d9       0x23 app/src/lcd.o
 .debug_macro   0x00000000000129fc       0x70 app/src/lcd.o
 .debug_macro   0x0000000000012a6c       0xd6 app/src/lcd.o
 .debug_macro   0x0000000000012b42      0x659 app/src/bord.o
 .debug_macro   0x000000000001319b       0x3f app/src/bord.o
 .debug_macro   0x00000000000131da       0x94 app/src/bord.o
 .debug_macro   0x000000000001326e      0x2bf app/src/bord.o
 .debug_macro   0x000000000001352d       0x6a app/src/bord.o
 .debug_macro   0x0000000000013597       0x22 app/src/bord.o
 .debug_macro   0x00000000000135b9      0x663 app/src/main.o
 .debug_macro   0x0000000000013c1c       0xdc app/src/main.o
 .debug_macro   0x0000000000013cf8      0x57f asf/sam/utils/cmsis/sam3x/source/templates/system_sam3x.o
 .debug_macro   0x0000000000014277       0x26 asf/sam/utils/cmsis/sam3x/source/templates/system_sam3x.o
 .debug_macro   0x000000000001429d      0x571 asf/sam/utils/cmsis/sam3x/source/templates/exceptions.o
 .debug_macro   0x000000000001480e      0x57f asf/sam/utils/cmsis/sam3x/source/templates/gcc/startup_sam3x.o
 .debug_macro   0x0000000000014d8d      0x5df asf/common/services/clock/sam3x/sysclk.o
 .debug_macro   0x000000000001536c      0x1e3 asf/sam/utils/syscalls/gcc/syscalls.o
 .debug_macro   0x000000000001554f       0x4c asf/sam/utils/syscalls/gcc/syscalls.o
 .debug_macro   0x000000000001559b       0x94 asf/sam/utils/syscalls/gcc/syscalls.o
 .debug_macro   0x000000000001562f       0x57 asf/sam/utils/syscalls/gcc/syscalls.o
 .debug_macro   0x0000000000015686       0x97 asf/sam/utils/syscalls/gcc/syscalls.o
 .debug_macro   0x000000000001571d       0xf6 asf/sam/utils/syscalls/gcc/syscalls.o
 .debug_macro   0x0000000000015813       0x4c asf/sam/utils/syscalls/gcc/syscalls.o
 .debug_macro   0x000000000001585f       0x16 asf/sam/utils/syscalls/gcc/syscalls.o
 .debug_macro   0x0000000000015875       0x10 asf/sam/utils/syscalls/gcc/syscalls.o
 .debug_macro   0x0000000000015885       0x10 asf/sam/utils/syscalls/gcc/syscalls.o
 .debug_macro   0x0000000000015895       0x35 asf/sam/utils/syscalls/gcc/syscalls.o
 .debug_macro   0x00000000000158ca      0x122 asf/sam/utils/syscalls/gcc/syscalls.o
 .debug_macro   0x00000000000159ec      0x572 asf/sam/drivers/pmc/pmc.o
 .debug_macro   0x0000000000015f5e       0x58 asf/sam/drivers/pmc/pmc.o
 .debug_macro   0x0000000000015fb6      0x578 asf/sam/drivers/pio/pio.o
 .debug_macro   0x000000000001652e       0x8e asf/sam/drivers/pio/pio.o
 .debug_macro   0x00000000000165bc      0x56c asf/common/services/delay/sam/cycle_counter.o
 .debug_macro   0x0000000000016b28       0x22 asf/common/services/delay/sam/cycle_counter.o
 .debug_macro   0x0000000000016b4a      0x579 asf/sam/drivers/tc/tc.o
 .debug_macro   0x00000000000170c3       0x16 asf/sam/drivers/tc/tc.o
 .debug_macro   0x00000000000170d9       0x1c asf/sam/drivers/tc/tc.o

.debug_line     0x0000000000000000     0xd116
 .debug_line    0x0000000000000000      0xe48 app/src/lcd.o
 .debug_line    0x0000000000000e48      0xe53 app/src/bord.o
 .debug_line    0x0000000000001c9b      0xca7 app/src/main.o
 .debug_line    0x0000000000002942      0xab8 asf/sam/utils/cmsis/sam3x/source/templates/system_sam3x.o
 .debug_line    0x00000000000033fa      0xa06 asf/sam/utils/cmsis/sam3x/source/templates/exceptions.o
 .debug_line    0x0000000000003e00      0xa26 asf/sam/utils/cmsis/sam3x/source/templates/gcc/startup_sam3x.o
 .debug_line    0x0000000000004826      0xc8a asf/common/services/clock/sam3x/sysclk.o
 .debug_line    0x00000000000054b0      0x2fa asf/sam/utils/syscalls/gcc/syscalls.o
 .debug_line    0x00000000000057aa      0xff5 asf/sam/drivers/pmc/pmc.o
 .debug_line    0x000000000000679f      0xd15 asf/sam/drivers/pio/pio.o
 .debug_line    0x00000000000074b4      0x9fb asf/common/services/delay/sam/cycle_counter.o
 .debug_line    0x0000000000007eaf      0xb99 asf/sam/drivers/tc/tc.o
 .debug_line    0x0000000000008a48       0x5d /usr/lib/gcc/arm-none-eabi/7.3.1/thumb/v7-m/libgcc.a(_aeabi_uldivmod.o)
 .debug_line    0x0000000000008aa5      0x24f /usr/lib/gcc/arm-none-eabi/7.3.1/thumb/v7-m/libgcc.a(_udivmoddi4.o)
 .debug_line    0x0000000000008cf4       0x5d /usr/lib/gcc/arm-none-eabi/7.3.1/thumb/v7-m/libgcc.a(_dvmd_tls.o)
 .debug_line    0x0000000000008d51      0x127 /usr/lib/gcc/arm-none-eabi/7.3.1/../../../arm-none-eabi/lib/thumb/v7-m/libc.a(lib_a-atexit.o)
 .debug_line    0x0000000000008e78       0x9f /usr/lib/gcc/arm-none-eabi/7.3.1/../../../arm-none-eabi/lib/thumb/v7-m/libc.a(lib_a-fini.o)
 .debug_line    0x0000000000008f17       0xd4 /usr/lib/gcc/arm-none-eabi/7.3.1/../../../arm-none-eabi/lib/thumb/v7-m/libc.a(lib_a-impure.o)
 .debug_line    0x0000000000008feb       0xba /usr/lib/gcc/arm-none-eabi/7.3.1/../../../arm-none-eabi/lib/thumb/v7-m/libc.a(lib_a-init.o)
 .debug_line    0x00000000000090a5      0x1b8 /usr/lib/gcc/arm-none-eabi/7.3.1/../../../arm-none-eabi/lib/thumb/v7-m/libc.a(lib_a-memset.o)
 .debug_line    0x000000000000925d      0x177 /usr/lib/gcc/arm-none-eabi/7.3.1/../../../arm-none-eabi/lib/thumb/v7-m/libc.a(lib_a-sprintf.o)
 .debug_line    0x00000000000093d4      0x128 /usr/lib/gcc/arm-none-eabi/7.3.1/../../../arm-none-eabi/lib/thumb/v7-m/libc.a(lib_a-strlen-stub.o)
 .debug_line    0x00000000000094fc      0x94e /usr/lib/gcc/arm-none-eabi/7.3.1/../../../arm-none-eabi/lib/thumb/v7-m/libc.a(lib_a-svfprintf.o)
 .debug_line    0x0000000000009e4a      0x147 /usr/lib/gcc/arm-none-eabi/7.3.1/../../../arm-none-eabi/lib/thumb/v7-m/libc.a(lib_a-__atexit.o)
 .debug_line    0x0000000000009f91      0x175 /usr/lib/gcc/arm-none-eabi/7.3.1/../../../arm-none-eabi/lib/thumb/v7-m/libc.a(lib_a-__call_atexit.o)
 .debug_line    0x000000000000a106      0x6c1 /usr/lib/gcc/arm-none-eabi/7.3.1/../../../arm-none-eabi/lib/thumb/v7-m/libc.a(lib_a-dtoa.o)
 .debug_line    0x000000000000a7c7      0x25f /usr/lib/gcc/arm-none-eabi/7.3.1/../../../arm-none-eabi/lib/thumb/v7-m/libc.a(lib_a-freer.o)
 .debug_line    0x000000000000aa26      0x1c8 /usr/lib/gcc/arm-none-eabi/7.3.1/../../../arm-none-eabi/lib/thumb/v7-m/libc.a(lib_a-locale.o)
 .debug_line    0x000000000000abee      0x149 /usr/lib/gcc/arm-none-eabi/7.3.1/../../../arm-none-eabi/lib/thumb/v7-m/libc.a(lib_a-localeconv.o)
 .debug_line    0x000000000000ad37      0x378 /usr/lib/gcc/arm-none-eabi/7.3.1/../../../arm-none-eabi/lib/thumb/v7-m/libc.a(lib_a-mallocr.o)
 .debug_line    0x000000000000b0af      0x1a3 /usr/lib/gcc/arm-none-eabi/7.3.1/../../../arm-none-eabi/lib/thumb/v7-m/libc.a(lib_a-mbtowc_r.o)
 .debug_line    0x000000000000b252      0x15e /usr/lib/gcc/arm-none-eabi/7.3.1/../../../arm-none-eabi/lib/thumb/v7-m/libc.a(lib_a-memchr-stub.o)
 .debug_line    0x000000000000b3b0       0xbe /usr/lib/gcc/arm-none-eabi/7.3.1/../../../arm-none-eabi/lib/thumb/v7-m/libc.a(lib_a-memcpy.o)
 .debug_line    0x000000000000b46e      0x1c7 /usr/lib/gcc/arm-none-eabi/7.3.1/../../../arm-none-eabi/lib/thumb/v7-m/libc.a(lib_a-memmove.o)
 .debug_line    0x000000000000b635      0x11a /usr/lib/gcc/arm-none-eabi/7.3.1/../../../arm-none-eabi/lib/thumb/v7-m/libc.a(lib_a-mlock.o)
 .debug_line    0x000000000000b74f      0x5f4 /usr/lib/gcc/arm-none-eabi/7.3.1/../../../arm-none-eabi/lib/thumb/v7-m/libc.a(lib_a-mprec.o)
 .debug_line    0x000000000000bd43      0x261 /usr/lib/gcc/arm-none-eabi/7.3.1/../../../arm-none-eabi/lib/thumb/v7-m/libc.a(lib_a-reallocr.o)
 .debug_line    0x000000000000bfa4      0x130 /usr/lib/gcc/arm-none-eabi/7.3.1/../../../arm-none-eabi/lib/thumb/v7-m/libc.a(lib_a-sbrkr.o)
 .debug_line    0x000000000000c0d4      0x62d /usr/lib/gcc/arm-none-eabi/7.3.1/../../../arm-none-eabi/lib/thumb/v7-m/libc.a(lib_a-svfiprintf.o)
 .debug_line    0x000000000000c701      0x199 /usr/lib/gcc/arm-none-eabi/7.3.1/../../../arm-none-eabi/lib/thumb/v7-m/libc.a(lib_a-wctomb_r.o)
 .debug_line    0x000000000000c89a      0x138 /usr/lib/gcc/arm-none-eabi/7.3.1/../../../arm-none-eabi/lib/thumb/v7-m/libc.a(lib_a-callocr.o)
 .debug_line    0x000000000000c9d2      0x139 /usr/lib/gcc/arm-none-eabi/7.3.1/../../../arm-none-eabi/lib/thumb/v7-m/libc.a(lib_a-ctype_.o)
 .debug_line    0x000000000000cb0b      0x153 /usr/lib/gcc/arm-none-eabi/7.3.1/../../../arm-none-eabi/lib/thumb/v7-m/libc.a(lib_a-reent.o)
 .debug_line    0x000000000000cc5e      0x182 /usr/lib/gcc/arm-none-eabi/7.3.1/thumb/v7-m/libgcc.a(_arm_addsubdf3.o)
 .debug_line    0x000000000000cde0      0x19b /usr/lib/gcc/arm-none-eabi/7.3.1/thumb/v7-m/libgcc.a(_arm_muldivdf3.o)
 .debug_line    0x000000000000cf7b       0xba /usr/lib/gcc/arm-none-eabi/7.3.1/thumb/v7-m/libgcc.a(_arm_cmpdf2.o)
 .debug_line    0x000000000000d035       0x6b /usr/lib/gcc/arm-none-eabi/7.3.1/thumb/v7-m/libgcc.a(_arm_unorddf2.o)
 .debug_line    0x000000000000d0a0       0x76 /usr/lib/gcc/arm-none-eabi/7.3.1/thumb/v7-m/libgcc.a(_arm_fixdfsi.o)

.debug_str      0x0000000000000000    0x66190
 .debug_str     0x0000000000000000    0x611d7 app/src/lcd.o
                                      0x61620 (size before relaxing)
 .debug_str     0x00000000000611d7      0xa6f app/src/bord.o
                                      0x61d11 (size before relaxing)
 .debug_str     0x0000000000061c46      0x2e7 app/src/main.o
                                      0x61ae2 (size before relaxing)
 .debug_str     0x0000000000061f2d      0x2dd asf/sam/utils/cmsis/sam3x/source/templates/system_sam3x.o
                                      0x5d0a1 (size before relaxing)
 .debug_str     0x000000000006220a       0x46 asf/sam/utils/cmsis/sam3x/source/templates/exceptions.o
                                      0x5cdc9 (size before relaxing)
 .debug_str     0x0000000000062250      0x10f asf/sam/utils/cmsis/sam3x/source/templates/gcc/startup_sam3x.o
                                      0x5ceae (size before relaxing)
 .debug_str     0x000000000006235f      0x147 asf/common/services/clock/sam3x/sysclk.o
                                      0x60d28 (size before relaxing)
 .debug_str     0x00000000000624a6      0x769 asf/sam/utils/syscalls/gcc/syscalls.o
                                       0x7a8f (size before relaxing)
 .debug_str     0x0000000000062c0f      0x660 asf/sam/drivers/pmc/pmc.o
                                      0x5d7ca (size before relaxing)
 .debug_str     0x000000000006326f      0x41a asf/sam/drivers/pio/pio.o
                                      0x5d754 (size before relaxing)
 .debug_str     0x0000000000063689       0x2e asf/common/services/delay/sam/cycle_counter.o
                                      0x5cf24 (size before relaxing)
 .debug_str     0x00000000000636b7      0x2d2 asf/sam/drivers/tc/tc.o
                                      0x5d158 (size before relaxing)
 .debug_str     0x0000000000063989       0x73 /usr/lib/gcc/arm-none-eabi/7.3.1/thumb/v7-m/libgcc.a(_aeabi_uldivmod.o)
 .debug_str     0x00000000000639fc     0x130e /usr/lib/gcc/arm-none-eabi/7.3.1/thumb/v7-m/libgcc.a(_udivmoddi4.o)
                                       0x13e9 (size before relaxing)
 .debug_str     0x0000000000064d0a       0x2d /usr/lib/gcc/arm-none-eabi/7.3.1/thumb/v7-m/libgcc.a(_dvmd_tls.o)
                                         0x77 (size before relaxing)
 .debug_str     0x0000000000064d37      0x148 /usr/lib/gcc/arm-none-eabi/7.3.1/../../../arm-none-eabi/lib/thumb/v7-m/libc.a(lib_a-atexit.o)
                                        0x5cd (size before relaxing)
 .debug_str     0x0000000000064e7f       0xa9 /usr/lib/gcc/arm-none-eabi/7.3.1/../../../arm-none-eabi/lib/thumb/v7-m/libc.a(lib_a-fini.o)
                                        0x1dc (size before relaxing)
 .debug_str     0x0000000000064f28       0x83 /usr/lib/gcc/arm-none-eabi/7.3.1/../../../arm-none-eabi/lib/thumb/v7-m/libc.a(lib_a-impure.o)
                                        0x582 (size before relaxing)
 .debug_str     0x0000000000064fab       0x8d /usr/lib/gcc/arm-none-eabi/7.3.1/../../../arm-none-eabi/lib/thumb/v7-m/libc.a(lib_a-init.o)
                                        0x206 (size before relaxing)
 .debug_str     0x0000000000065038      0x2de /usr/lib/gcc/arm-none-eabi/7.3.1/../../../arm-none-eabi/lib/thumb/v7-m/libc.a(lib_a-memset.o)
                                        0x8af (size before relaxing)
 .debug_str     0x0000000000065316      0x1bd /usr/lib/gcc/arm-none-eabi/7.3.1/../../../arm-none-eabi/lib/thumb/v7-m/libc.a(lib_a-sprintf.o)
                                        0x6fd (size before relaxing)
 .debug_str     0x00000000000654d3       0x92 /usr/lib/gcc/arm-none-eabi/7.3.1/../../../arm-none-eabi/lib/thumb/v7-m/libc.a(lib_a-strlen-stub.o)
                                        0x598 (size before relaxing)
 .debug_str     0x0000000000065565      0x239 /usr/lib/gcc/arm-none-eabi/7.3.1/../../../arm-none-eabi/lib/thumb/v7-m/libc.a(lib_a-svfprintf.o)
                                        0xc6a (size before relaxing)
 .debug_str     0x000000000006579e       0x4c /usr/lib/gcc/arm-none-eabi/7.3.1/../../../arm-none-eabi/lib/thumb/v7-m/libc.a(lib_a-__atexit.o)
                                        0x5eb (size before relaxing)
 .debug_str     0x00000000000657ea       0x71 /usr/lib/gcc/arm-none-eabi/7.3.1/../../../arm-none-eabi/lib/thumb/v7-m/libc.a(lib_a-__call_atexit.o)
                                        0x5fe (size before relaxing)
 .debug_str     0x000000000006585b      0x167 /usr/lib/gcc/arm-none-eabi/7.3.1/../../../arm-none-eabi/lib/thumb/v7-m/libc.a(lib_a-dtoa.o)
                                        0xa88 (size before relaxing)
 .debug_str     0x00000000000659c2      0x1a6 /usr/lib/gcc/arm-none-eabi/7.3.1/../../../arm-none-eabi/lib/thumb/v7-m/libc.a(lib_a-freer.o)
                                        0x763 (size before relaxing)
 .debug_str     0x0000000000065b68      0x101 /usr/lib/gcc/arm-none-eabi/7.3.1/../../../arm-none-eabi/lib/thumb/v7-m/libc.a(lib_a-locale.o)
                                        0x954 (size before relaxing)
 .debug_str     0x0000000000065c69       0x5e /usr/lib/gcc/arm-none-eabi/7.3.1/../../../arm-none-eabi/lib/thumb/v7-m/libc.a(lib_a-localeconv.o)
                                        0x914 (size before relaxing)
 .debug_str     0x0000000000065cc7       0xb6 /usr/lib/gcc/arm-none-eabi/7.3.1/../../../arm-none-eabi/lib/thumb/v7-m/libc.a(lib_a-mallocr.o)
                                        0x7ea (size before relaxing)
 .debug_str     0x0000000000065d7d       0x52 /usr/lib/gcc/arm-none-eabi/7.3.1/../../../arm-none-eabi/lib/thumb/v7-m/libc.a(lib_a-mbtowc_r.o)
                                        0x925 (size before relaxing)
 .debug_str     0x0000000000065dcf       0x4c /usr/lib/gcc/arm-none-eabi/7.3.1/../../../arm-none-eabi/lib/thumb/v7-m/libc.a(lib_a-memchr-stub.o)
                                        0x5b2 (size before relaxing)
 .debug_str     0x0000000000065e1b       0x40 /usr/lib/gcc/arm-none-eabi/7.3.1/../../../arm-none-eabi/lib/thumb/v7-m/libc.a(lib_a-memcpy.o)
                                         0x9b (size before relaxing)
 .debug_str     0x0000000000065e5b       0x5b /usr/lib/gcc/arm-none-eabi/7.3.1/../../../arm-none-eabi/lib/thumb/v7-m/libc.a(lib_a-memmove.o)
                                        0x8ce (size before relaxing)
 .debug_str     0x0000000000065eb6       0x49 /usr/lib/gcc/arm-none-eabi/7.3.1/../../../arm-none-eabi/lib/thumb/v7-m/libc.a(lib_a-mlock.o)
                                        0x5ae (size before relaxing)
 .debug_str     0x0000000000065eff       0x8a /usr/lib/gcc/arm-none-eabi/7.3.1/../../../arm-none-eabi/lib/thumb/v7-m/libc.a(lib_a-mprec.o)
                                        0xa31 (size before relaxing)
 .debug_str     0x0000000000065f89       0x61 /usr/lib/gcc/arm-none-eabi/7.3.1/../../../arm-none-eabi/lib/thumb/v7-m/libc.a(lib_a-reallocr.o)
                                        0x7a1 (size before relaxing)
 .debug_str     0x0000000000065fea       0x2f /usr/lib/gcc/arm-none-eabi/7.3.1/../../../arm-none-eabi/lib/thumb/v7-m/libc.a(lib_a-sbrkr.o)
                                        0x5c5 (size before relaxing)
 .debug_str     0x0000000000066019       0x15 /usr/lib/gcc/arm-none-eabi/7.3.1/../../../arm-none-eabi/lib/thumb/v7-m/libc.a(lib_a-svfiprintf.o)
                                        0xbeb (size before relaxing)
 .debug_str     0x000000000006602e       0x53 /usr/lib/gcc/arm-none-eabi/7.3.1/../../../arm-none-eabi/lib/thumb/v7-m/libc.a(lib_a-wctomb_r.o)
                                        0x92c (size before relaxing)
 .debug_str     0x0000000000066081        0xf /usr/lib/gcc/arm-none-eabi/7.3.1/../../../arm-none-eabi/lib/thumb/v7-m/libc.a(lib_a-callocr.o)
                                        0x70e (size before relaxing)
 .debug_str     0x0000000000066090       0x77 /usr/lib/gcc/arm-none-eabi/7.3.1/../../../arm-none-eabi/lib/thumb/v7-m/libc.a(lib_a-ctype_.o)
                                        0x89a (size before relaxing)
 .debug_str     0x0000000000066107       0x5b /usr/lib/gcc/arm-none-eabi/7.3.1/../../../arm-none-eabi/lib/thumb/v7-m/libc.a(lib_a-reent.o)
                                        0x5be (size before relaxing)
 .debug_str     0x0000000000066162       0x2e /usr/lib/gcc/arm-none-eabi/7.3.1/thumb/v7-m/libgcc.a(_arm_addsubdf3.o)
                                         0x78 (size before relaxing)
 .debug_str     0x0000000000066190       0x78 /usr/lib/gcc/arm-none-eabi/7.3.1/thumb/v7-m/libgcc.a(_arm_muldivdf3.o)
 .debug_str     0x0000000000066190       0x78 /usr/lib/gcc/arm-none-eabi/7.3.1/thumb/v7-m/libgcc.a(_arm_cmpdf2.o)
 .debug_str     0x0000000000066190       0x78 /usr/lib/gcc/arm-none-eabi/7.3.1/thumb/v7-m/libgcc.a(_arm_unorddf2.o)
 .debug_str     0x0000000000066190       0x78 /usr/lib/gcc/arm-none-eabi/7.3.1/thumb/v7-m/libgcc.a(_arm_fixdfsi.o)

.debug_frame    0x0000000000000000     0x27e4
 .debug_frame   0x0000000000000000      0x2a8 app/src/lcd.o
 .debug_frame   0x00000000000002a8      0x220 app/src/bord.o
 .debug_frame   0x00000000000004c8       0x98 app/src/main.o
 .debug_frame   0x0000000000000560       0x78 asf/sam/utils/cmsis/sam3x/source/templates/system_sam3x.o
 .debug_frame   0x00000000000005d8       0x28 asf/sam/utils/cmsis/sam3x/source/templates/exceptions.o
 .debug_frame   0x0000000000000600       0x30 asf/sam/utils/cmsis/sam3x/source/templates/gcc/startup_sam3x.o
 .debug_frame   0x0000000000000630      0x23c asf/common/services/clock/sam3x/sysclk.o
 .debug_frame   0x000000000000086c      0x164 asf/sam/utils/syscalls/gcc/syscalls.o
 .debug_frame   0x00000000000009d0      0x8ec asf/sam/drivers/pmc/pmc.o
 .debug_frame   0x00000000000012bc      0x5e0 asf/sam/drivers/pio/pio.o
 .debug_frame   0x000000000000189c       0x20 asf/common/services/delay/sam/cycle_counter.o
 .debug_frame   0x00000000000018bc      0x3a8 asf/sam/drivers/tc/tc.o
 .debug_frame   0x0000000000001c64       0x2c /usr/lib/gcc/arm-none-eabi/7.3.1/thumb/v7-m/libgcc.a(_aeabi_uldivmod.o)
 .debug_frame   0x0000000000001c90       0x34 /usr/lib/gcc/arm-none-eabi/7.3.1/thumb/v7-m/libgcc.a(_udivmoddi4.o)
 .debug_frame   0x0000000000001cc4       0x20 /usr/lib/gcc/arm-none-eabi/7.3.1/../../../arm-none-eabi/lib/thumb/v7-m/libc.a(lib_a-atexit.o)
 .debug_frame   0x0000000000001ce4       0x34 /usr/lib/gcc/arm-none-eabi/7.3.1/../../../arm-none-eabi/lib/thumb/v7-m/libc.a(lib_a-fini.o)
 .debug_frame   0x0000000000001d18       0x2c /usr/lib/gcc/arm-none-eabi/7.3.1/../../../arm-none-eabi/lib/thumb/v7-m/libc.a(lib_a-init.o)
 .debug_frame   0x0000000000001d44       0x38 /usr/lib/gcc/arm-none-eabi/7.3.1/../../../arm-none-eabi/lib/thumb/v7-m/libc.a(lib_a-memset.o)