Archive member included to satisfy reference by file (symbol)

/usr/lib/gcc/arm-none-eabi/7.3.1/../../../arm-none-eabi/lib/thumb/v7-m/libm.a(lib_a-s_sin.o)
                              app/src/main.o (sin)
/usr/lib/gcc/arm-none-eabi/7.3.1/../../../arm-none-eabi/lib/thumb/v7-m/libm.a(lib_a-e_rem_pio2.o)
                              /usr/lib/gcc/arm-none-eabi/7.3.1/../../../arm-none-eabi/lib/thumb/v7-m/libm.a(lib_a-s_sin.o) (__ieee754_rem_pio2)
/usr/lib/gcc/arm-none-eabi/7.3.1/../../../arm-none-eabi/lib/thumb/v7-m/libm.a(lib_a-k_cos.o)
                              /usr/lib/gcc/arm-none-eabi/7.3.1/../../../arm-none-eabi/lib/thumb/v7-m/libm.a(lib_a-s_sin.o) (__kernel_cos)
/usr/lib/gcc/arm-none-eabi/7.3.1/../../../arm-none-eabi/lib/thumb/v7-m/libm.a(lib_a-k_rem_pio2.o)
                              /usr/lib/gcc/arm-none-eabi/7.3.1/../../../arm-none-eabi/lib/thumb/v7-m/libm.a(lib_a-e_rem_pio2.o) (__kernel_rem_pio2)
/usr/lib/gcc/arm-none-eabi/7.3.1/../../../arm-none-eabi/lib/thumb/v7-m/libm.a(lib_a-k_sin.o)
                              /usr/lib/gcc/arm-none-eabi/7.3.1/../../../arm-none-eabi/lib/thumb/v7-m/libm.a(lib_a-s_sin.o) (__kernel_sin)
/usr/lib/gcc/arm-none-eabi/7.3.1/../../../arm-none-eabi/lib/thumb/v7-m/libm.a(lib_a-s_fabs.o)
                              /usr/lib/gcc/arm-none-eabi/7.3.1/../../../arm-none-eabi/lib/thumb/v7-m/libm.a(lib_a-e_rem_pio2.o) (fabs)
/usr/lib/gcc/arm-none-eabi/7.3.1/../../../arm-none-eabi/lib/thumb/v7-m/libm.a(lib_a-s_floor.o)
                              /usr/lib/gcc/arm-none-eabi/7.3.1/../../../arm-none-eabi/lib/thumb/v7-m/libm.a(lib_a-k_rem_pio2.o) (floor)
/usr/lib/gcc/arm-none-eabi/7.3.1/../../../arm-none-eabi/lib/thumb/v7-m/libm.a(lib_a-s_scalbn.o)
                              /usr/lib/gcc/arm-none-eabi/7.3.1/../../../arm-none-eabi/lib/thumb/v7-m/libm.a(lib_a-k_rem_pio2.o) (scalbn)
/usr/lib/gcc/arm-none-eabi/7.3.1/thumb/v7-m/libgcc.a(_arm_addsubdf3.o)
                              /usr/lib/gcc/arm-none-eabi/7.3.1/../../../arm-none-eabi/lib/thumb/v7-m/libm.a(lib_a-s_sin.o) (__aeabi_dsub)
/usr/lib/gcc/arm-none-eabi/7.3.1/thumb/v7-m/libgcc.a(_arm_muldivdf3.o)
                              app/src/main.o (__aeabi_dmul)
/usr/lib/gcc/arm-none-eabi/7.3.1/thumb/v7-m/libgcc.a(_arm_cmpdf2.o)
                              /usr/lib/gcc/arm-none-eabi/7.3.1/../../../arm-none-eabi/lib/thumb/v7-m/libm.a(lib_a-e_rem_pio2.o) (__aeabi_dcmpeq)
/usr/lib/gcc/arm-none-eabi/7.3.1/thumb/v7-m/libgcc.a(_arm_fixdfsi.o)
                              /usr/lib/gcc/arm-none-eabi/7.3.1/../../../arm-none-eabi/lib/thumb/v7-m/libm.a(lib_a-e_rem_pio2.o) (__aeabi_d2iz)
/usr/lib/gcc/arm-none-eabi/7.3.1/thumb/v7-m/libgcc.a(_arm_fixunsdfsi.o)
                              app/src/main.o (__aeabi_d2uiz)
/usr/lib/gcc/arm-none-eabi/7.3.1/thumb/v7-m/libgcc.a(_arm_addsubsf3.o)
                              app/src/dacc_lib.o (__aeabi_ui2f)
/usr/lib/gcc/arm-none-eabi/7.3.1/thumb/v7-m/libgcc.a(_arm_muldivsf3.o)
                              app/src/dacc_lib.o (__aeabi_fmul)
/usr/lib/gcc/arm-none-eabi/7.3.1/thumb/v7-m/libgcc.a(_arm_fixunssfsi.o)
                              app/src/dacc_lib.o (__aeabi_f2uiz)
/usr/lib/gcc/arm-none-eabi/7.3.1/thumb/v7-m/libgcc.a(_aeabi_uldivmod.o)
                              app/src/rtos.o (__aeabi_uldivmod)
/usr/lib/gcc/arm-none-eabi/7.3.1/thumb/v7-m/libgcc.a(_udivmoddi4.o)
                              /usr/lib/gcc/arm-none-eabi/7.3.1/thumb/v7-m/libgcc.a(_aeabi_uldivmod.o) (__udivmoddi4)
/usr/lib/gcc/arm-none-eabi/7.3.1/thumb/v7-m/libgcc.a(_dvmd_tls.o)
                              /usr/lib/gcc/arm-none-eabi/7.3.1/thumb/v7-m/libgcc.a(_aeabi_uldivmod.o) (__aeabi_ldiv0)
/usr/lib/gcc/arm-none-eabi/7.3.1/../../../arm-none-eabi/lib/thumb/v7-m/libc.a(lib_a-atexit.o)
                              /usr/lib/gcc/arm-none-eabi/7.3.1/../../../arm-none-eabi/lib/thumb/v7-m/crt0.o (atexit)
/usr/lib/gcc/arm-none-eabi/7.3.1/../../../arm-none-eabi/lib/thumb/v7-m/libc.a(lib_a-exit.o)
                              /usr/lib/gcc/arm-none-eabi/7.3.1/../../../arm-none-eabi/lib/thumb/v7-m/crt0.o (exit)
/usr/lib/gcc/arm-none-eabi/7.3.1/../../../arm-none-eabi/lib/thumb/v7-m/libc.a(lib_a-fini.o)
                              /usr/lib/gcc/arm-none-eabi/7.3.1/../../../arm-none-eabi/lib/thumb/v7-m/crt0.o (__libc_fini_array)
/usr/lib/gcc/arm-none-eabi/7.3.1/../../../arm-none-eabi/lib/thumb/v7-m/libc.a(lib_a-impure.o)
                              /usr/lib/gcc/arm-none-eabi/7.3.1/../../../arm-none-eabi/lib/thumb/v7-m/libc.a(lib_a-exit.o) (_global_impure_ptr)
/usr/lib/gcc/arm-none-eabi/7.3.1/../../../arm-none-eabi/lib/thumb/v7-m/libc.a(lib_a-init.o)
                              /usr/lib/gcc/arm-none-eabi/7.3.1/../../../arm-none-eabi/lib/thumb/v7-m/crt0.o (__libc_init_array)
/usr/lib/gcc/arm-none-eabi/7.3.1/../../../arm-none-eabi/lib/thumb/v7-m/libc.a(lib_a-iprintf.o)
                              asf/sam/drivers/adc/adc.o (iprintf)
[...]
Memory Configuration

Name             Origin             Length             Attributes
rom              0x0000000000080000 0x0000000000080000 xr
sram0            0x0000000020000000 0x0000000000010000 xrw
sram1            0x0000000020080000 0x0000000000008000 xrw
ram              0x0000000020070000 0x0000000000018000 xrw
*default*        0x0000000000000000 0xffffffffffffffff

Linker script and memory map

LOAD /usr/lib/gcc/arm-none-eabi/7.3.1/thumb/v7-m/crti.o
LOAD /usr/lib/gcc/arm-none-eabi/7.3.1/thumb/v7-m/crtbegin.o
LOAD /usr/lib/gcc/arm-none-eabi/7.3.1/../../../arm-none-eabi/lib/thumb/v7-m/crt0.o
                0x0000000000002000                __stack_size__ = DEFINED (__stack_size__)?__stack_size__:0x2000
                0x0000000020087ffc                __ram_end__ = ((ORIGIN (ram) + LENGTH (ram)) - 0x4)

.text           0x0000000000080000     0xa474
                0x0000000000080000                . = ALIGN (0x4)
                0x0000000000080000                _sfixed = .
 *(.vectors .vectors.*)
 .vectors       0x0000000000080000       0xf4 asf/sam/utils/cmsis/sam3x/source/templates/gcc/startup_sam3x.o
                0x0000000000080000                exception_table
 *(.text .text.* .gnu.linkonce.t.*)
 .text          0x00000000000800f4       0x88 /usr/lib/gcc/arm-none-eabi/7.3.1/thumb/v7-m/crtbegin.o
 .text.NVIC_SetPriority
                0x000000000008017c       0x54 app/src/rtos.o
 .text.rtos_init
                0x00000000000801d0       0xa4 app/src/rtos.o
                0x00000000000801d0                rtos_init
 .text.rtos_enable
                0x0000000000080274       0x1c app/src/rtos.o
                0x0000000000080274                rtos_enable
 .text.SysTick_Handler
                0x0000000000080290       0xbc app/src/rtos.o
                0x0000000000080290                SysTick_Handler
 .text.osc_get_rate
                0x000000000008034c       0x74 app/src/lcd.o
 .text.sysclk_get_main_hz
                0x00000000000803c0       0x18 app/src/lcd.o
 .text.sysclk_get_cpu_hz
                0x00000000000803d8       0x10 app/src/lcd.o
 .text.sysclk_enable_peripheral_clock
                0x00000000000803e8       0x16 app/src/lcd.o
 .text.ioport_init
                0x00000000000803fe       0x20 app/src/lcd.o
 .text.ioport_set_pin_dir
                0x000000000008041e       0x86 app/src/lcd.o
 .text.ioport_set_pin_level
                0x00000000000804a4       0x6a app/src/lcd.o
 .text.ioport_get_pin_level
                0x000000000008050e       0x4e app/src/lcd.o
 *fill*         0x000000000008055c        0x4 
 .text.busy     0x0000000000080560      0x164 app/src/lcd.o
                0x0000000000080560                busy
 *fill*         0x00000000000806c4        0x4 
 .text.lcd_write_high
                0x00000000000806c8       0xf4 app/src/lcd.o
                0x00000000000806c8                lcd_write_high
 *fill*         0x00000000000807bc        0x4 
 .text.lcd_write_low
                0x00000000000807c0       0xfc app/src/lcd.o
                0x00000000000807c0                lcd_write_low
 .text.lcd_write_half_comm
                0x00000000000808bc       0x22 app/src/lcd.o
                0x00000000000808bc                lcd_write_half_comm
 .text.lcd_write_comm
                0x00000000000808de       0x22 app/src/lcd.o
                0x00000000000808de                lcd_write_comm
 .text.lcd_write_data
                0x0000000000080900       0x2a app/src/lcd.o
                0x0000000000080900                lcd_write_data
 *fill*         0x000000000008092a        0x6 
 .text.lcd_init
                0x0000000000080930      0x26c app/src/lcd.o
                0x0000000000080930                lcd_init
 .text.lcd_driver
                0x0000000000080b9c       0x60 app/src/lcd.o
                0x0000000000080b9c                lcd_driver
 .text.sysclk_enable_peripheral_clock
                0x0000000000080bfc       0x16 app/src/dacc_lib.o
 *fill*         0x0000000000080c12        0x2 
 .text.dacc_setup
                0x0000000000080c14       0x3c app/src/dacc_lib.o
                0x0000000000080c14                dacc_setup
 .text.TC0_Handler
                0x0000000000080c50       0xec app/src/dacc_lib.o
                0x0000000000080c50                TC0_Handler
 .text.ioport_set_pin_level
                0x0000000000080d3c       0x6a app/src/rtos_task.o
 .text.ioport_toggle_pin_level
                0x0000000000080da6       0x6c app/src/rtos_task.o
 *fill*         0x0000000000080e12        0x2 
 .text.ura_driver
                0x0000000000080e14       0x3c app/src/rtos_task.o
                0x0000000000080e14                ura_driver
 .text.text_driver
                0x0000000000080e50      0x140 app/src/rtos_task.o
                0x0000000000080e50                text_driver
 .text.buttons_driver
                0x0000000000080f90       0x7c app/src/rtos_task.o
                0x0000000000080f90                buttons_driver
 .text.led_driver
                0x000000000008100c       0xdc app/src/rtos_task.o
                0x000000000008100c                led_driver
 .text.sent_driver
                0x00000000000810e8       0x58 app/src/rtos_task.o
                0x00000000000810e8                sent_driver
 .text.text_driver1
                0x0000000000081140       0xb0 app/src/rtos_task.o
                0x0000000000081140                text_driver1
 .text.buttons_driver1
                0x00000000000811f0       0x44 app/src/rtos_task.o
                0x00000000000811f0                buttons_driver1
 .text.ura_driver2
                0x0000000000081234       0x3c app/src/rtos_task.o
                0x0000000000081234                ura_driver2
 .text.text_driver2
                0x0000000000081270       0x78 app/src/rtos_task.o
                0x0000000000081270                text_driver2
 .text.buttons_driver2
                0x00000000000812e8       0x84 app/src/rtos_task.o
                0x00000000000812e8                buttons_driver2
 .text.led_driver2
                0x000000000008136c       0xdc app/src/rtos_task.o
                0x000000000008136c                led_driver2
 .text.ura_driver3
                0x0000000000081448       0x38 app/src/rtos_task.o
                0x0000000000081448                ura_driver3
 .text.calc_driver
                0x0000000000081480       0xac app/src/rtos_task.o
                0x0000000000081480                calc_driver
 .text.buttons_driver3
                0x000000000008152c       0x8c app/src/rtos_task.o
                0x000000000008152c                buttons_driver3
 .text.change   0x00000000000815b8       0x50 app/src/rtos_task.o
                0x00000000000815b8                change
 .text.NVIC_EnableIRQ
                0x0000000000081608       0x30 app/src/bord.o
 .text.NVIC_SetPriority
                0x0000000000081638       0x54 app/src/bord.o
 .text.sysclk_enable_peripheral_clock
                0x000000000008168c       0x16 app/src/bord.o
 .text.ioport_init
                0x00000000000816a2       0x20 app/src/bord.o
 .text.ioport_enable_pin
                0x00000000000816c2       0x48 app/src/bord.o
 .text.ioport_set_pin_mode
                0x000000000008170a       0xd8 app/src/bord.o
 .text.ioport_set_pin_dir
                0x00000000000817e2       0x86 app/src/bord.o
 .text.ioport_set_pin_level
                0x0000000000081868       0x6a app/src/bord.o
 .text.ioport_get_pin_level
                0x00000000000818d2       0x4e app/src/bord.o
 .text.bord_init
                0x0000000000081920       0xfc app/src/bord.o
                0x0000000000081920                bord_init
 .text.get_button_state
                0x0000000000081a1c       0xa2 app/src/bord.o
                0x0000000000081a1c                get_button_state
 *fill*         0x0000000000081abe        0x2 
 .text.get_button_press
                0x0000000000081ac0       0xe8 app/src/bord.o
                0x0000000000081ac0                get_button_press
 .text.adc_setup
                0x0000000000081ba8       0x54 app/src/bord.o
                0x0000000000081ba8                adc_setup
 *fill*         0x0000000000081bfc        0x4 
 .text.adc_read1
                0x0000000000081c00       0xa4 app/src/bord.o
                0x0000000000081c00                adc_read1
 .text.timer_init
                0x0000000000081ca4       0x50 app/src/bord.o
                0x0000000000081ca4                timer_init
 .text.NVIC_EnableIRQ
                0x0000000000081cf4       0x30 app/src/main.o
 *fill*         0x0000000000081d24        0x4 
 .text.main     0x0000000000081d28      0x130 app/src/main.o
                0x0000000000081d28                main
 .text.NVIC_EnableIRQ
                0x0000000000081e58       0x30 app/src/uart_handler.o
 .text.NVIC_SetPriority
                0x0000000000081e88       0x54 app/src/uart_handler.o
 .text.sysclk_enable_peripheral_clock
                0x0000000000081edc       0x16 app/src/uart_handler.o
 .text.sysclk_disable_peripheral_clock
                0x0000000000081ef2       0x16 app/src/uart_handler.o
 .text.uart_start
                0x0000000000081f08       0x74 app/src/uart_handler.o
                0x0000000000081f08                uart_start
 .text.UART_Handler
                0x0000000000081f7c      0x220 app/src/uart_handler.o
                0x0000000000081f7c                UART_Handler
 .text.fifo_read
                0x000000000008219c       0x7c app/src/fifo.o
                0x000000000008219c                fifo_read
 .text.fifo_write
                0x0000000000082218       0xb0 app/src/fifo.o
                0x0000000000082218                fifo_write
 .text.fifo_look
                0x00000000000822c8       0x64 app/src/fifo.o
                0x00000000000822c8                fifo_look
 .text.SystemCoreClockUpdate
                0x000000000008232c      0x180 asf/sam/utils/cmsis/sam3x/source/templates/system_sam3x.o
                0x000000000008232c                SystemCoreClockUpdate
 .text.Dummy_Handler
                0x00000000000824ac        0x6 asf/sam/utils/cmsis/sam3x/source/templates/exceptions.o
                0x00000000000824ac                DACC_Handler
                0x00000000000824ac                DebugMon_Handler
                0x00000000000824ac                DMAC_Handler
                0x00000000000824ac                TRNG_Handler
                0x00000000000824ac                HardFault_Handler
                0x00000000000824ac                TC2_Handler
                0x00000000000824ac                USART3_Handler
                0x00000000000824ac                TWI1_Handler
                0x00000000000824ac                PendSV_Handler
                0x00000000000824ac                NMI_Handler
                0x00000000000824ac                TC7_Handler
                0x00000000000824ac                ADC_Handler
                0x00000000000824ac                SMC_Handler
                0x00000000000824ac                USART0_Handler
                0x00000000000824ac                RTT_Handler
                0x00000000000824ac                EFC1_Handler
                0x00000000000824ac                PIOB_Handler
                0x00000000000824ac                RTC_Handler
                0x00000000000824ac                UsageFault_Handler
                0x00000000000824ac                TC6_Handler
                0x00000000000824ac                WDT_Handler
                0x00000000000824ac                CAN0_Handler
                0x00000000000824ac                TC4_Handler
                0x00000000000824ac                TC1_Handler
                0x00000000000824ac                HSMCI_Handler
                0x00000000000824ac                TC3_Handler
                0x00000000000824ac                Dummy_Handler
                0x00000000000824ac                TWI0_Handler
                0x00000000000824ac                USART1_Handler
                0x00000000000824ac                PIOA_Handler
                0x00000000000824ac                SSC_Handler
                0x00000000000824ac                EFC0_Handler
                0x00000000000824ac                PMC_Handler
                0x00000000000824ac                PWM_Handler
                0x00000000000824ac                CAN1_Handler
                0x00000000000824ac                MemManage_Handler
                0x00000000000824ac                SUPC_Handler
                0x00000000000824ac                SVC_Handler
                0x00000000000824ac                TC8_Handler
                0x00000000000824ac                USART2_Handler
                0x00000000000824ac                PIOD_Handler
                0x00000000000824ac                EMAC_Handler
                0x00000000000824ac                PIOC_Handler
                0x00000000000824ac                BusFault_Handler
                0x00000000000824ac                RSTC_Handler
                0x00000000000824ac                TC5_Handler
                0x00000000000824ac                UOTGHS_Handler
                0x00000000000824ac                SPI0_Handler
 *fill*         0x00000000000824b2        0x2 
 .text.Reset_Handler
                0x00000000000824b4       0xa0 asf/sam/utils/cmsis/sam3x/source/templates/gcc/startup_sam3x.o
                0x00000000000824b4                Reset_Handler
 .text.osc_enable
                0x0000000000082554       0x7c asf/common/services/clock/sam3x/sysclk.o
 .text.osc_is_ready
                0x00000000000825d0       0x68 asf/common/services/clock/sam3x/sysclk.o
 .text.osc_get_rate
                0x0000000000082638       0x74 asf/common/services/clock/sam3x/sysclk.o
 .text.osc_wait_ready
                0x00000000000826ac       0x28 asf/common/services/clock/sam3x/sysclk.o
 .text.pll_config_init
                0x00000000000826d4       0x68 asf/common/services/clock/sam3x/sysclk.o
 .text.pll_enable
                0x000000000008273c       0x3c asf/common/services/clock/sam3x/sysclk.o
 .text.pll_is_locked
                0x0000000000082778       0x24 asf/common/services/clock/sam3x/sysclk.o
 .text.pll_enable_source
                0x000000000008279c       0x2e asf/common/services/clock/sam3x/sysclk.o
 .text.pll_wait_for_lock
                0x00000000000827ca       0x20 asf/common/services/clock/sam3x/sysclk.o
 .text.sysclk_get_main_hz
                0x00000000000827ea       0x18 asf/common/services/clock/sam3x/sysclk.o
 .text.sysclk_get_cpu_hz
                0x0000000000082802       0x10 asf/common/services/clock/sam3x/sysclk.o
 *fill*         0x0000000000082812        0x2 
 .text.sysclk_init
                0x0000000000082814       0x50 asf/common/services/clock/sam3x/sysclk.o
                0x0000000000082814                sysclk_init
 .text._sbrk    0x0000000000082864       0x58 asf/sam/utils/syscalls/gcc/syscalls.o
                0x0000000000082864                _sbrk
 .text.pmc_switch_mck_to_pllack
                0x00000000000828bc       0x80 asf/sam/drivers/pmc/pmc.o
                0x00000000000828bc                pmc_switch_mck_to_pllack
 .text.pmc_switch_sclk_to_32kxtal
                0x000000000008293c       0x38 asf/sam/drivers/pmc/pmc.o
                0x000000000008293c                pmc_switch_sclk_to_32kxtal
 .text.pmc_osc_is_ready_32kxtal
                0x0000000000082974       0x34 asf/sam/drivers/pmc/pmc.o
                0x0000000000082974                pmc_osc_is_ready_32kxtal
 .text.pmc_switch_mainck_to_fastrc
                0x00000000000829a8       0x70 asf/sam/drivers/pmc/pmc.o
                0x00000000000829a8                pmc_switch_mainck_to_fastrc
 .text.pmc_switch_mainck_to_xtal
                0x0000000000082a18       0x78 asf/sam/drivers/pmc/pmc.o
                0x0000000000082a18                pmc_switch_mainck_to_xtal
 .text.pmc_osc_is_ready_mainck
                0x0000000000082a90       0x18 asf/sam/drivers/pmc/pmc.o
                0x0000000000082a90                pmc_osc_is_ready_mainck
 .text.pmc_disable_pllack
                0x0000000000082aa8       0x18 asf/sam/drivers/pmc/pmc.o
                0x0000000000082aa8                pmc_disable_pllack
 .text.pmc_is_locked_pllack
                0x0000000000082ac0       0x18 asf/sam/drivers/pmc/pmc.o
                0x0000000000082ac0                pmc_is_locked_pllack
 .text.pmc_is_locked_upll
                0x0000000000082ad8       0x18 asf/sam/drivers/pmc/pmc.o
                0x0000000000082ad8                pmc_is_locked_upll
 .text.pmc_enable_periph_clk
                0x0000000000082af0       0x7c asf/sam/drivers/pmc/pmc.o
                0x0000000000082af0                pmc_enable_periph_clk
 .text.pmc_disable_periph_clk
                0x0000000000082b6c       0x7c asf/sam/drivers/pmc/pmc.o
                0x0000000000082b6c                pmc_disable_periph_clk
 .text.pio_pull_up
                0x0000000000082be8       0x2a asf/sam/drivers/pio/pio.o
                0x0000000000082be8                pio_pull_up
 .text.pio_set_peripheral
                0x0000000000082c12       0x7e asf/sam/drivers/pio/pio.o
                0x0000000000082c12                pio_set_peripheral
 .text.adc_init
                0x0000000000082c90       0x62 asf/sam/drivers/adc/adc.o
                0x0000000000082c90                adc_init
 .text.adc_set_resolution
                0x0000000000082cf2       0x2e asf/sam/drivers/adc/adc.o
                0x0000000000082cf2                adc_set_resolution
 .text.adc_configure_trigger
                0x0000000000082d20       0x2e asf/sam/drivers/adc/adc.o
                0x0000000000082d20                adc_configure_trigger
 .text.adc_configure_timing
                0x0000000000082d4e       0x3e asf/sam/drivers/adc/adc.o
                0x0000000000082d4e                adc_configure_timing
 .text.adc_start
                0x0000000000082d8c       0x18 asf/sam/drivers/adc/adc.o
                0x0000000000082d8c                adc_start
 .text.adc_enable_channel
                0x0000000000082da4       0x24 asf/sam/drivers/adc/adc.o
                0x0000000000082da4                adc_enable_channel
 .text.adc_get_channel_value
                0x0000000000082dc8       0x32 asf/sam/drivers/adc/adc.o
                0x0000000000082dc8                adc_get_channel_value
 .text.adc_get_status
                0x0000000000082dfa       0x16 asf/sam/drivers/adc/adc.o
                0x0000000000082dfa                adc_get_status
 .text.tc_init  0x0000000000082e10       0x38 asf/sam/drivers/tc/tc.o
                0x0000000000082e10                tc_init
 .text.tc_start
                0x0000000000082e48       0x20 asf/sam/drivers/tc/tc.o
                0x0000000000082e48                tc_start
 .text.tc_write_rc
                0x0000000000082e68       0x24 asf/sam/drivers/tc/tc.o
                0x0000000000082e68                tc_write_rc
 .text.tc_enable_interrupt
                0x0000000000082e8c       0x26 asf/sam/drivers/tc/tc.o
                0x0000000000082e8c                tc_enable_interrupt
 .text.tc_get_status
                0x0000000000082eb2       0x22 asf/sam/drivers/tc/tc.o
                0x0000000000082eb2                tc_get_status
 .text.uart_init
                0x0000000000082ed4       0x60 asf/sam/drivers/uart/uart.o
                0x0000000000082ed4                uart_init
 .text.uart_enable_interrupt
                0x0000000000082f34       0x1a asf/sam/drivers/uart/uart.o
                0x0000000000082f34                uart_enable_interrupt
 .text.uart_reset_status
                0x0000000000082f4e       0x1a asf/sam/drivers/uart/uart.o
                0x0000000000082f4e                uart_reset_status
 .text.uart_write
                0x0000000000082f68       0x2e asf/sam/drivers/uart/uart.o
                0x0000000000082f68                uart_write
 .text.uart_read
                0x0000000000082f96       0x30 asf/sam/drivers/uart/uart.o
                0x0000000000082f96                uart_read
 .text.dacc_reset
                0x0000000000082fc6       0x18 asf/sam/drivers/dacc/dacc.o
                0x0000000000082fc6                dacc_reset
 .text.dacc_set_transfer_mode
                0x0000000000082fde       0x36 asf/sam/drivers/dacc/dacc.o
                0x0000000000082fde                dacc_set_transfer_mode
 .text.dacc_get_interrupt_status
                0x0000000000083014       0x16 asf/sam/drivers/dacc/dacc.o
                0x0000000000083014                dacc_get_interrupt_status
 .text.dacc_write_conversion_data
                0x000000000008302a       0x1a asf/sam/drivers/dacc/dacc.o
                0x000000000008302a                dacc_write_conversion_data
 .text.dacc_set_channel_selection
                0x0000000000083044       0x42 asf/sam/drivers/dacc/dacc.o
                0x0000000000083044                dacc_set_channel_selection
 .text.dacc_set_timing
                0x0000000000083086       0x60 asf/sam/drivers/dacc/dacc.o
                0x0000000000083086                dacc_set_timing
 .text.dacc_enable_channel
                0x00000000000830e6       0x2a asf/sam/drivers/dacc/dacc.o
                0x00000000000830e6                dacc_enable_channel
 .text          0x0000000000083110       0x90 /usr/lib/gcc/arm-none-eabi/7.3.1/../../../arm-none-eabi/lib/thumb/v7-m/libm.a(lib_a-s_sin.o)
                0x0000000000083110                sin
 .text          0x00000000000831a0      0x43c /usr/lib/gcc/arm-none-eabi/7.3.1/../../../arm-none-eabi/lib/thumb/v7-m/libm.a(lib_a-e_rem_pio2.o)
                0x00000000000831a0                __ieee754_rem_pio2
 *fill*         0x00000000000835dc        0x4 
 .text          0x00000000000835e0      0x248 /usr/lib/gcc/arm-none-eabi/7.3.1/../../../arm-none-eabi/lib/thumb/v7-m/libm.a(lib_a-k_cos.o)
                0x00000000000835e0                __kernel_cos
 .text          0x0000000000083828      0x850 /usr/lib/gcc/arm-none-eabi/7.3.1/../../../arm-none-eabi/lib/thumb/v7-m/libm.a(lib_a-k_rem_pio2.o)
                0x0000000000083828                __kernel_rem_pio2
 .text          0x0000000000084078      0x16c /usr/lib/gcc/arm-none-eabi/7.3.1/../../../arm-none-eabi/lib/thumb/v7-m/libm.a(lib_a-k_sin.o)
                0x0000000000084078                __kernel_sin
 .text          0x00000000000841e4        0x8 /usr/lib/gcc/arm-none-eabi/7.3.1/../../../arm-none-eabi/lib/thumb/v7-m/libm.a(lib_a-s_fabs.o)
                0x00000000000841e4                fabs
 *fill*         0x00000000000841ec        0x4 
 .text          0x00000000000841f0      0x108 /usr/lib/gcc/arm-none-eabi/7.3.1/../../../arm-none-eabi/lib/thumb/v7-m/libm.a(lib_a-s_floor.o)
                0x00000000000841f0                floor
 .text          0x00000000000842f8       0xf4 /usr/lib/gcc/arm-none-eabi/7.3.1/../../../arm-none-eabi/lib/thumb/v7-m/libm.a(lib_a-s_scalbn.o)
                0x00000000000842f8                scalbn
 .text          0x00000000000843ec      0x378 /usr/lib/gcc/arm-none-eabi/7.3.1/thumb/v7-m/libgcc.a(_arm_addsubdf3.o)
                0x00000000000843ec                __aeabi_drsub
                0x00000000000843f4                __aeabi_dsub
                0x00000000000843f4                __subdf3
                0x00000000000843f8                __adddf3
                0x00000000000843f8                __aeabi_dadd
                0x0000000000084670                __aeabi_ui2d
                0x0000000000084670                __floatunsidf
                0x0000000000084690                __floatsidf
                0x0000000000084690                __aeabi_i2d
                0x00000000000846b4                __extendsfdf2
                0x00000000000846b4                __aeabi_f2d
                0x00000000000846f8                __aeabi_ul2d
                0x00000000000846f8                __floatundidf
                0x0000000000084708                __floatdidf
                0x0000000000084708                __aeabi_l2d
 .text          0x0000000000084764      0x424 /usr/lib/gcc/arm-none-eabi/7.3.1/thumb/v7-m/libgcc.a(_arm_muldivdf3.o)
                0x0000000000084764                __aeabi_dmul
                0x0000000000084764                __muldf3
                0x00000000000849b8                __aeabi_ddiv
                0x00000000000849b8                __divdf3
 .text          0x0000000000084b88      0x110 /usr/lib/gcc/arm-none-eabi/7.3.1/thumb/v7-m/libgcc.a(_arm_cmpdf2.o)
                0x0000000000084b88                __gtdf2
                0x0000000000084b88                __gedf2
                0x0000000000084b90                __ltdf2
                0x0000000000084b90                __ledf2
                0x0000000000084b98                __cmpdf2
                0x0000000000084b98                __eqdf2
                0x0000000000084b98                __nedf2
                0x0000000000084c14                __aeabi_cdrcmple
                0x0000000000084c24                __aeabi_cdcmple
                0x0000000000084c24                __aeabi_cdcmpeq
                0x0000000000084c34                __aeabi_dcmpeq
                0x0000000000084c48                __aeabi_dcmplt
                0x0000000000084c5c                __aeabi_dcmple
                0x0000000000084c70                __aeabi_dcmpge
                0x0000000000084c84                __aeabi_dcmpgt
 .text          0x0000000000084c98       0x50 /usr/lib/gcc/arm-none-eabi/7.3.1/thumb/v7-m/libgcc.a(_arm_fixdfsi.o)
                0x0000000000084c98                __fixdfsi
                0x0000000000084c98                __aeabi_d2iz
 .text          0x0000000000084ce8       0x40 /usr/lib/gcc/arm-none-eabi/7.3.1/thumb/v7-m/libgcc.a(_arm_fixunsdfsi.o)
                0x0000000000084ce8                __fixunsdfsi
                0x0000000000084ce8                __aeabi_d2uiz
 .text          0x0000000000084d28      0x21c /usr/lib/gcc/arm-none-eabi/7.3.1/thumb/v7-m/libgcc.a(_arm_addsubsf3.o)
                0x0000000000084d28                __aeabi_frsub
                0x0000000000084d30                __subsf3
                0x0000000000084d30                __aeabi_fsub
                0x0000000000084d34                __aeabi_fadd
                0x0000000000084d34                __addsf3
                0x0000000000084e94                __aeabi_ui2f
                0x0000000000084e94                __floatunsisf
                0x0000000000084e9c                __aeabi_i2f
                0x0000000000084e9c                __floatsisf
                0x0000000000084eb8                __floatundisf
                0x0000000000084eb8                __aeabi_ul2f
                0x0000000000084ec8                __floatdisf
                0x0000000000084ec8                __aeabi_l2f
 .text          0x0000000000084f44      0x2a0 /usr/lib/gcc/arm-none-eabi/7.3.1/thumb/v7-m/libgcc.a(_arm_muldivsf3.o)
                0x0000000000084f44                __mulsf3
                0x0000000000084f44                __aeabi_fmul
                0x00000000000850ac                __divsf3
                0x00000000000850ac                __aeabi_fdiv
 .text          0x00000000000851e4       0x40 /usr/lib/gcc/arm-none-eabi/7.3.1/thumb/v7-m/libgcc.a(_arm_fixunssfsi.o)
                0x00000000000851e4                __aeabi_f2uiz
                0x00000000000851e4                __fixunssfsi
 .text          0x0000000000085224       0x30 /usr/lib/gcc/arm-none-eabi/7.3.1/thumb/v7-m/libgcc.a(_aeabi_uldivmod.o)
                0x0000000000085224                __aeabi_uldivmod
 .text          0x0000000000085254      0x2d0 /usr/lib/gcc/arm-none-eabi/7.3.1/thumb/v7-m/libgcc.a(_udivmoddi4.o)
                0x0000000000085254                __udivmoddi4
 .text          0x0000000000085524        0x4 /usr/lib/gcc/arm-none-eabi/7.3.1/thumb/v7-m/libgcc.a(_dvmd_tls.o)
                0x0000000000085524                __aeabi_ldiv0
                0x0000000000085524                __aeabi_idiv0
 .text          0x0000000000085528        0xc /usr/lib/gcc/arm-none-eabi/7.3.1/../../../arm-none-eabi/lib/thumb/v7-m/libc.a(lib_a-atexit.o)
                0x0000000000085528                atexit
 .text          0x0000000000085534       0x34 /usr/lib/gcc/arm-none-eabi/7.3.1/../../../arm-none-eabi/lib/thumb/v7-m/libc.a(lib_a-fini.o)
                0x0000000000085534                __libc_fini_array
 .text          0x0000000000085568       0x48 /usr/lib/gcc/arm-none-eabi/7.3.1/../../../arm-none-eabi/lib/thumb/v7-m/libc.a(lib_a-init.o)
                0x0000000000085568                __libc_init_array
 .text          0x00000000000855b0       0x94 /usr/lib/gcc/arm-none-eabi/7.3.1/../../../arm-none-eabi/lib/thumb/v7-m/libc.a(lib_a-memset.o)
                0x00000000000855b0                memset
 .text          0x0000000000085644       0x80 /usr/lib/gcc/arm-none-eabi/7.3.1/../../../arm-none-eabi/lib/thumb/v7-m/libc.a(lib_a-sprintf.o)
                0x0000000000085644                _sprintf_r
                0x0000000000085680                sprintf
 .text          0x00000000000856c4       0x5c /usr/lib/gcc/arm-none-eabi/7.3.1/../../../arm-none-eabi/lib/thumb/v7-m/libc.a(lib_a-strlen-stub.o)
                0x00000000000856c4                strlen
 .text          0x0000000000085720     0x14e8 /usr/lib/gcc/arm-none-eabi/7.3.1/../../../arm-none-eabi/lib/thumb/v7-m/libc.a(lib_a-svfprintf.o)
                0x0000000000085720                _svfprintf_r
 .text          0x0000000000086c08       0x64 /usr/lib/gcc/arm-none-eabi/7.3.1/../../../arm-none-eabi/lib/thumb/v7-m/libc.a(lib_a-__atexit.o)
                0x0000000000086c08                __register_exitproc
 .text.startup  0x0000000000086c6c       0x14 /usr/lib/gcc/arm-none-eabi/7.3.1/../../../arm-none-eabi/lib/thumb/v7-m/libc.a(lib_a-__call_atexit.o)
 .text          0x0000000000086c80      0xf50 /usr/lib/gcc/arm-none-eabi/7.3.1/../../../arm-none-eabi/lib/thumb/v7-m/libc.a(lib_a-dtoa.o)
                0x0000000000086da4                _dtoa_r
 .text          0x0000000000087bd0      0x288 /usr/lib/gcc/arm-none-eabi/7.3.1/../../../arm-none-eabi/lib/thumb/v7-m/libc.a(lib_a-freer.o)
                0x0000000000087bd0                _malloc_trim_r
                0x0000000000087c70                _free_r
 .text          0x0000000000087e58       0x14 /usr/lib/gcc/arm-none-eabi/7.3.1/../../../arm-none-eabi/lib/thumb/v7-m/libc.a(lib_a-localeconv.o)
                0x0000000000087e58                __localeconv_l
                0x0000000000087e5c                _localeconv_r
                0x0000000000087e64                localeconv
 .text          0x0000000000087e6c      0x548 /usr/lib/gcc/arm-none-eabi/7.3.1/../../../arm-none-eabi/lib/thumb/v7-m/libc.a(lib_a-mallocr.o)
                0x0000000000087e6c                _malloc_r
 .text          0x00000000000883b4       0x40 /usr/lib/gcc/arm-none-eabi/7.3.1/../../../arm-none-eabi/lib/thumb/v7-m/libc.a(lib_a-mbtowc_r.o)
                0x00000000000883b4                _mbtowc_r
                0x00000000000883c8                __ascii_mbtowc
 .text          0x00000000000883f4       0x8c /usr/lib/gcc/arm-none-eabi/7.3.1/../../../arm-none-eabi/lib/thumb/v7-m/libc.a(lib_a-memchr-stub.o)
                0x00000000000883f4                memchr
 .text          0x0000000000088480       0xec /usr/lib/gcc/arm-none-eabi/7.3.1/../../../arm-none-eabi/lib/thumb/v7-m/libc.a(lib_a-memcpy.o)
                0x0000000000088480                memcpy
 .text          0x000000000008856c       0xc4 /usr/lib/gcc/arm-none-eabi/7.3.1/../../../arm-none-eabi/lib/thumb/v7-m/libc.a(lib_a-memmove.o)
                0x000000000008856c                memmove
 .text          0x0000000000088630        0x8 /usr/lib/gcc/arm-none-eabi/7.3.1/../../../arm-none-eabi/lib/thumb/v7-m/libc.a(lib_a-mlock.o)
                0x0000000000088630                __malloc_lock
                0x0000000000088634                __malloc_unlock
 .text          0x0000000000088638      0x8e8 /usr/lib/gcc/arm-none-eabi/7.3.1/../../../arm-none-eabi/lib/thumb/v7-m/libc.a(lib_a-mprec.o)
                0x0000000000088638                _Balloc
                0x0000000000088684                _Bfree
                0x0000000000088698                __multadd
                0x000000000008871c                __s2b
                0x00000000000887b4                __hi0bits
                0x00000000000887f4                __lo0bits
                0x0000000000088854                __i2b
                0x0000000000088868                __multiply
                0x00000000000889b4                __pow5mult
                0x0000000000088a54                __lshift
                0x0000000000088b08                __mcmp
                0x0000000000088b40                __mdiff
                0x0000000000088c40                __ulp
                0x0000000000088c84                __b2d
                0x0000000000088d44                __d2b
                0x0000000000088df4                __ratio
                0x0000000000088e4c                _mprec_log10
                0x0000000000088e84                __copybits
                0x0000000000088ecc                __any_on
 .text          0x0000000000088f20      0x374 /usr/lib/gcc/arm-none-eabi/7.3.1/../../../arm-none-eabi/lib/thumb/v7-m/libc.a(lib_a-reallocr.o)
                0x0000000000088f20                _realloc_r
 .text          0x0000000000089294       0x24 /usr/lib/gcc/arm-none-eabi/7.3.1/../../../arm-none-eabi/lib/thumb/v7-m/libc.a(lib_a-sbrkr.o)
                0x0000000000089294                _sbrk_r
 .text          0x00000000000892b8      0xb60 /usr/lib/gcc/arm-none-eabi/7.3.1/../../../arm-none-eabi/lib/thumb/v7-m/libc.a(lib_a-svfiprintf.o)
                0x00000000000892b8                __ssprint_r
                0x00000000000893ac                _svfiprintf_r
 .text          0x0000000000089e18       0x2c /usr/lib/gcc/arm-none-eabi/7.3.1/../../../arm-none-eabi/lib/thumb/v7-m/libc.a(lib_a-wctomb_r.o)
                0x0000000000089e18                _wctomb_r
                0x0000000000089e2c                __ascii_wctomb
 .text          0x0000000000089e44       0x6c /usr/lib/gcc/arm-none-eabi/7.3.1/../../../arm-none-eabi/lib/thumb/v7-m/libc.a(lib_a-callocr.o)
                0x0000000000089e44                _calloc_r
 .text          0x0000000000089eb0       0x2c /usr/lib/gcc/arm-none-eabi/7.3.1/thumb/v7-m/libgcc.a(_arm_unorddf2.o)
                0x0000000000089eb0                __aeabi_dcmpun
                0x0000000000089eb0                __unorddf2
 *(.glue_7t)
 .glue_7t       0x0000000000089edc        0x0 linker stubs
 *(.glue_7)
 .glue_7        0x0000000000089edc        0x0 linker stubs
 *(.rodata .rodata* .gnu.linkonce.r.*)
 .rodata        0x0000000000089edc       0x45 app/src/rtos_task.o
 *fill*         0x0000000000089f21        0x3 
 .rodata        0x0000000000089f24       0x65 app/src/uart_handler.o
 *fill*         0x0000000000089f89        0x3 
 .rodata        0x0000000000089f8c      0x188 /usr/lib/gcc/arm-none-eabi/7.3.1/../../../arm-none-eabi/lib/thumb/v7-m/libm.a(lib_a-e_rem_pio2.o)
 *fill*         0x000000000008a114        0x4 
 .rodata        0x000000000008a118       0x50 /usr/lib/gcc/arm-none-eabi/7.3.1/../../../arm-none-eabi/lib/thumb/v7-m/libm.a(lib_a-k_rem_pio2.o)
 .rodata        0x000000000008a168        0x4 /usr/lib/gcc/arm-none-eabi/7.3.1/../../../arm-none-eabi/lib/thumb/v7-m/libc.a(lib_a-impure.o)
                0x000000000008a168                _global_impure_ptr
 .rodata        0x000000000008a16c       0x20 /usr/lib/gcc/arm-none-eabi/7.3.1/../../../arm-none-eabi/lib/thumb/v7-m/libc.a(lib_a-svfprintf.o)
 .rodata.str1.4
                0x000000000008a18c       0x42 /usr/lib/gcc/arm-none-eabi/7.3.1/../../../arm-none-eabi/lib/thumb/v7-m/libc.a(lib_a-svfprintf.o)
 *fill*         0x000000000008a1ce        0x2 
 .rodata.str1.4
                0x000000000008a1d0       0x10 /usr/lib/gcc/arm-none-eabi/7.3.1/../../../arm-none-eabi/lib/thumb/v7-m/libc.a(lib_a-dtoa.o)
                                         0x12 (size before relaxing)
 .rodata.str1.4
                0x000000000008a1e0       0x10 /usr/lib/gcc/arm-none-eabi/7.3.1/../../../arm-none-eabi/lib/thumb/v7-m/libc.a(lib_a-locale.o)
                                         0x12 (size before relaxing)
 .rodata        0x000000000008a1f0      0x128 /usr/lib/gcc/arm-none-eabi/7.3.1/../../../arm-none-eabi/lib/thumb/v7-m/libc.a(lib_a-mprec.o)
                0x000000000008a200                __mprec_tens
                0x000000000008a2c8                __mprec_tinytens
                0x000000000008a2f0                __mprec_bigtens
 .rodata        0x000000000008a318       0x20 /usr/lib/gcc/arm-none-eabi/7.3.1/../../../arm-none-eabi/lib/thumb/v7-m/libc.a(lib_a-svfiprintf.o)
 .rodata.str1.4
                0x000000000008a338       0x2f /usr/lib/gcc/arm-none-eabi/7.3.1/../../../arm-none-eabi/lib/thumb/v7-m/libc.a(lib_a-svfiprintf.o)
 .rodata        0x000000000008a338      0x101 /usr/lib/gcc/arm-none-eabi/7.3.1/../../../arm-none-eabi/lib/thumb/v7-m/libc.a(lib_a-ctype_.o)
                0x000000000008a338                _ctype_
 *(.ARM.extab* .gnu.linkonce.armextab.*)
                0x000000000008a43c                . = ALIGN (0x4)
 *fill*         0x000000000008a439        0x3 
 *(.init)
 .init          0x000000000008a43c        0x4 /usr/lib/gcc/arm-none-eabi/7.3.1/thumb/v7-m/crti.o
                0x000000000008a43c                _init
 .init          0x000000000008a440        0x8 /usr/lib/gcc/arm-none-eabi/7.3.1/thumb/v7-m/crtn.o
                0x000000000008a448                . = ALIGN (0x4)
                0x000000000008a448                __preinit_array_start = .
 *(.preinit_array)
                0x000000000008a448                __preinit_array_end = .
                0x000000000008a448                . = ALIGN (0x4)
                0x000000000008a448                __init_array_start = .
 *(SORT_BY_NAME(.init_array.*))
 .init_array.00000
                0x000000000008a448        0x4 /usr/lib/gcc/arm-none-eabi/7.3.1/../../../arm-none-eabi/lib/thumb/v7-m/libc.a(lib_a-__call_atexit.o)
 *(.init_array)
 .init_array    0x000000000008a44c        0x4 /usr/lib/gcc/arm-none-eabi/7.3.1/thumb/v7-m/crtbegin.o
                0x000000000008a450                __init_array_end = .
                0x000000000008a450                . = ALIGN (0x4)
 *crtbegin.o(.ctors)
 *(EXCLUDE_FILE(*crtend.o) .ctors)
 *(SORT_BY_NAME(.ctors.*))
 *crtend.o(.ctors)
                0x000000000008a450                . = ALIGN (0x4)
 *(.fini)
 .fini          0x000000000008a450        0x4 /usr/lib/gcc/arm-none-eabi/7.3.1/thumb/v7-m/crti.o
                0x000000000008a450                _fini
 .fini          0x000000000008a454        0x8 /usr/lib/gcc/arm-none-eabi/7.3.1/thumb/v7-m/crtn.o
 *fill*         0x000000000008a45c        0x4 
 .fini.__stub   0x000000000008a460       0x10 linker stubs
                0x000000000008a470                . = ALIGN (0x4)
                0x000000000008a470                __fini_array_start = .
 *(.fini_array)
 .fini_array    0x000000000008a470        0x4 /usr/lib/gcc/arm-none-eabi/7.3.1/thumb/v7-m/crtbegin.o
 *(SORT_BY_NAME(.fini_array.*))
                0x000000000008a474                __fini_array_end = .
 *crtbegin.o(.dtors)
 *(EXCLUDE_FILE(*crtend.o) .dtors)
 *(SORT_BY_NAME(.dtors.*))
 *crtend.o(.dtors)
                0x000000000008a474                . = ALIGN (0x4)
                0x000000000008a474                _efixed = .
                [!provide]                        PROVIDE (__exidx_start = .)

.vfp11_veneer   0x000000000008a474        0x0
 .vfp11_veneer  0x000000000008a474        0x0 linker stubs

.v4_bx          0x000000000008a474        0x0
 .v4_bx         0x000000000008a474        0x0 linker stubs

.iplt           0x000000000008a474        0x0
 .iplt          0x000000000008a474        0x0 /usr/lib/gcc/arm-none-eabi/7.3.1/thumb/v7-m/crtbegin.o

.ARM.exidx      0x000000000008a474        0x8
 *(.ARM.exidx* .gnu.linkonce.armexidx.*)
 .ARM.exidx     0x000000000008a474        0x8 /usr/lib/gcc/arm-none-eabi/7.3.1/thumb/v7-m/libgcc.a(_udivmoddi4.o)
                [!provide]                        PROVIDE (__exidx_end = .)

.eh_frame       0x000000000008a47c        0x0
 .eh_frame      0x000000000008a47c        0x0 /usr/lib/gcc/arm-none-eabi/7.3.1/thumb/v7-m/crtbegin.o

.rel.dyn        0x000000000008a47c        0x0
 .rel.iplt      0x000000000008a47c        0x0 /usr/lib/gcc/arm-none-eabi/7.3.1/thumb/v7-m/crtbegin.o

.tm_clone_table
                0x000000000008a47c        0x0
 .tm_clone_table
                0x000000000008a47c        0x0 /usr/lib/gcc/arm-none-eabi/7.3.1/thumb/v7-m/crtbegin.o
 .tm_clone_table
                0x000000000008a47c        0x0 /usr/lib/gcc/arm-none-eabi/7.3.1/thumb/v7-m/crtend.o

.igot.plt       0x000000000008a47c        0x0
 .igot.plt      0x000000000008a47c        0x0 /usr/lib/gcc/arm-none-eabi/7.3.1/thumb/v7-m/crtbegin.o
                0x000000000008a47c                . = ALIGN (0x4)
                0x000000000008a47c                _etext = .

.relocate       0x0000000020070000      0xda4 load address 0x000000000008a47c
                0x0000000020070000                . = ALIGN (0x4)
                0x0000000020070000                _srelocate = .
 *(.ramfunc .ramfunc.*)
 .ramfunc       0x0000000020070000      0x18c asf/sam/utils/cmsis/sam3x/source/templates/system_sam3x.o
                0x0000000020070000                SystemInit
                0x00000000200700d0                system_init_flash
 .ramfunc       0x000000002007018c        0xa asf/common/services/delay/sam/cycle_counter.o
                0x000000002007018c                portable_delay_cycles
 *(.data .data.*)
 *fill*         0x0000000020070196        0x2 
 .data.lcd_buff
                0x0000000020070198       0x21 app/src/lcd.o
                0x0000000020070198                lcd_buff
 *fill*         0x00000000200701b9        0x3 
 .data.lcd_string
                0x00000000200701bc        0x4 app/src/lcd.o
                0x00000000200701bc                lcd_string
 .data.signal   0x00000000200701c0        0x8 app/src/dacc_lib.o
                0x00000000200701c0                signal
 .data.direction.8139
                0x00000000200701c8        0x1 app/src/dacc_lib.o
 *fill*         0x00000000200701c9        0x3 
 .data.task_lcd
                0x00000000200701cc       0x1c app/src/rtos_task.o
                0x00000000200701cc                task_lcd
 .data.task_ura
                0x00000000200701e8       0x1c app/src/rtos_task.o
                0x00000000200701e8                task_ura
 .data.task_text
                0x0000000020070204       0x1c app/src/rtos_task.o
                0x0000000020070204                task_text
 .data.task_tipke
                0x0000000020070220       0x1c app/src/rtos_task.o
                0x0000000020070220                task_tipke
 .data.task_led
                0x000000002007023c       0x1c app/src/rtos_task.o
                0x000000002007023c                task_led
 .data.task_sent
                0x0000000020070258       0x1c app/src/rtos_task.o
                0x0000000020070258                task_sent
 .data.task_text1
                0x0000000020070274       0x1c app/src/rtos_task.o
                0x0000000020070274                task_text1
 .data.task_tipke1
                0x0000000020070290       0x1c app/src/rtos_task.o
                0x0000000020070290                task_tipke1
 .data.task_adc
                0x00000000200702ac       0x1c app/src/rtos_task.o
                0x00000000200702ac                task_adc
 .data.task_ura2
                0x00000000200702c8       0x1c app/src/rtos_task.o
                0x00000000200702c8                task_ura2
 .data.task_text2
                0x00000000200702e4       0x1c app/src/rtos_task.o
                0x00000000200702e4                task_text2
 .data.task_tipke2
                0x0000000020070300       0x1c app/src/rtos_task.o
                0x0000000020070300                task_tipke2
 .data.task_led2
                0x000000002007031c       0x1c app/src/rtos_task.o
                0x000000002007031c                task_led2
 .data.task_ura3
                0x0000000020070338       0x1c app/src/rtos_task.o
                0x0000000020070338                task_ura3
 .data.task_calc
                0x0000000020070354       0x1c app/src/rtos_task.o
                0x0000000020070354                task_calc
 .data.task_tipke3
                0x0000000020070370       0x1c app/src/rtos_task.o
                0x0000000020070370                task_tipke3
 .data.task_priv
                0x000000002007038c        0x4 app/src/rtos_task.o
                0x000000002007038c                task_priv
 .data.task_list0
                0x0000000020070390       0x18 app/src/rtos_task.o
                0x0000000020070390                task_list0
 .data.task_list1
                0x00000000200703a8       0x14 app/src/rtos_task.o
                0x00000000200703a8                task_list1
 .data.task_list2
                0x00000000200703bc       0x14 app/src/rtos_task.o
                0x00000000200703bc                task_list2
 .data.task_list3
                0x00000000200703d0       0x14 app/src/rtos_task.o
                0x00000000200703d0                task_list3
 .data.keys_fifo
                0x00000000200703e4        0xc app/src/fifo.o
                0x00000000200703e4                keys_fifo
 .data.SystemCoreClock
                0x00000000200703f0        0x4 asf/sam/utils/cmsis/sam3x/source/templates/system_sam3x.o
                0x00000000200703f0                SystemCoreClock
 *fill*         0x00000000200703f4        0x4 
 .data          0x00000000200703f8      0x430 /usr/lib/gcc/arm-none-eabi/7.3.1/../../../arm-none-eabi/lib/thumb/v7-m/libc.a(lib_a-impure.o)
                0x00000000200703f8                _impure_ptr
 .data          0x0000000020070828      0x16c /usr/lib/gcc/arm-none-eabi/7.3.1/../../../arm-none-eabi/lib/thumb/v7-m/libc.a(lib_a-locale.o)
                0x0000000020070828                __global_locale
 .data          0x0000000020070994      0x410 /usr/lib/gcc/arm-none-eabi/7.3.1/../../../arm-none-eabi/lib/thumb/v7-m/libc.a(lib_a-mallocr.o)
                0x0000000020070994                __malloc_av_
                0x0000000020070d9c                __malloc_sbrk_base
                0x0000000020070da0                __malloc_trim_threshold
                0x0000000020070da4                . = ALIGN (0x4)
                0x0000000020070da4                _erelocate = .

.bss            0x0000000020070da4      0x108 load address 0x000000000008b220
                0x0000000020070da4                . = ALIGN (0x4)
                0x0000000020070da4                _sbss = .
                0x0000000020070da4                _szero = .
 *(.bss .bss.*)
 .bss           0x0000000020070da4       0x1c /usr/lib/gcc/arm-none-eabi/7.3.1/thumb/v7-m/crtbegin.o
 .bss.tick.8162
                0x0000000020070dc0        0x4 app/src/rtos.o
 .bss.idx.8161  0x0000000020070dc4        0x1 app/src/rtos.o
 .bss.i.8138    0x0000000020070dc5        0x1 app/src/dacc_lib.o
 *fill*         0x0000000020070dc6        0x2 
 .bss.clk       0x0000000020070dc8        0x4 app/src/rtos_task.o
                0x0000000020070dc8                clk
 .bss.clk.8239  0x0000000020070dcc        0x4 app/src/rtos_task.o
 .bss.position.8243
                0x0000000020070dd0        0x1 app/src/rtos_task.o
 .bss.count.8267
                0x0000000020070dd1        0x1 app/src/rtos_task.o
 *fill*         0x0000000020070dd2        0x2 
 .bss.clk.8285  0x0000000020070dd4        0x4 app/src/rtos_task.o
 .bss.count.8308
                0x0000000020070dd8        0x1 app/src/rtos_task.o
 *fill*         0x0000000020070dd9        0x3 
 .bss.old_state.8150
                0x0000000020070ddc        0x4 app/src/bord.o
 .bss.heap.5300
                0x0000000020070de0        0x4 asf/sam/utils/syscalls/gcc/syscalls.o
 .bss           0x0000000020070de4       0x34 /usr/lib/gcc/arm-none-eabi/7.3.1/../../../arm-none-eabi/lib/thumb/v7-m/libc.a(lib_a-mallocr.o)
                0x0000000020070de4                __malloc_top_pad
                0x0000000020070de8                __malloc_current_mallinfo
                0x0000000020070e10                __malloc_max_sbrked_mem
                0x0000000020070e14                __malloc_max_total_mem
 *(COMMON)
 COMMON         0x0000000020070e18       0x50 app/src/rtos.o
                0x0000000020070e18                triang
                0x0000000020070e40                sinus
 COMMON         0x0000000020070e68       0x28 app/src/rtos_task.o
                0x0000000020070e68                task_list
 COMMON         0x0000000020070e90       0x16 app/src/fifo.o
                0x0000000020070e90                keys_buff
                0x0000000020070e9c                sent_buff
 *fill*         0x0000000020070ea6        0x2 
 COMMON         0x0000000020070ea8        0x4 /usr/lib/gcc/arm-none-eabi/7.3.1/../../../arm-none-eabi/lib/thumb/v7-m/libc.a(lib_a-reent.o)
                0x0000000020070ea8                errno
                0x0000000020070eac                . = ALIGN (0x4)
                0x0000000020070eac                _ebss = .
                0x0000000020070eac                _ezero = .

.stack          0x0000000020070eac     0x2004 load address 0x000000000008b328
                0x0000000020070eb0                . = ALIGN (0x8)
 *fill*         0x0000000020070eac        0x4 
                0x0000000020070eb0                _sstack = .
                0x0000000020072eb0                . = (. + __stack_size__)
 *fill*         0x0000000020070eb0     0x2000 
                0x0000000020072eb0                . = ALIGN (0x8)
                0x0000000020072eb0                _estack = .
                0x0000000020072eb0                . = ALIGN (0x4)
                0x0000000020072eb0                _end = .
LOAD app/src/rtos.o
LOAD app/src/lcd.o
LOAD app/src/dacc_lib.o
LOAD app/src/rtos_task.o
LOAD app/src/bord.o
LOAD app/src/main.o
LOAD app/src/uart_handler.o
LOAD app/src/fifo.o
LOAD asf/sam/utils/cmsis/sam3x/source/templates/system_sam3x.o
LOAD asf/sam/utils/cmsis/sam3x/source/templates/exceptions.o
LOAD asf/sam/utils/cmsis/sam3x/source/templates/gcc/startup_sam3x.o
LOAD asf/common/services/clock/sam3x/sysclk.o
LOAD asf/sam/utils/syscalls/gcc/syscalls.o
LOAD asf/sam/drivers/pmc/pmc.o
LOAD asf/sam/drivers/pio/pio.o
LOAD asf/common/services/delay/sam/cycle_counter.o
LOAD asf/sam/drivers/adc/adc.o
LOAD asf/sam/drivers/tc/tc.o
LOAD asf/sam/drivers/uart/uart.o
LOAD asf/sam/drivers/dacc/dacc.o
LOAD /usr/lib/gcc/arm-none-eabi/7.3.1/../../../arm-none-eabi/lib/thumb/v7-m/libstdc++.a
LOAD /usr/lib/gcc/arm-none-eabi/7.3.1/../../../arm-none-eabi/lib/thumb/v7-m/libm.a
START GROUP
LOAD /usr/lib/gcc/arm-none-eabi/7.3.1/thumb/v7-m/libgcc.a
LOAD /usr/lib/gcc/arm-none-eabi/7.3.1/../../../arm-none-eabi/lib/thumb/v7-m/libc.a
END GROUP
LOAD /usr/lib/gcc/arm-none-eabi/7.3.1/thumb/v7-m/crtend.o
LOAD /usr/lib/gcc/arm-none-eabi/7.3.1/thumb/v7-m/crtn.o
OUTPUT(vaja9.elf elf32-littlearm)

.ARM.attributes
                0x0000000000000000       0x29
 .ARM.attributes
                0x0000000000000000       0x1d /usr/lib/gcc/arm-none-eabi/7.3.1/thumb/v7-m/crti.o
 .ARM.attributes
                0x000000000000001d       0x2d /usr/lib/gcc/arm-none-eabi/7.3.1/thumb/v7-m/crtbegin.o
 .ARM.attributes
                0x000000000000004a       0x33 app/src/rtos.o
 .ARM.attributes
                0x000000000000007d       0x33 app/src/lcd.o
 .ARM.attributes
                0x00000000000000b0       0x33 app/src/dacc_lib.o
 .ARM.attributes
                0x00000000000000e3       0x33 app/src/rtos_task.o
 .ARM.attributes
                0x0000000000000116       0x33 app/src/bord.o
 .ARM.attributes
                0x0000000000000149       0x33 app/src/main.o
 .ARM.attributes
                0x000000000000017c       0x33 app/src/uart_handler.o
 .ARM.attributes
                0x00000000000001af       0x33 app/src/fifo.o
 .ARM.attributes
                0x00000000000001e2       0x33 asf/sam/utils/cmsis/sam3x/source/templates/system_sam3x.o
 .ARM.attributes
                0x0000000000000215       0x33 asf/sam/utils/cmsis/sam3x/source/templates/exceptions.o
 .ARM.attributes
                0x0000000000000248       0x33 asf/sam/utils/cmsis/sam3x/source/templates/gcc/startup_sam3x.o
 .ARM.attributes
                0x000000000000027b       0x33 asf/common/services/clock/sam3x/sysclk.o
 .ARM.attributes
                0x00000000000002ae       0x33 asf/sam/utils/syscalls/gcc/syscalls.o
 .ARM.attributes
                0x00000000000002e1       0x33 asf/sam/drivers/pmc/pmc.o
 .ARM.attributes
                0x0000000000000314       0x33 asf/sam/drivers/pio/pio.o
 .ARM.attributes
                0x0000000000000347       0x33 asf/common/services/delay/sam/cycle_counter.o
 .ARM.attributes
                0x000000000000037a       0x33 asf/sam/drivers/adc/adc.o
 .ARM.attributes
                0x00000000000003ad       0x33 asf/sam/drivers/tc/tc.o
 .ARM.attributes
                0x00000000000003e0       0x33 asf/sam/drivers/uart/uart.o
 .ARM.attributes
                0x0000000000000413       0x33 asf/sam/drivers/dacc/dacc.o
 .ARM.attributes
                0x0000000000000446       0x2d /usr/lib/gcc/arm-none-eabi/7.3.1/../../../arm-none-eabi/lib/thumb/v7-m/libm.a(lib_a-s_sin.o)
 .ARM.attributes
                0x0000000000000473       0x2d /usr/lib/gcc/arm-none-eabi/7.3.1/../../../arm-none-eabi/lib/thumb/v7-m/libm.a(lib_a-e_rem_pio2.o)
 .ARM.attributes
                0x00000000000004a0       0x2d /usr/lib/gcc/arm-none-eabi/7.3.1/../../../arm-none-eabi/lib/thumb/v7-m/libm.a(lib_a-k_cos.o)
 .ARM.attributes
                0x00000000000004cd       0x2d /usr/lib/gcc/arm-none-eabi/7.3.1/../../../arm-none-eabi/lib/thumb/v7-m/libm.a(lib_a-k_rem_pio2.o)
 .ARM.attributes
                0x00000000000004fa       0x2d /usr/lib/gcc/arm-none-eabi/7.3.1/../../../arm-none-eabi/lib/thumb/v7-m/libm.a(lib_a-k_sin.o)
 .ARM.attributes
                0x0000000000000527       0x2d /usr/lib/gcc/arm-none-eabi/7.3.1/../../../arm-none-eabi/lib/thumb/v7-m/libm.a(lib_a-s_fabs.o)
 .ARM.attributes
                0x0000000000000554       0x2d /usr/lib/gcc/arm-none-eabi/7.3.1/../../../arm-none-eabi/lib/thumb/v7-m/libm.a(lib_a-s_floor.o)
 .ARM.attributes
                0x0000000000000581       0x2d /usr/lib/gcc/arm-none-eabi/7.3.1/../../../arm-none-eabi/lib/thumb/v7-m/libm.a(lib_a-s_scalbn.o)
 .ARM.attributes
                0x00000000000005ae       0x1d /usr/lib/gcc/arm-none-eabi/7.3.1/thumb/v7-m/libgcc.a(_arm_addsubdf3.o)
 .ARM.attributes
                0x00000000000005cb       0x1d /usr/lib/gcc/arm-none-eabi/7.3.1/thumb/v7-m/libgcc.a(_arm_muldivdf3.o)
 .ARM.attributes
                0x00000000000005e8       0x1d /usr/lib/gcc/arm-none-eabi/7.3.1/thumb/v7-m/libgcc.a(_arm_cmpdf2.o)
 .ARM.attributes
                0x0000000000000605       0x1d /usr/lib/gcc/arm-none-eabi/7.3.1/thumb/v7-m/libgcc.a(_arm_fixdfsi.o)
 .ARM.attributes
                0x0000000000000622       0x1d /usr/lib/gcc/arm-none-eabi/7.3.1/thumb/v7-m/libgcc.a(_arm_fixunsdfsi.o)
 .ARM.attributes
                0x000000000000063f       0x1d /usr/lib/gcc/arm-none-eabi/7.3.1/thumb/v7-m/libgcc.a(_arm_addsubsf3.o)
 .ARM.attributes
                0x000000000000065c       0x1d /usr/lib/gcc/arm-none-eabi/7.3.1/thumb/v7-m/libgcc.a(_arm_muldivsf3.o)
 .ARM.attributes
                0x0000000000000679       0x1d /usr/lib/gcc/arm-none-eabi/7.3.1/thumb/v7-m/libgcc.a(_arm_fixunssfsi.o)
 .ARM.attributes
                0x0000000000000696       0x1d /usr/lib/gcc/arm-none-eabi/7.3.1/thumb/v7-m/libgcc.a(_aeabi_uldivmod.o)
 .ARM.attributes
                0x00000000000006b3       0x2d /usr/lib/gcc/arm-none-eabi/7.3.1/thumb/v7-m/libgcc.a(_udivmoddi4.o)
 .ARM.attributes
                0x00000000000006e0       0x1d /usr/lib/gcc/arm-none-eabi/7.3.1/thumb/v7-m/libgcc.a(_dvmd_tls.o)
 .ARM.attributes
                0x00000000000006fd       0x2d /usr/lib/gcc/arm-none-eabi/7.3.1/../../../arm-none-eabi/lib/thumb/v7-m/libc.a(lib_a-atexit.o)
 .ARM.attributes
                0x000000000000072a       0x2d /usr/lib/gcc/arm-none-eabi/7.3.1/../../../arm-none-eabi/lib/thumb/v7-m/libc.a(lib_a-fini.o)
 .ARM.attributes
                0x0000000000000757       0x2d /usr/lib/gcc/arm-none-eabi/7.3.1/../../../arm-none-eabi/lib/thumb/v7-m/libc.a(lib_a-impure.o)
 .ARM.attributes
                0x0000000000000784       0x2d /usr/lib/gcc/arm-none-eabi/7.3.1/../../../arm-none-eabi/lib/thumb/v7-m/libc.a(lib_a-init.o)
 .ARM.attributes
                0x00000000000007b1       0x2d /usr/lib/gcc/arm-none-eabi/7.3.1/../../../arm-none-eabi/lib/thumb/v7-m/libc.a(lib_a-memset.o)
 .ARM.attributes
                0x00000000000007de       0x2d /usr/lib/gcc/arm-none-eabi/7.3.1/../../../arm-none-eabi/lib/thumb/v7-m/libc.a(lib_a-sprintf.o)
 .ARM.attributes
                0x000000000000080b       0x2d /usr/lib/gcc/arm-none-eabi/7.3.1/../../../arm-none-eabi/lib/thumb/v7-m/libc.a(lib_a-strlen-stub.o)
 .ARM.attributes
                0x0000000000000838       0x2d /usr/lib/gcc/arm-none-eabi/7.3.1/../../../arm-none-eabi/lib/thumb/v7-m/libc.a(lib_a-svfprintf.o)
 .ARM.attributes
                0x0000000000000865       0x2d /usr/lib/gcc/arm-none-eabi/7.3.1/../../../arm-none-eabi/lib/thumb/v7-m/libc.a(lib_a-__atexit.o)
 .ARM.attributes
                0x0000000000000892       0x2d /usr/lib/gcc/arm-none-eabi/7.3.1/../../../arm-none-eabi/lib/thumb/v7-m/libc.a(lib_a-__call_atexit.o)
 .ARM.attributes
                0x00000000000008bf       0x2d /usr/lib/gcc/arm-none-eabi/7.3.1/../../../arm-none-eabi/lib/thumb/v7-m/libc.a(lib_a-dtoa.o)
 .ARM.attributes
                0x00000000000008ec       0x2d /usr/lib/gcc/arm-none-eabi/7.3.1/../../../arm-none-eabi/lib/thumb/v7-m/libc.a(lib_a-freer.o)
 .ARM.attributes
                0x0000000000000919       0x2d /usr/lib/gcc/arm-none-eabi/7.3.1/../../../arm-none-eabi/lib/thumb/v7-m/libc.a(lib_a-locale.o)
 .ARM.attributes
                0x0000000000000946       0x2d /usr/lib/gcc/arm-none-eabi/7.3.1/../../../arm-none-eabi/lib/thumb/v7-m/libc.a(lib_a-localeconv.o)
 .ARM.attributes
                0x0000000000000973       0x2d /usr/lib/gcc/arm-none-eabi/7.3.1/../../../arm-none-eabi/lib/thumb/v7-m/libc.a(lib_a-mallocr.o)
 .ARM.attributes
                0x00000000000009a0       0x2d /usr/lib/gcc/arm-none-eabi/7.3.1/../../../arm-none-eabi/lib/thumb/v7-m/libc.a(lib_a-mbtowc_r.o)
 .ARM.attributes
                0x00000000000009cd       0x2d /usr/lib/gcc/arm-none-eabi/7.3.1/../../../arm-none-eabi/lib/thumb/v7-m/libc.a(lib_a-memchr-stub.o)
 .ARM.attributes
                0x00000000000009fa       0x1b /usr/lib/gcc/arm-none-eabi/7.3.1/../../../arm-none-eabi/lib/thumb/v7-m/libc.a(lib_a-memcpy.o)
 .ARM.attributes
                0x0000000000000a15       0x2d /usr/lib/gcc/arm-none-eabi/7.3.1/../../../arm-none-eabi/lib/thumb/v7-m/libc.a(lib_a-memmove.o)
 .ARM.attributes
                0x0000000000000a42       0x2d /usr/lib/gcc/arm-none-eabi/7.3.1/../../../arm-none-eabi/lib/thumb/v7-m/libc.a(lib_a-mlock.o)
 .ARM.attributes
                0x0000000000000a6f       0x2d /usr/lib/gcc/arm-none-eabi/7.3.1/../../../arm-none-eabi/lib/thumb/v7-m/libc.a(lib_a-mprec.o)
 .ARM.attributes
                0x0000000000000a9c       0x2d /usr/lib/gcc/arm-none-eabi/7.3.1/../../../arm-none-eabi/lib/thumb/v7-m/libc.a(lib_a-reallocr.o)
 .ARM.attributes
                0x0000000000000ac9       0x2d /usr/lib/gcc/arm-none-eabi/7.3.1/../../../arm-none-eabi/lib/thumb/v7-m/libc.a(lib_a-sbrkr.o)
 .ARM.attributes
                0x0000000000000af6       0x2d /usr/lib/gcc/arm-none-eabi/7.3.1/../../../arm-none-eabi/lib/thumb/v7-m/libc.a(lib_a-svfiprintf.o)
 .ARM.attributes
                0x0000000000000b23       0x2d /usr/lib/gcc/arm-none-eabi/7.3.1/../../../arm-none-eabi/lib/thumb/v7-m/libc.a(lib_a-wctomb_r.o)
 .ARM.attributes
                0x0000000000000b50       0x2d /usr/lib/gcc/arm-none-eabi/7.3.1/../../../arm-none-eabi/lib/thumb/v7-m/libc.a(lib_a-callocr.o)
 .ARM.attributes
                0x0000000000000b7d       0x2d /usr/lib/gcc/arm-none-eabi/7.3.1/../../../arm-none-eabi/lib/thumb/v7-m/libc.a(lib_a-ctype_.o)
 .ARM.attributes
                0x0000000000000baa       0x2d /usr/lib/gcc/arm-none-eabi/7.3.1/../../../arm-none-eabi/lib/thumb/v7-m/libc.a(lib_a-reent.o)
 .ARM.attributes
                0x0000000000000bd7       0x1d /usr/lib/gcc/arm-none-eabi/7.3.1/thumb/v7-m/libgcc.a(_arm_unorddf2.o)
 .ARM.attributes
                0x0000000000000bf4       0x2d /usr/lib/gcc/arm-none-eabi/7.3.1/thumb/v7-m/crtend.o
 .ARM.attributes
                0x0000000000000c21       0x1d /usr/lib/gcc/arm-none-eabi/7.3.1/thumb/v7-m/crtn.o

.comment        0x0000000000000000       0xae
 .comment       0x0000000000000000       0x57 /usr/lib/gcc/arm-none-eabi/7.3.1/thumb/v7-m/crtbegin.o
                                         0x58 (size before relaxing)
 .comment       0x0000000000000057       0x58 app/src/rtos.o
 .comment       0x0000000000000057       0x58 app/src/lcd.o
 .comment       0x0000000000000057       0x58 app/src/dacc_lib.o
 .comment       0x0000000000000057       0x58 app/src/rtos_task.o
 .comment       0x0000000000000057       0x58 app/src/bord.o
 .comment       0x0000000000000057       0x58 app/src/main.o
 .comment       0x0000000000000057       0x58 app/src/uart_handler.o
 .comment       0x0000000000000057       0x58 app/src/fifo.o
 .comment       0x0000000000000057       0x58 asf/sam/utils/cmsis/sam3x/source/templates/system_sam3x.o
 .comment       0x0000000000000057       0x58 asf/sam/utils/cmsis/sam3x/source/templates/exceptions.o
 .comment       0x0000000000000057       0x58 asf/sam/utils/cmsis/sam3x/source/templates/gcc/startup_sam3x.o
 .comment       0x0000000000000057       0x58 asf/common/services/clock/sam3x/sysclk.o
 .comment       0x0000000000000057       0x58 asf/sam/utils/syscalls/gcc/syscalls.o
 .comment       0x0000000000000057       0x58 asf/sam/drivers/pmc/pmc.o
 .comment       0x0000000000000057       0x58 asf/sam/drivers/pio/pio.o
 .comment       0x0000000000000057       0x58 asf/common/services/delay/sam/cycle_counter.o
 .comment       0x0000000000000057       0x58 asf/sam/drivers/adc/adc.o
 .comment       0x0000000000000057       0x58 asf/sam/drivers/tc/tc.o
 .comment       0x0000000000000057       0x58 asf/sam/drivers/uart/uart.o
 .comment       0x0000000000000057       0x58 asf/sam/drivers/dacc/dacc.o
 .comment       0x0000000000000057       0x57 /usr/lib/gcc/arm-none-eabi/7.3.1/../../../arm-none-eabi/lib/thumb/v7-m/libm.a(lib_a-s_sin.o)
                                         0x58 (size before relaxing)
 .comment       0x00000000000000ae       0x58 /usr/lib/gcc/arm-none-eabi/7.3.1/../../../arm-none-eabi/lib/thumb/v7-m/libm.a(lib_a-e_rem_pio2.o)
 .comment       0x00000000000000ae       0x58 /usr/lib/gcc/arm-none-eabi/7.3.1/../../../arm-none-eabi/lib/thumb/v7-m/libm.a(lib_a-k_cos.o)
 .comment       0x00000000000000ae       0x58 /usr/lib/gcc/arm-none-eabi/7.3.1/../../../arm-none-eabi/lib/thumb/v7-m/libm.a(lib_a-k_rem_pio2.o)
 .comment       0x00000000000000ae       0x58 /usr/lib/gcc/arm-none-eabi/7.3.1/../../../arm-none-eabi/lib/thumb/v7-m/libm.a(lib_a-k_sin.o)
 .comment       0x00000000000000ae       0x58 /usr/lib/gcc/arm-none-eabi/7.3.1/../../../arm-none-eabi/lib/thumb/v7-m/libm.a(lib_a-s_fabs.o)
 .comment       0x00000000000000ae       0x58 /usr/lib/gcc/arm-none-eabi/7.3.1/../../../arm-none-eabi/lib/thumb/v7-m/libm.a(lib_a-s_floor.o)
 .comment       0x00000000000000ae       0x58 /usr/lib/gcc/arm-none-eabi/7.3.1/../../../arm-none-eabi/lib/thumb/v7-m/libm.a(lib_a-s_scalbn.o)
 .comment       0x00000000000000ae       0x58 /usr/lib/gcc/arm-none-eabi/7.3.1/thumb/v7-m/libgcc.a(_udivmoddi4.o)
 .comment       0x00000000000000ae       0x58 /usr/lib/gcc/arm-none-eabi/7.3.1/../../../arm-none-eabi/lib/thumb/v7-m/libc.a(lib_a-atexit.o)
 .comment       0x00000000000000ae       0x58 /usr/lib/gcc/arm-none-eabi/7.3.1/../../../arm-none-eabi/lib/thumb/v7-m/libc.a(lib_a-fini.o)
 .comment       0x00000000000000ae       0x58 /usr/lib/gcc/arm-none-eabi/7.3.1/../../../arm-none-eabi/lib/thumb/v7-m/libc.a(lib_a-impure.o)
 .comment       0x00000000000000ae       0x58 /usr/lib/gcc/arm-none-eabi/7.3.1/../../../arm-none-eabi/lib/thumb/v7-m/libc.a(lib_a-init.o)
 .comment       0x00000000000000ae       0x58 /usr/lib/gcc/arm-none-eabi/7.3.1/../../../arm-none-eabi/lib/thumb/v7-m/libc.a(lib_a-memset.o)
 .comment       0x00000000000000ae       0x58 /usr/lib/gcc/arm-none-eabi/7.3.1/../../../arm-none-eabi/lib/thumb/v7-m/libc.a(lib_a-sprintf.o)
 .comment       0x00000000000000ae       0x58 /usr/lib/gcc/arm-none-eabi/7.3.1/../../../arm-none-eabi/lib/thumb/v7-m/libc.a(lib_a-strlen-stub.o)
 .comment       0x00000000000000ae       0x58 /usr/lib/gcc/arm-none-eabi/7.3.1/../../../arm-none-eabi/lib/thumb/v7-m/libc.a(lib_a-svfprintf.o)
 .comment       0x00000000000000ae       0x58 /usr/lib/gcc/arm-none-eabi/7.3.1/../../../arm-none-eabi/lib/thumb/v7-m/libc.a(lib_a-__atexit.o)
 .comment       0x00000000000000ae       0x58 /usr/lib/gcc/arm-none-eabi/7.3.1/../../../arm-none-eabi/lib/thumb/v7-m/libc.a(lib_a-__call_atexit.o)
 .comment       0x00000000000000ae       0x58 /usr/lib/gcc/arm-none-eabi/7.3.1/../../../arm-none-eabi/lib/thumb/v7-m/libc.a(lib_a-dtoa.o)
 .comment       0x00000000000000ae       0x58 /usr/lib/gcc/arm-none-eabi/7.3.1/../../../arm-none-eabi/lib/thumb/v7-m/libc.a(lib_a-freer.o)
 .comment       0x00000000000000ae       0x58 /usr/lib/gcc/arm-none-eabi/7.3.1/../../../arm-none-eabi/lib/thumb/v7-m/libc.a(lib_a-locale.o)
 .comment       0x00000000000000ae       0x58 /usr/lib/gcc/arm-none-eabi/7.3.1/../../../arm-none-eabi/lib/thumb/v7-m/libc.a(lib_a-localeconv.o)
 .comment       0x00000000000000ae       0x58 /usr/lib/gcc/arm-none-eabi/7.3.1/../../../arm-none-eabi/lib/thumb/v7-m/libc.a(lib_a-mallocr.o)
 .comment       0x00000000000000ae       0x58 /usr/lib/gcc/arm-none-eabi/7.3.1/../../../arm-none-eabi/lib/thumb/v7-m/libc.a(lib_a-mbtowc_r.o)
 .comment       0x00000000000000ae       0x58 /usr/lib/gcc/arm-none-eabi/7.3.1/../../../arm-none-eabi/lib/thumb/v7-m/libc.a(lib_a-memchr-stub.o)
 .comment       0x00000000000000ae       0x58 /usr/lib/gcc/arm-none-eabi/7.3.1/../../../arm-none-eabi/lib/thumb/v7-m/libc.a(lib_a-memmove.o)
 .comment       0x00000000000000ae       0x58 /usr/lib/gcc/arm-none-eabi/7.3.1/../../../arm-none-eabi/lib/thumb/v7-m/libc.a(lib_a-mlock.o)
 .comment       0x00000000000000ae       0x58 /usr/lib/gcc/arm-none-eabi/7.3.1/../../../arm-none-eabi/lib/thumb/v7-m/libc.a(lib_a-mprec.o)
 .comment       0x00000000000000ae       0x58 /usr/lib/gcc/arm-none-eabi/7.3.1/../../../arm-none-eabi/lib/thumb/v7-m/libc.a(lib_a-reallocr.o)
 .comment       0x00000000000000ae       0x58 /usr/lib/gcc/arm-none-eabi/7.3.1/../../../arm-none-eabi/lib/thumb/v7-m/libc.a(lib_a-sbrkr.o)
 .comment       0x00000000000000ae       0x58 /usr/lib/gcc/arm-none-eabi/7.3.1/../../../arm-none-eabi/lib/thumb/v7-m/libc.a(lib_a-svfiprintf.o)
 .comment       0x00000000000000ae       0x58 /usr/lib/gcc/arm-none-eabi/7.3.1/../../../arm-none-eabi/lib/thumb/v7-m/libc.a(lib_a-wctomb_r.o)
 .comment       0x00000000000000ae       0x58 /usr/lib/gcc/arm-none-eabi/7.3.1/../../../arm-none-eabi/lib/thumb/v7-m/libc.a(lib_a-callocr.o)
 .comment       0x00000000000000ae       0x58 /usr/lib/gcc/arm-none-eabi/7.3.1/../../../arm-none-eabi/lib/thumb/v7-m/libc.a(lib_a-ctype_.o)
 .comment       0x00000000000000ae       0x58 /usr/lib/gcc/arm-none-eabi/7.3.1/../../../arm-none-eabi/lib/thumb/v7-m/libc.a(lib_a-reent.o)
 .comment       0x00000000000000ae       0x58 /usr/lib/gcc/arm-none-eabi/7.3.1/thumb/v7-m/crtend.o

.debug_info     0x0000000000000000    0x3141f
 .debug_info    0x0000000000000000      0xf4e app/src/rtos.o
 .debug_info    0x0000000000000f4e     0x1310 app/src/lcd.o
 .debug_info    0x000000000000225e      0xd9f app/src/dacc_lib.o
 .debug_info    0x0000000000002ffd     0x1716 app/src/rtos_task.o
 .debug_info    0x0000000000004713     0x1f24 app/src/bord.o
 .debug_info    0x0000000000006637      0xd41 app/src/main.o
 .debug_info    0x0000000000007378     0x14c5 app/src/uart_handler.o
 .debug_info    0x000000000000883d      0xaf9 app/src/fifo.o
 .debug_info    0x0000000000009336      0xc60 asf/sam/utils/cmsis/sam3x/source/templates/system_sam3x.o
 .debug_info    0x0000000000009f96      0x937 asf/sam/utils/cmsis/sam3x/source/templates/exceptions.o
 .debug_info    0x000000000000a8cd      0xbac asf/sam/utils/cmsis/sam3x/source/templates/gcc/startup_sam3x.o
 .debug_info    0x000000000000b479      0xe45 asf/common/services/clock/sam3x/sysclk.o
 .debug_info    0x000000000000c2be      0xc75 asf/sam/utils/syscalls/gcc/syscalls.o
 .debug_info    0x000000000000cf33     0x16e0 asf/sam/drivers/pmc/pmc.o
 .debug_info    0x000000000000e613     0x1577 asf/sam/drivers/pio/pio.o
 .debug_info    0x000000000000fb8a      0x943 asf/common/services/delay/sam/cycle_counter.o
 .debug_info    0x00000000000104cd     0x179b asf/sam/drivers/adc/adc.o
 .debug_info    0x0000000000011c68     0x10ce asf/sam/drivers/tc/tc.o
 .debug_info    0x0000000000012d36      0xff9 asf/sam/drivers/uart/uart.o
 .debug_info    0x0000000000013d2f     0x1022 asf/sam/drivers/dacc/dacc.o
 .debug_info    0x0000000000014d51      0xa3a /usr/lib/gcc/arm-none-eabi/7.3.1/../../../arm-none-eabi/lib/thumb/v7-m/libm.a(lib_a-s_sin.o)
 .debug_info    0x000000000001578b      0xc2a /usr/lib/gcc/arm-none-eabi/7.3.1/../../../arm-none-eabi/lib/thumb/v7-m/libm.a(lib_a-e_rem_pio2.o)
 .debug_info    0x00000000000163b5      0xa6d /usr/lib/gcc/arm-none-eabi/7.3.1/../../../arm-none-eabi/lib/thumb/v7-m/libm.a(lib_a-k_cos.o)
 .debug_info    0x0000000000016e22      0xb9e /usr/lib/gcc/arm-none-eabi/7.3.1/../../../arm-none-eabi/lib/thumb/v7-m/libm.a(lib_a-k_rem_pio2.o)
 .debug_info    0x00000000000179c0      0xa42 /usr/lib/gcc/arm-none-eabi/7.3.1/../../../arm-none-eabi/lib/thumb/v7-m/libm.a(lib_a-k_sin.o)
 .debug_info    0x0000000000018402      0x980 /usr/lib/gcc/arm-none-eabi/7.3.1/../../../arm-none-eabi/lib/thumb/v7-m/libm.a(lib_a-s_fabs.o)
 .debug_info    0x0000000000018d82      0x9e9 /usr/lib/gcc/arm-none-eabi/7.3.1/../../../arm-none-eabi/lib/thumb/v7-m/libm.a(lib_a-s_floor.o)
 .debug_info    0x000000000001976b      0xa42 /usr/lib/gcc/arm-none-eabi/7.3.1/../../../arm-none-eabi/lib/thumb/v7-m/libm.a(lib_a-s_scalbn.o)
 .debug_info    0x000000000001a1ad       0x26 /usr/lib/gcc/arm-none-eabi/7.3.1/thumb/v7-m/libgcc.a(_arm_addsubdf3.o)
 .debug_info    0x000000000001a1d3       0x26 /usr/lib/gcc/arm-none-eabi/7.3.1/thumb/v7-m/libgcc.a(_arm_muldivdf3.o)
 .debug_info    0x000000000001a1f9       0x26 /usr/lib/gcc/arm-none-eabi/7.3.1/thumb/v7-m/libgcc.a(_arm_cmpdf2.o)
 .debug_info    0x000000000001a21f       0x26 /usr/lib/gcc/arm-none-eabi/7.3.1/thumb/v7-m/libgcc.a(_arm_fixdfsi.o)
 .debug_info    0x000000000001a245       0x26 /usr/lib/gcc/arm-none-eabi/7.3.1/thumb/v7-m/libgcc.a(_arm_fixunsdfsi.o)
 .debug_info    0x000000000001a26b       0x26 /usr/lib/gcc/arm-none-eabi/7.3.1/thumb/v7-m/libgcc.a(_arm_addsubsf3.o)
 .debug_info    0x000000000001a291       0x26 /usr/lib/gcc/arm-none-eabi/7.3.1/thumb/v7-m/libgcc.a(_arm_muldivsf3.o)
 .debug_info    0x000000000001a2b7       0x26 /usr/lib/gcc/arm-none-eabi/7.3.1/thumb/v7-m/libgcc.a(_arm_fixunssfsi.o)
 .debug_info    0x000000000001a2dd       0x26 /usr/lib/gcc/arm-none-eabi/7.3.1/thumb/v7-m/libgcc.a(_aeabi_uldivmod.o)
 .debug_info    0x000000000001a303      0xd0b /usr/lib/gcc/arm-none-eabi/7.3.1/thumb/v7-m/libgcc.a(_udivmoddi4.o)
 .debug_info    0x000000000001b00e       0x26 /usr/lib/gcc/arm-none-eabi/7.3.1/thumb/v7-m/libgcc.a(_dvmd_tls.o)
 .debug_info    0x000000000001b034      0x90c /usr/lib/gcc/arm-none-eabi/7.3.1/../../../arm-none-eabi/lib/thumb/v7-m/libc.a(lib_a-atexit.o)
 .debug_info    0x000000000001b940       0xf3 /usr/lib/gcc/arm-none-eabi/7.3.1/../../../arm-none-eabi/lib/thumb/v7-m/libc.a(lib_a-fini.o)
 .debug_info    0x000000000001ba33      0x8a9 /usr/lib/gcc/arm-none-eabi/7.3.1/../../../arm-none-eabi/lib/thumb/v7-m/libc.a(lib_a-impure.o)
 .debug_info    0x000000000001c2dc      0x109 /usr/lib/gcc/arm-none-eabi/7.3.1/../../../arm-none-eabi/lib/thumb/v7-m/libc.a(lib_a-init.o)
 .debug_info    0x000000000001c3e5      0xe22 /usr/lib/gcc/arm-none-eabi/7.3.1/../../../arm-none-eabi/lib/thumb/v7-m/libc.a(lib_a-memset.o)
 .debug_info    0x000000000001d207      0xbd7 /usr/lib/gcc/arm-none-eabi/7.3.1/../../../arm-none-eabi/lib/thumb/v7-m/libc.a(lib_a-sprintf.o)
 .debug_info    0x000000000001ddde      0x8ba /usr/lib/gcc/arm-none-eabi/7.3.1/../../../arm-none-eabi/lib/thumb/v7-m/libc.a(lib_a-strlen-stub.o)
 .debug_info    0x000000000001e698     0x1d1b /usr/lib/gcc/arm-none-eabi/7.3.1/../../../arm-none-eabi/lib/thumb/v7-m/libc.a(lib_a-svfprintf.o)
 .debug_info    0x00000000000203b3      0x937 /usr/lib/gcc/arm-none-eabi/7.3.1/../../../arm-none-eabi/lib/thumb/v7-m/libc.a(lib_a-__atexit.o)
 .debug_info    0x0000000000020cea      0x993 /usr/lib/gcc/arm-none-eabi/7.3.1/../../../arm-none-eabi/lib/thumb/v7-m/libc.a(lib_a-__call_atexit.o)
 .debug_info    0x000000000002167d     0x1810 /usr/lib/gcc/arm-none-eabi/7.3.1/../../../arm-none-eabi/lib/thumb/v7-m/libc.a(lib_a-dtoa.o)
 .debug_info    0x0000000000022e8d      0xcc2 /usr/lib/gcc/arm-none-eabi/7.3.1/../../../arm-none-eabi/lib/thumb/v7-m/libc.a(lib_a-freer.o)
 .debug_info    0x0000000000023b4f      0xfb1 /usr/lib/gcc/arm-none-eabi/7.3.1/../../../arm-none-eabi/lib/thumb/v7-m/libc.a(lib_a-locale.o)
 .debug_info    0x0000000000024b00      0xe59 /usr/lib/gcc/arm-none-eabi/7.3.1/../../../arm-none-eabi/lib/thumb/v7-m/libc.a(lib_a-localeconv.o)
 .debug_info    0x0000000000025959      0xdfd /usr/lib/gcc/arm-none-eabi/7.3.1/../../../arm-none-eabi/lib/thumb/v7-m/libc.a(lib_a-mallocr.o)
 .debug_info    0x0000000000026756      0xf29 /usr/lib/gcc/arm-none-eabi/7.3.1/../../../arm-none-eabi/lib/thumb/v7-m/libc.a(lib_a-mbtowc_r.o)
 .debug_info    0x000000000002767f      0x939 /usr/lib/gcc/arm-none-eabi/7.3.1/../../../arm-none-eabi/lib/thumb/v7-m/libc.a(lib_a-memchr-stub.o)
 .debug_info    0x0000000000027fb8       0x26 /usr/lib/gcc/arm-none-eabi/7.3.1/../../../arm-none-eabi/lib/thumb/v7-m/libc.a(lib_a-memcpy.o)
 .debug_info    0x0000000000027fde      0xe31 /usr/lib/gcc/arm-none-eabi/7.3.1/../../../arm-none-eabi/lib/thumb/v7-m/libc.a(lib_a-memmove.o)
 .debug_info    0x0000000000028e0f      0x8dc /usr/lib/gcc/arm-none-eabi/7.3.1/../../../arm-none-eabi/lib/thumb/v7-m/libc.a(lib_a-mlock.o)
 .debug_info    0x00000000000296eb     0x1c4f /usr/lib/gcc/arm-none-eabi/7.3.1/../../../arm-none-eabi/lib/thumb/v7-m/libc.a(lib_a-mprec.o)
 .debug_info    0x000000000002b33a      0xdd7 /usr/lib/gcc/arm-none-eabi/7.3.1/../../../arm-none-eabi/lib/thumb/v7-m/libc.a(lib_a-reallocr.o)
 .debug_info    0x000000000002c111      0x95f /usr/lib/gcc/arm-none-eabi/7.3.1/../../../arm-none-eabi/lib/thumb/v7-m/libc.a(lib_a-sbrkr.o)
 .debug_info    0x000000000002ca70     0x1754 /usr/lib/gcc/arm-none-eabi/7.3.1/../../../arm-none-eabi/lib/thumb/v7-m/libc.a(lib_a-svfiprintf.o)
 .debug_info    0x000000000002e1c4      0xef5 /usr/lib/gcc/arm-none-eabi/7.3.1/../../../arm-none-eabi/lib/thumb/v7-m/libc.a(lib_a-wctomb_r.o)
 .debug_info    0x000000000002f0b9      0xb5d /usr/lib/gcc/arm-none-eabi/7.3.1/../../../arm-none-eabi/lib/thumb/v7-m/libc.a(lib_a-callocr.o)
 .debug_info    0x000000000002fc16      0xdb6 /usr/lib/gcc/arm-none-eabi/7.3.1/../../../arm-none-eabi/lib/thumb/v7-m/libc.a(lib_a-ctype_.o)
 .debug_info    0x00000000000309cc      0xa2d /usr/lib/gcc/arm-none-eabi/7.3.1/../../../arm-none-eabi/lib/thumb/v7-m/libc.a(lib_a-reent.o)
 .debug_info    0x00000000000313f9       0x26 /usr/lib/gcc/arm-none-eabi/7.3.1/thumb/v7-m/libgcc.a(_arm_unorddf2.o)

.debug_abbrev   0x0000000000000000     0x8557
 .debug_abbrev  0x0000000000000000      0x2a8 app/src/rtos.o
 .debug_abbrev  0x00000000000002a8      0x439 app/src/lcd.o
 .debug_abbrev  0x00000000000006e1      0x239 app/src/dacc_lib.o
 .debug_abbrev  0x000000000000091a      0x39c app/src/rtos_task.o
 .debug_abbrev  0x0000000000000cb6      0x483 app/src/bord.o
 .debug_abbrev  0x0000000000001139      0x273 app/src/main.o
 .debug_abbrev  0x00000000000013ac      0x2b8 app/src/uart_handler.o
 .debug_abbrev  0x0000000000001664      0x21c app/src/fifo.o
 .debug_abbrev  0x0000000000001880      0x210 asf/sam/utils/cmsis/sam3x/source/templates/system_sam3x.o
 .debug_abbrev  0x0000000000001a90      0x1c0 asf/sam/utils/cmsis/sam3x/source/templates/exceptions.o
 .debug_abbrev  0x0000000000001c50      0x1e2 asf/sam/utils/cmsis/sam3x/source/templates/gcc/startup_sam3x.o
 .debug_abbrev  0x0000000000001e32      0x2fb asf/common/services/clock/sam3x/sysclk.o
 .debug_abbrev  0x000000000000212d      0x246 asf/sam/utils/syscalls/gcc/syscalls.o
 .debug_abbrev  0x0000000000002373      0x2e3 asf/sam/drivers/pmc/pmc.o
 .debug_abbrev  0x0000000000002656      0x2c1 asf/sam/drivers/pio/pio.o
 .debug_abbrev  0x0000000000002917      0x1cf asf/common/services/delay/sam/cycle_counter.o
 .debug_abbrev  0x0000000000002ae6      0x2b2 asf/sam/drivers/adc/adc.o
 .debug_abbrev  0x0000000000002d98      0x266 asf/sam/drivers/tc/tc.o
 .debug_abbrev  0x0000000000002ffe      0x26a asf/sam/drivers/uart/uart.o
 .debug_abbrev  0x0000000000003268      0x29e asf/sam/drivers/dacc/dacc.o
 .debug_abbrev  0x0000000000003506      0x25e /usr/lib/gcc/arm-none-eabi/7.3.1/../../../arm-none-eabi/lib/thumb/v7-m/libm.a(lib_a-s_sin.o)
 .debug_abbrev  0x0000000000003764      0x297 /usr/lib/gcc/arm-none-eabi/7.3.1/../../../arm-none-eabi/lib/thumb/v7-m/libm.a(lib_a-e_rem_pio2.o)
 .debug_abbrev  0x00000000000039fb      0x225 /usr/lib/gcc/arm-none-eabi/7.3.1/../../../arm-none-eabi/lib/thumb/v7-m/libm.a(lib_a-k_cos.o)
 .debug_abbrev  0x0000000000003c20      0x295 /usr/lib/gcc/arm-none-eabi/7.3.1/../../../arm-none-eabi/lib/thumb/v7-m/libm.a(lib_a-k_rem_pio2.o)
 .debug_abbrev  0x0000000000003eb5      0x21a /usr/lib/gcc/arm-none-eabi/7.3.1/../../../arm-none-eabi/lib/thumb/v7-m/libm.a(lib_a-k_sin.o)
 .debug_abbrev  0x00000000000040cf      0x1f8 /usr/lib/gcc/arm-none-eabi/7.3.1/../../../arm-none-eabi/lib/thumb/v7-m/libm.a(lib_a-s_fabs.o)
 .debug_abbrev  0x00000000000042c7      0x229 /usr/lib/gcc/arm-none-eabi/7.3.1/../../../arm-none-eabi/lib/thumb/v7-m/libm.a(lib_a-s_floor.o)
 .debug_abbrev  0x00000000000044f0      0x23d /usr/lib/gcc/arm-none-eabi/7.3.1/../../../arm-none-eabi/lib/thumb/v7-m/libm.a(lib_a-s_scalbn.o)
 .debug_abbrev  0x000000000000472d       0x14 /usr/lib/gcc/arm-none-eabi/7.3.1/thumb/v7-m/libgcc.a(_arm_addsubdf3.o)
 .debug_abbrev  0x0000000000004741       0x14 /usr/lib/gcc/arm-none-eabi/7.3.1/thumb/v7-m/libgcc.a(_arm_muldivdf3.o)
 .debug_abbrev  0x0000000000004755       0x14 /usr/lib/gcc/arm-none-eabi/7.3.1/thumb/v7-m/libgcc.a(_arm_cmpdf2.o)
 .debug_abbrev  0x0000000000004769       0x14 /usr/lib/gcc/arm-none-eabi/7.3.1/thumb/v7-m/libgcc.a(_arm_fixdfsi.o)
 .debug_abbrev  0x000000000000477d       0x14 /usr/lib/gcc/arm-none-eabi/7.3.1/thumb/v7-m/libgcc.a(_arm_fixunsdfsi.o)
 .debug_abbrev  0x0000000000004791       0x14 /usr/lib/gcc/arm-none-eabi/7.3.1/thumb/v7-m/libgcc.a(_arm_addsubsf3.o)
 .debug_abbrev  0x00000000000047a5       0x14 /usr/lib/gcc/arm-none-eabi/7.3.1/thumb/v7-m/libgcc.a(_arm_muldivsf3.o)
 .debug_abbrev  0x00000000000047b9       0x14 /usr/lib/gcc/arm-none-eabi/7.3.1/thumb/v7-m/libgcc.a(_arm_fixunssfsi.o)
 .debug_abbrev  0x00000000000047cd       0x14 /usr/lib/gcc/arm-none-eabi/7.3.1/thumb/v7-m/libgcc.a(_aeabi_uldivmod.o)
 .debug_abbrev  0x00000000000047e1      0x199 /usr/lib/gcc/arm-none-eabi/7.3.1/thumb/v7-m/libgcc.a(_udivmoddi4.o)
 .debug_abbrev  0x000000000000497a       0x14 /usr/lib/gcc/arm-none-eabi/7.3.1/thumb/v7-m/libgcc.a(_dvmd_tls.o)
 .debug_abbrev  0x000000000000498e      0x201 /usr/lib/gcc/arm-none-eabi/7.3.1/../../../arm-none-eabi/lib/thumb/v7-m/libc.a(lib_a-atexit.o)
 .debug_abbrev  0x0000000000004b8f       0xbd /usr/lib/gcc/arm-none-eabi/7.3.1/../../../arm-none-eabi/lib/thumb/v7-m/libc.a(lib_a-fini.o)
 .debug_abbrev  0x0000000000004c4c      0x192 /usr/lib/gcc/arm-none-eabi/7.3.1/../../../arm-none-eabi/lib/thumb/v7-m/libc.a(lib_a-impure.o)
 .debug_abbrev  0x0000000000004dde       0xba /usr/lib/gcc/arm-none-eabi/7.3.1/../../../arm-none-eabi/lib/thumb/v7-m/libc.a(lib_a-init.o)
 .debug_abbrev  0x0000000000004e98      0x1de /usr/lib/gcc/arm-none-eabi/7.3.1/../../../arm-none-eabi/lib/thumb/v7-m/libc.a(lib_a-memset.o)
 .debug_abbrev  0x0000000000005076      0x258 /usr/lib/gcc/arm-none-eabi/7.3.1/../../../arm-none-eabi/lib/thumb/v7-m/libc.a(lib_a-sprintf.o)
 .debug_abbrev  0x00000000000052ce      0x1a7 /usr/lib/gcc/arm-none-eabi/7.3.1/../../../arm-none-eabi/lib/thumb/v7-m/libc.a(lib_a-strlen-stub.o)
 .debug_abbrev  0x0000000000005475      0x399 /usr/lib/gcc/arm-none-eabi/7.3.1/../../../arm-none-eabi/lib/thumb/v7-m/libc.a(lib_a-svfprintf.o)
 .debug_abbrev  0x000000000000580e      0x212 /usr/lib/gcc/arm-none-eabi/7.3.1/../../../arm-none-eabi/lib/thumb/v7-m/libc.a(lib_a-__atexit.o)
 .debug_abbrev  0x0000000000005a20      0x286 /usr/lib/gcc/arm-none-eabi/7.3.1/../../../arm-none-eabi/lib/thumb/v7-m/libc.a(lib_a-__call_atexit.o)
 .debug_abbrev  0x0000000000005ca6      0x2d4 /usr/lib/gcc/arm-none-eabi/7.3.1/../../../arm-none-eabi/lib/thumb/v7-m/libc.a(lib_a-dtoa.o)
 .debug_abbrev  0x0000000000005f7a      0x291 /usr/lib/gcc/arm-none-eabi/7.3.1/../../../arm-none-eabi/lib/thumb/v7-m/libc.a(lib_a-freer.o)
 .debug_abbrev  0x000000000000620b      0x29b /usr/lib/gcc/arm-none-eabi/7.3.1/../../../arm-none-eabi/lib/thumb/v7-m/libc.a(lib_a-locale.o)
 .debug_abbrev  0x00000000000064a6      0x23e /usr/lib/gcc/arm-none-eabi/7.3.1/../../../arm-none-eabi/lib/thumb/v7-m/libc.a(lib_a-localeconv.o)
 .debug_abbrev  0x00000000000066e4      0x2cd /usr/lib/gcc/arm-none-eabi/7.3.1/../../../arm-none-eabi/lib/thumb/v7-m/libc.a(lib_a-mallocr.o)
 .debug_abbrev  0x00000000000069b1      0x222 /usr/lib/gcc/arm-none-eabi/7.3.1/../../../arm-none-eabi/lib/thumb/v7-m/libc.a(lib_a-mbtowc_r.o)
 .debug_abbrev  0x0000000000006bd3      0x1db /usr/lib/gcc/arm-none-eabi/7.3.1/../../../arm-none-eabi/lib/thumb/v7-m/libc.a(lib_a-memchr-stub.o)
 .debug_abbrev  0x0000000000006dae       0x14 /usr/lib/gcc/arm-none-eabi/7.3.1/../../../arm-none-eabi/lib/thumb/v7-m/libc.a(lib_a-memcpy.o)
 .debug_abbrev  0x0000000000006dc2      0x1e3 /usr/lib/gcc/arm-none-eabi/7.3.1/../../../arm-none-eabi/lib/thumb/v7-m/libc.a(lib_a-memmove.o)
 .debug_abbrev  0x0000000000006fa5      0x1d7 /usr/lib/gcc/arm-none-eabi/7.3.1/../../../arm-none-eabi/lib/thumb/v7-m/libc.a(lib_a-mlock.o)
 .debug_abbrev  0x000000000000717c      0x3e1 /usr/lib/gcc/arm-none-eabi/7.3.1/../../../arm-none-eabi/lib/thumb/v7-m/libc.a(lib_a-mprec.o)
 .debug_abbrev  0x000000000000755d      0x262 /usr/lib/gcc/arm-none-eabi/7.3.1/../../../arm-none-eabi/lib/thumb/v7-m/libc.a(lib_a-reallocr.o)
 .debug_abbrev  0x00000000000077bf      0x215 /usr/lib/gcc/arm-none-eabi/7.3.1/../../../arm-none-eabi/lib/thumb/v7-m/libc.a(lib_a-sbrkr.o)
 .debug_abbrev  0x00000000000079d4      0x2fe /usr/lib/gcc/arm-none-eabi/7.3.1/../../../arm-none-eabi/lib/thumb/v7-m/libc.a(lib_a-svfiprintf.o)
 .debug_abbrev  0x0000000000007cd2      0x21b /usr/lib/gcc/arm-none-eabi/7.3.1/../../../arm-none-eabi/lib/thumb/v7-m/libc.a(lib_a-wctomb_r.o)
 .debug_abbrev  0x0000000000007eed      0x235 /usr/lib/gcc/arm-none-eabi/7.3.1/../../../arm-none-eabi/lib/thumb/v7-m/libc.a(lib_a-callocr.o)
 .debug_abbrev  0x0000000000008122      0x190 /usr/lib/gcc/arm-none-eabi/7.3.1/../../../arm-none-eabi/lib/thumb/v7-m/libc.a(lib_a-ctype_.o)
 .debug_abbrev  0x00000000000082b2      0x291 /usr/lib/gcc/arm-none-eabi/7.3.1/../../../arm-none-eabi/lib/thumb/v7-m/libc.a(lib_a-reent.o)
 .debug_abbrev  0x0000000000008543       0x14 /usr/lib/gcc/arm-none-eabi/7.3.1/thumb/v7-m/libgcc.a(_arm_unorddf2.o)

.debug_aranges  0x0000000000000000     0x11a8
 .debug_aranges
                0x0000000000000000       0x40 app/src/rtos.o
 .debug_aranges
                0x0000000000000040       0xa8 app/src/lcd.o
 .debug_aranges
                0x00000000000000e8       0x30 app/src/dacc_lib.o
 .debug_aranges
                0x0000000000000118       0xa0 app/src/rtos_task.o
 .debug_aranges
                0x00000000000001b8       0x98 app/src/bord.o
 .debug_aranges
                0x0000000000000250       0x28 app/src/main.o
 .debug_aranges
                0x0000000000000278       0x48 app/src/uart_handler.o
 .debug_aranges
                0x00000000000002c0       0x30 app/src/fifo.o
 .debug_aranges
                0x00000000000002f0       0x30 asf/sam/utils/cmsis/sam3x/source/templates/system_sam3x.o
 .debug_aranges
                0x0000000000000320       0x20 asf/sam/utils/cmsis/sam3x/source/templates/exceptions.o
 .debug_aranges
                0x0000000000000340       0x20 asf/sam/utils/cmsis/sam3x/source/templates/gcc/startup_sam3x.o
 .debug_aranges
                0x0000000000000360       0x98 asf/common/services/clock/sam3x/sysclk.o
 .debug_aranges
                0x00000000000003f8       0x60 asf/sam/utils/syscalls/gcc/syscalls.o
 .debug_aranges
                0x0000000000000458      0x200 asf/sam/drivers/pmc/pmc.o
 .debug_aranges
                0x0000000000000658      0x148 asf/sam/drivers/pio/pio.o
 .debug_aranges
                0x00000000000007a0       0x20 asf/common/services/delay/sam/cycle_counter.o
 .debug_aranges
                0x00000000000007c0      0x178 asf/sam/drivers/adc/adc.o
 .debug_aranges
                0x0000000000000938       0xd0 asf/sam/drivers/tc/tc.o
 .debug_aranges
                0x0000000000000a08       0xe8 asf/sam/drivers/uart/uart.o
 .debug_aranges
                0x0000000000000af0       0xc0 asf/sam/drivers/dacc/dacc.o
 .debug_aranges
                0x0000000000000bb0       0x20 /usr/lib/gcc/arm-none-eabi/7.3.1/../../../arm-none-eabi/lib/thumb/v7-m/libm.a(lib_a-s_sin.o)
 .debug_aranges
                0x0000000000000bd0       0x20 /usr/lib/gcc/arm-none-eabi/7.3.1/../../../arm-none-eabi/lib/thumb/v7-m/libm.a(lib_a-e_rem_pio2.o)
 .debug_aranges
                0x0000000000000bf0       0x20 /usr/lib/gcc/arm-none-eabi/7.3.1/../../../arm-none-eabi/lib/thumb/v7-m/libm.a(lib_a-k_cos.o)
 .debug_aranges
                0x0000000000000c10       0x20 /usr/lib/gcc/arm-none-eabi/7.3.1/../../../arm-none-eabi/lib/thumb/v7-m/libm.a(lib_a-k_rem_pio2.o)
 .debug_aranges
                0x0000000000000c30       0x20 /usr/lib/gcc/arm-none-eabi/7.3.1/../../../arm-none-eabi/lib/thumb/v7-m/libm.a(lib_a-k_sin.o)
 .debug_aranges
                0x0000000000000c50       0x20 /usr/lib/gcc/arm-none-eabi/7.3.1/../../../arm-none-eabi/lib/thumb/v7-m/libm.a(lib_a-s_fabs.o)
 .debug_aranges
                0x0000000000000c70       0x20 /usr/lib/gcc/arm-none-eabi/7.3.1/../../../arm-none-eabi/lib/thumb/v7-m/libm.a(lib_a-s_floor.o)
 .debug_aranges
                0x0000000000000c90       0x20 /usr/lib/gcc/arm-none-eabi/7.3.1/../../../arm-none-eabi/lib/thumb/v7-m/libm.a(lib_a-s_scalbn.o)
 .debug_aranges
                0x0000000000000cb0       0x20 /usr/lib/gcc/arm-none-eabi/7.3.1/thumb/v7-m/libgcc.a(_arm_addsubdf3.o)
 .debug_aranges
                0x0000000000000cd0       0x20 /usr/lib/gcc/arm-none-eabi/7.3.1/thumb/v7-m/libgcc.a(_arm_muldivdf3.o)
 .debug_aranges
                0x0000000000000cf0       0x20 /usr/lib/gcc/arm-none-eabi/7.3.1/thumb/v7-m/libgcc.a(_arm_cmpdf2.o)
 .debug_aranges
                0x0000000000000d10       0x20 /usr/lib/gcc/arm-none-eabi/7.3.1/thumb/v7-m/libgcc.a(_arm_fixdfsi.o)
 .debug_aranges
                0x0000000000000d30       0x20 /usr/lib/gcc/arm-none-eabi/7.3.1/thumb/v7-m/libgcc.a(_arm_fixunsdfsi.o)
 .debug_aranges
                0x0000000000000d50       0x20 /usr/lib/gcc/arm-none-eabi/7.3.1/thumb/v7-m/libgcc.a(_arm_addsubsf3.o)
 .debug_aranges
                0x0000000000000d70       0x20 /usr/lib/gcc/arm-none-eabi/7.3.1/thumb/v7-m/libgcc.a(_arm_muldivsf3.o)
 .debug_aranges
                0x0000000000000d90       0x20 /usr/lib/gcc/arm-none-eabi/7.3.1/thumb/v7-m/libgcc.a(_arm_fixunssfsi.o)
 .debug_aranges
                0x0000000000000db0       0x20 /usr/lib/gcc/arm-none-eabi/7.3.1/thumb/v7-m/libgcc.a(_aeabi_uldivmod.o)
 .debug_aranges
                0x0000000000000dd0       0x20 /usr/lib/gcc/arm-none-eabi/7.3.1/thumb/v7-m/libgcc.a(_udivmoddi4.o)
 .debug_aranges
                0x0000000000000df0       0x20 /usr/lib/gcc/arm-none-eabi/7.3.1/thumb/v7-m/libgcc.a(_dvmd_tls.o)
 .debug_aranges
                0x0000000000000e10       0x20 /usr/lib/gcc/arm-none-eabi/7.3.1/../../../arm-none-eabi/lib/thumb/v7-m/libc.a(lib_a-atexit.o)
 .debug_aranges
                0x0000000000000e30       0x20 /usr/lib/gcc/arm-none-eabi/7.3.1/../../../arm-none-eabi/lib/thumb/v7-m/libc.a(lib_a-fini.o)
 .debug_aranges
                0x0000000000000e50       0x18 /usr/lib/gcc/arm-none-eabi/7.3.1/../../../arm-none-eabi/lib/thumb/v7-m/libc.a(lib_a-impure.o)
 .debug_aranges
                0x0000000000000e68       0x20 /usr/lib/gcc/arm-none-eabi/7.3.1/../../../arm-none-eabi/lib/thumb/v7-m/libc.a(lib_a-init.o)
 .debug_aranges
                0x0000000000000e88       0x20 /usr/lib/gcc/arm-none-eabi/7.3.1/../../../arm-none-eabi/lib/thumb/v7-m/libc.a(lib_a-memset.o)
 .debug_aranges
                0x0000000000000ea8       0x20 /usr/lib/gcc/arm-none-eabi/7.3.1/../../../arm-none-eabi/lib/thumb/v7-m/libc.a(lib_a-sprintf.o)
 .debug_aranges
                0x0000000000000ec8       0x20 /usr/lib/gcc/arm-none-eabi/7.3.1/../../../arm-none-eabi/lib/thumb/v7-m/libc.a(lib_a-strlen-stub.o)
 .debug_aranges
                0x0000000000000ee8       0x20 /usr/lib/gcc/arm-none-eabi/7.3.1/../../../arm-none-eabi/lib/thumb/v7-m/libc.a(lib_a-svfprintf.o)
 .debug_aranges
                0x0000000000000f08       0x20 /usr/lib/gcc/arm-none-eabi/7.3.1/../../../arm-none-eabi/lib/thumb/v7-m/libc.a(lib_a-__atexit.o)
 .debug_aranges
                0x0000000000000f28       0x28 /usr/lib/gcc/arm-none-eabi/7.3.1/../../../arm-none-eabi/lib/thumb/v7-m/libc.a(lib_a-__call_atexit.o)
 .debug_aranges
                0x0000000000000f50       0x20 /usr/lib/gcc/arm-none-eabi/7.3.1/../../../arm-none-eabi/lib/thumb/v7-m/libc.a(lib_a-dtoa.o)
 .debug_aranges
                0x0000000000000f70       0x20 /usr/lib/gcc/arm-none-eabi/7.3.1/../../../arm-none-eabi/lib/thumb/v7-m/libc.a(lib_a-freer.o)
 .debug_aranges
                0x0000000000000f90       0x20 /usr/lib/gcc/arm-none-eabi/7.3.1/../../../arm-none-eabi/lib/thumb/v7-m/libc.a(lib_a-locale.o)
 .debug_aranges
                0x0000000000000fb0       0x20 /usr/lib/gcc/arm-none-eabi/7.3.1/../../../arm-none-eabi/lib/thumb/v7-m/libc.a(lib_a-localeconv.o)
 .debug_aranges
                0x0000000000000fd0       0x20 /usr/lib/gcc/arm-none-eabi/7.3.1/../../../arm-none-eabi/lib/thumb/v7-m/libc.a(lib_a-mallocr.o)
 .debug_aranges
                0x0000000000000ff0       0x20 /usr/lib/gcc/arm-none-eabi/7.3.1/../../../arm-none-eabi/lib/thumb/v7-m/libc.a(lib_a-mbtowc_r.o)
 .debug_aranges
                0x0000000000001010       0x20 /usr/lib/gcc/arm-none-eabi/7.3.1/../../../arm-none-eabi/lib/thumb/v7-m/libc.a(lib_a-memchr-stub.o)
 .debug_aranges
                0x0000000000001030       0x20 /usr/lib/gcc/arm-none-eabi/7.3.1/../../../arm-none-eabi/lib/thumb/v7-m/libc.a(lib_a-memcpy.o)
 .debug_aranges
                0x0000000000001050       0x20 /usr/lib/gcc/arm-none-eabi/7.3.1/../../../arm-none-eabi/lib/thumb/v7-m/libc.a(lib_a-memmove.o)
 .debug_aranges
                0x0000000000001070       0x20 /usr/lib/gcc/arm-none-eabi/7.3.1/../../../arm-none-eabi/lib/thumb/v7-m/libc.a(lib_a-mlock.o)
 .debug_aranges
                0x0000000000001090       0x20 /usr/lib/gcc/arm-none-eabi/7.3.1/../../../arm-none-eabi/lib/thumb/v7-m/libc.a(lib_a-mprec.o)
 .debug_aranges
                0x00000000000010b0       0x20 /usr/lib/gcc/arm-none-eabi/7.3.1/../../../arm-none-eabi/lib/thumb/v7-m/libc.a(lib_a-reallocr.o)
 .debug_aranges
                0x00000000000010d0       0x20 /usr/lib/gcc/arm-none-eabi/7.3.1/../../../arm-none-eabi/lib/thumb/v7-m/libc.a(lib_a-sbrkr.o)
 .debug_aranges
                0x00000000000010f0       0x20 /usr/lib/gcc/arm-none-eabi/7.3.1/../../../arm-none-eabi/lib/thumb/v7-m/libc.a(lib_a-svfiprintf.o)
 .debug_aranges
                0x0000000000001110       0x20 /usr/lib/gcc/arm-none-eabi/7.3.1/../../../arm-none-eabi/lib/thumb/v7-m/libc.a(lib_a-wctomb_r.o)
 .debug_aranges
                0x0000000000001130       0x20 /usr/lib/gcc/arm-none-eabi/7.3.1/../../../arm-none-eabi/lib/thumb/v7-m/libc.a(lib_a-callocr.o)
 .debug_aranges
                0x0000000000001150       0x18 /usr/lib/gcc/arm-none-eabi/7.3.1/../../../arm-none-eabi/lib/thumb/v7-m/libc.a(lib_a-ctype_.o)
 .debug_aranges
                0x0000000000001168       0x20 /usr/lib/gcc/arm-none-eabi/7.3.1/../../../arm-none-eabi/lib/thumb/v7-m/libc.a(lib_a-reent.o)
 .debug_aranges
                0x0000000000001188       0x20 /usr/lib/gcc/arm-none-eabi/7.3.1/thumb/v7-m/libgcc.a(_arm_unorddf2.o)

.debug_ranges   0x0000000000000000     0x10e0
 .debug_ranges  0x0000000000000000       0x30 app/src/rtos.o
 .debug_ranges  0x0000000000000030       0xb0 app/src/lcd.o
 .debug_ranges  0x00000000000000e0       0x20 app/src/dacc_lib.o
 .debug_ranges  0x0000000000000100       0xc0 app/src/rtos_task.o
 .debug_ranges  0x00000000000001c0       0xd0 app/src/bord.o
 .debug_ranges  0x0000000000000290       0x18 app/src/main.o
 .debug_ranges  0x00000000000002a8       0x38 app/src/uart_handler.o
 .debug_ranges  0x00000000000002e0       0x20 app/src/fifo.o
 .debug_ranges  0x0000000000000300       0x20 asf/sam/utils/cmsis/sam3x/source/templates/system_sam3x.o
 .debug_ranges  0x0000000000000320       0x10 asf/sam/utils/cmsis/sam3x/source/templates/exceptions.o
 .debug_ranges  0x0000000000000330       0x10 asf/sam/utils/cmsis/sam3x/source/templates/gcc/startup_sam3x.o
 .debug_ranges  0x0000000000000340       0x88 asf/common/services/clock/sam3x/sysclk.o
 .debug_ranges  0x00000000000003c8       0x50 asf/sam/utils/syscalls/gcc/syscalls.o
 .debug_ranges  0x0000000000000418      0x1f0 asf/sam/drivers/pmc/pmc.o
 .debug_ranges  0x0000000000000608      0x138 asf/sam/drivers/pio/pio.o
 .debug_ranges  0x0000000000000740       0x10 asf/common/services/delay/sam/cycle_counter.o
 .debug_ranges  0x0000000000000750      0x168 asf/sam/drivers/adc/adc.o
 .debug_ranges  0x00000000000008b8       0xc0 asf/sam/drivers/tc/tc.o
 .debug_ranges  0x0000000000000978       0xd8 asf/sam/drivers/uart/uart.o
 .debug_ranges  0x0000000000000a50       0xb0 asf/sam/drivers/dacc/dacc.o
 .debug_ranges  0x0000000000000b00       0x20 /usr/lib/gcc/arm-none-eabi/7.3.1/../../../arm-none-eabi/lib/thumb/v7-m/libm.a(lib_a-e_rem_pio2.o)